<pre class="sh_sh">
$ dmesg
Linux version 2.6.22 (2.6.22-6.lenny1) (root@c7-silent-1) (gcc version 4.2.3 (Debian 4.2.3-1)) #1 PREEMPT Fri Feb 15 12:44:24 EST 2008
BIOS-provided physical RAM map:
 BIOS-e820: 0000000000000000 - 000000000009f800 (usable)
 BIOS-e820: 000000000009f800 - 00000000000a0000 (reserved)
 BIOS-e820: 00000000000f0000 - 0000000000100000 (reserved)
 BIOS-e820: 0000000000100000 - 000000003bff0000 (usable)
 BIOS-e820: 000000003bff0000 - 000000003bff3000 (ACPI NVS)
 BIOS-e820: 000000003bff3000 - 000000003c000000 (ACPI data)
 BIOS-e820: 00000000fec00000 - 00000000fec01000 (reserved)
 BIOS-e820: 00000000fee00000 - 00000000fee01000 (reserved)
 BIOS-e820: 00000000ffff0000 - 0000000100000000 (reserved)
63MB HIGHMEM available.
896MB LOWMEM available.
Entering add_active_range(0, 0, 245744) 0 entries of 256 used
Zone PFN ranges:
  DMA             0 ->     4096
  Normal       4096 ->   229376
  HighMem    229376 ->   245744
early_node_map[1] active PFN ranges
    0:        0 ->   245744
On node 0 totalpages: 245744
  DMA zone: 32 pages used for memmap
  DMA zone: 0 pages reserved
  DMA zone: 4064 pages, LIFO batch:0
  Normal zone: 1760 pages used for memmap
  Normal zone: 223520 pages, LIFO batch:31
  HighMem zone: 127 pages used for memmap
  HighMem zone: 16241 pages, LIFO batch:3
DMI not present or invalid.
ACPI: RSDP 000F7970, 0014 (r0 P4M80P)
ACPI: RSDT 3BFF3040, 0028 (r1 P4M80P AWRDACPI 42302E31 AWRD        0)
ACPI: FACP 3BFF30C0, 0074 (r1 P4M80P AWRDACPI 42302E31 AWRD        0)
ACPI: DSDT 3BFF3180, 4AF2 (r1 P4M80P AWRDACPI     1000 MSFT  100000E)
ACPI: FACS 3BFF0000, 0040
ACPI: PM-Timer IO Port: 0x408
Allocating PCI resources starting at 40000000 (gap: 3c000000:c2c00000)
Built 1 zonelists.  Total pages: 243825
Kernel command line: root=/dev/mapper/c7--silent--1-root ro 
Enabling fast FPU save and restore... done.
Enabling unmasked SIMD FPU exception support... done.
Initializing CPU#0
PID hash table entries: 4096 (order: 12, 16384 bytes)
Detected 1197.021 MHz processor.
Console: colour VGA+ 80x25
Dentry cache hash table entries: 131072 (order: 7, 524288 bytes)
Inode-cache hash table entries: 65536 (order: 6, 262144 bytes)
Memory: 965892k/982976k available (1630k kernel code, 16408k reserved, 592k data, 188k init, 65472k highmem)
virtual kernel memory layout:
    fixmap  : 0xfffeb000 - 0xfffff000   (  80 kB)
    pkmap   : 0xff800000 - 0xffc00000   (4096 kB)
    vmalloc : 0xf8800000 - 0xff7fe000   ( 111 MB)
    lowmem  : 0xc0000000 - 0xf8000000   ( 896 MB)
      .init : 0xc032e000 - 0xc035d000   ( 188 kB)
      .data : 0xc02978a9 - 0xc032b984   ( 592 kB)
      .text : 0xc0100000 - 0xc02978a9   (1630 kB)
Checking if this processor honours the WP bit even in supervisor mode... Ok.
Calibrating delay using timer specific routine.. 2395.93 BogoMIPS (lpj=1197965)
Security Framework v1.0.0 initialized
SELinux:  Disabled at boot.
Capability LSM initialized
Mount-cache hash table entries: 512
CPU: After generic identify, caps: a7c9bbff 00000000 00000000 00000000 00000181 00000000 00000000
CPU: L1 I Cache: 64K (64 bytes/line), D cache 64K (64 bytes/line)
CPU: L2 Cache: 128K (64 bytes/line)
CPU: After all inits, caps: 27c9bbff 00000000 00000000 00000000 00000181 00003fcc 00000000
Compat vDSO mapped to ffffe000.
CPU: Centaur VIA Esther processor 1200MHz stepping 09
Checking 'hlt' instruction... OK.
ACPI: Core revision 20070126
ACPI: setting ELCR to 0200 (from 0e20)
NET: Registered protocol family 16
ACPI: bus type pci registered
PCI: PCI BIOS revision 2.10 entry at 0xf93b0, last bus=1
PCI: Using configuration type 1
Setting up standard PCI resources
ACPI: Interpreter enabled
ACPI: (supports S0 S1 S4 S5)
ACPI: Using PIC for interrupt routing
ACPI: PCI Root Bridge [PCI0] (0000:00)
PCI: Probing PCI hardware (bus 00)
ACPI: PCI Interrupt Routing Table [\_SB_.PCI0._PRT]
ACPI: PCI Interrupt Link [LNKA] (IRQs 3 4 6 7 10 11 12) *5
ACPI: PCI Interrupt Link [LNKB] (IRQs 3 4 6 7 10 *11 12)
ACPI: PCI Interrupt Link [LNKC] (IRQs 3 4 6 7 *10 11 12)
ACPI: PCI Interrupt Link [LNKD] (IRQs 3 4 6 7 10 11 12) *0, disabled.
ACPI: PCI Interrupt Link [LNKE] (IRQs 3 4 6 7 10 11 12) *0, disabled.
ACPI: PCI Interrupt Link [LNKF] (IRQs 3 4 6 7 10 11 12) *0, disabled.
ACPI: PCI Interrupt Link [LNK0] (IRQs 3 4 6 7 10 11 12) *0, disabled.
ACPI: PCI Interrupt Link [LNK1] (IRQs 3 4 6 7 10 11 12) *0, disabled.
ACPI: PCI Interrupt Link [ALKA] (IRQs *20)
ACPI: PCI Interrupt Link [ALKB] (IRQs *21)
ACPI: PCI Interrupt Link [ALKC] (IRQs *22)
ACPI: PCI Interrupt Link [ALKD] (IRQs *23), disabled.
Linux Plug and Play Support v0.97 (c) Adam Belay
pnp: PnP ACPI init
ACPI: bus type pnp registered
pnp: PnP ACPI: found 12 devices
ACPI: ACPI bus type pnp unregistered
PnPBIOS: Disabled by ACPI PNP
PCI: Using ACPI for IRQ routing
PCI: If a device doesn't work, try "pci=routeirq".  If it helps, post a report
NET: Registered protocol family 8
NET: Registered protocol family 20
ACPI: RTC can wake from S4
pnp: 00:00: iomem range 0xd0000-0xd3fff has been reserved
pnp: 00:00: iomem range 0xd9000-0xdbfff has been reserved
pnp: 00:00: iomem range 0xf0000-0xfbfff could not be reserved
pnp: 00:00: iomem range 0xfc000-0xfffff could not be reserved
pnp: 00:02: ioport range 0x400-0x47f has been reserved
pnp: 00:02: ioport range 0x500-0x50f has been reserved
Time: tsc clocksource has been installed.
PCI: Bridge: 0000:00:01.0
  IO window: b000-bfff
  MEM window: fb000000-fcffffff
  PREFETCH window: f4000000-f7ffffff
PCI: Setting latency timer of device 0000:00:01.0 to 64
NET: Registered protocol family 2
IP route cache hash table entries: 32768 (order: 5, 131072 bytes)
TCP established hash table entries: 131072 (order: 8, 1048576 bytes)
TCP bind hash table entries: 65536 (order: 6, 262144 bytes)
TCP: Hash tables configured (established 131072 bind 65536)
TCP reno registered
checking if image is initramfs...<6>Switched to high resolution mode on CPU 0
 it is
Freeing initrd memory: 5242k freed
audit: initializing netlink socket (disabled)
audit(1203110884.220:1): initialized
highmem bounce pool size: 64 pages
VFS: Disk quotas dquot_6.5.1
Dquot-cache hash table entries: 1024 (order 0, 4096 bytes)
io scheduler noop registered
io scheduler anticipatory registered
io scheduler deadline registered
io scheduler cfq registered (default)
PCI: VIA PCI bridge detected. Disabling DAC.
Boot video device is 0000:01:00.0
isapnp: Scanning for PnP cards...
isapnp: No Plug & Play device found
Serial: 8250/16550 driver $Revision: 1.90 $ 4 ports, IRQ sharing enabled
serial8250: ttyS0 at I/O 0x3f8 (irq = 4) is a 16550A
serial8250: ttyS1 at I/O 0x2f8 (irq = 3) is a 16550A
00:08: ttyS0 at I/O 0x3f8 (irq = 4) is a 16550A
00:09: ttyS1 at I/O 0x2f8 (irq = 3) is a 16550A
RAMDISK driver initialized: 16 RAM disks of 8192K size 1024 blocksize
PNP: PS/2 Controller [PNP0303:PS2K,PNP0f13:PS2M] at 0x60,0x64 irq 1,12
serio: i8042 KBD port at 0x60,0x64 irq 1
serio: i8042 AUX port at 0x60,0x64 irq 12
mice: PS/2 mouse device common for all mice
TCP bic registered
NET: Registered protocol family 1
NET: Registered protocol family 17
Using IPI Shortcut mode
Freeing unused kernel memory: 188k freed
input: AT Translated Set 2 keyboard as /class/input/input0
ACPI: Fan [FAN] (on)
ACPI: CPU0 (power states: C1[C1] C2[C2] C3[C3])
ACPI: Processor [CPU0] (supports 2 throttling states)
ACPI: Thermal Zone [THRM] (39 C)
ACPI: PCI Interrupt Link [LNKB] enabled at IRQ 11
PCI: setting IRQ 11 as level-triggered
ACPI: PCI Interrupt 0000:00:0d.0[A] -> Link [LNKB] -> GSI 11 (level, low) -> IRQ 11
SCSI subsystem initialized
libata version 2.21 loaded.
usbcore: registered new interface driver usbfs
usbcore: registered new interface driver hub
usbcore: registered new device driver usb
USB Universal Host Controller Interface driver v3.0
firewire_ohci: Added fw-ohci device 0000:00:0d.0, OHCI version 1.10
VIA Networking Velocity Family Gigabit Ethernet Adapter Driver Ver. 1.14
Copyright (c) 2002, 2003 VIA Networking Technologies, Inc.
Copyright (c) 2004 Red Hat Inc.
ACPI: PCI Interrupt Link [LNKC] enabled at IRQ 10
PCI: setting IRQ 10 as level-triggered
ACPI: PCI Interrupt 0000:00:0e.0[A] -> Link [LNKC] -> GSI 10 (level, low) -> IRQ 10
eth0: VIA Networking Velocity Family Gigabit Ethernet Adapter
eth0: Ethernet Address: 00:40:63:E9:99:7A
sata_via 0000:00:0f.0: version 2.2
ACPI: PCI Interrupt 0000:00:0f.0[B] -> Link [LNKB] -> GSI 11 (level, low) -> IRQ 11
sata_via 0000:00:0f.0: routed to hard irq line 11
scsi0 : sata_via
scsi1 : sata_via
ata1: SATA max UDMA/133 cmd 0x0001f400 ctl 0x0001f002 bmdma 0x0001e400 irq 11
ata2: SATA max UDMA/133 cmd 0x0001ec00 ctl 0x0001e802 bmdma 0x0001e408 irq 11
udev: renamed network interface eth0 to eth1
Marking TSC unstable due to: possible TSC halt in C2.
Time: acpi_pm clocksource has been installed.
ata1: SATA link down 1.5 Gbps (SStatus 0 SControl 300)
ata2: SATA link up 1.5 Gbps (SStatus 113 SControl 300)
firewire_core: created new fw device fw0 (0 config rom retries)
ata2.00: ATA-6: TOSHIBA MK1032GSX, AS026B, max UDMA/100
ata2.00: 195371568 sectors, multi 16: LBA48 NCQ (depth 0/32)
ata2.00: configured for UDMA/100
scsi 1:0:0:0: Direct-Access     ATA      TOSHIBA MK1032GS AS02 PQ: 0 ANSI: 5
Uniform Multi-Platform E-IDE driver Revision: 7.00alpha2
ide: Assuming 33MHz system bus speed for PIO modes; override with idebus=xx
VP_IDE: IDE controller at PCI slot 0000:00:0f.1
ACPI: PCI Interrupt Link [LNKA] enabled at IRQ 11
ACPI: PCI Interrupt 0000:00:0f.1[A] -> Link [LNKA] -> GSI 11 (level, low) -> IRQ 11
PCI: VIA VLink IRQ fixup for 0000:00:0f.1, from 255 to 11
VP_IDE: chipset revision 6
VP_IDE: not 100% native mode: will probe irqs later
VP_IDE: VIA vt8237 (rev 00) IDE UDMA133 controller on pci0000:00:0f.1
    ide0: BM-DMA at 0xdc00-0xdc07, BIOS settings: hda:pio, hdb:pio
    ide1: BM-DMA at 0xdc08-0xdc0f, BIOS settings: hdc:pio, hdd:pio
Probing IDE interface ide0...
Clocksource tsc unstable (delta = -201383214 ns)
Probing IDE interface ide1...
ACPI: PCI Interrupt 0000:00:10.0[A] -> Link [LNKA] -> GSI 11 (level, low) -> IRQ 11
PCI: VIA VLink IRQ fixup for 0000:00:10.0, from 5 to 11
uhci_hcd 0000:00:10.0: UHCI Host Controller
uhci_hcd 0000:00:10.0: new USB bus registered, assigned bus number 1
uhci_hcd 0000:00:10.0: irq 11, io base 0x0000d800
usb usb1: configuration #1 chosen from 1 choice
hub 1-0:1.0: USB hub found
hub 1-0:1.0: 2 ports detected
ACPI: PCI Interrupt 0000:00:10.1[A] -> Link [LNKA] -> GSI 11 (level, low) -> IRQ 11
PCI: VIA VLink IRQ fixup for 0000:00:10.1, from 5 to 11
uhci_hcd 0000:00:10.1: UHCI Host Controller
uhci_hcd 0000:00:10.1: new USB bus registered, assigned bus number 2
uhci_hcd 0000:00:10.1: irq 11, io base 0x0000d400
usb usb2: configuration #1 chosen from 1 choice
hub 2-0:1.0: USB hub found
hub 2-0:1.0: 2 ports detected
ACPI: PCI Interrupt 0000:00:10.2[B] -> Link [LNKB] -> GSI 11 (level, low) -> IRQ 11
uhci_hcd 0000:00:10.2: UHCI Host Controller
uhci_hcd 0000:00:10.2: new USB bus registered, assigned bus number 3
uhci_hcd 0000:00:10.2: irq 11, io base 0x0000d000
usb usb3: configuration #1 chosen from 1 choice
hub 3-0:1.0: USB hub found
hub 3-0:1.0: 2 ports detected
ACPI: PCI Interrupt 0000:00:10.4[C] -> Link [LNKC] -> GSI 10 (level, low) -> IRQ 10
ehci_hcd 0000:00:10.4: EHCI Host Controller
ehci_hcd 0000:00:10.4: new USB bus registered, assigned bus number 4
ehci_hcd 0000:00:10.4: irq 10, io mem 0xfdffd000
ehci_hcd 0000:00:10.4: USB 2.0 started, EHCI 1.00, driver 10 Dec 2004
usb usb4: configuration #1 chosen from 1 choice
hub 4-0:1.0: USB hub found
hub 4-0:1.0: 6 ports detected
sd 1:0:0:0: [sda] 195371568 512-byte hardware sectors (100030 MB)
sd 1:0:0:0: [sda] Write Protect is off
sd 1:0:0:0: [sda] Mode Sense: 00 3a 00 00
sd 1:0:0:0: [sda] Write cache: enabled, read cache: enabled, doesn't support DPO or FUA
sd 1:0:0:0: [sda] 195371568 512-byte hardware sectors (100030 MB)
sd 1:0:0:0: [sda] Write Protect is off
sd 1:0:0:0: [sda] Mode Sense: 00 3a 00 00
sd 1:0:0:0: [sda] Write cache: enabled, read cache: enabled, doesn't support DPO or FUA
 sda: sda1 sda2 < sda5 >
sd 1:0:0:0: [sda] Attached SCSI disk
device-mapper: ioctl: 4.11.0-ioctl (2006-10-12) initialised: dm-devel@redhat.com
Attempting manual resume
kjournald starting.  Commit interval 5 seconds
EXT3-fs: mounted filesystem with ordered data mode.
Linux agpgart interface v0.102 (c) Dave Jones
agpgart: Detected VIA VT3314 chipset
agpgart: AGP aperture is 128M @ 0xe8000000
Linux video capture interface: v2.00
ivtv:  ==================== START INIT IVTV ===============
ivtv:  version 1.0.0 (2.6.22 preempt mod_unload VIAC7 ) loading
ivtv0: Autodetected Hauppauge card (cx23416 based)
ACPI: PCI Interrupt 0000:00:14.0[A] -> Link [LNKB] -> GSI 11 (level, low) -> IRQ 11
ivtv0: Unreasonably low latency timer, setting to 64 (was 32)
pci_hotplug: PCI Hot Plug PCI Core version: 0.5
Real Time Clock Driver v1.12ac
input: PC Speaker as /class/input/input1
ivtv0: unable to open firmware v4l-cx2341x-enc.fw (must be 376836 bytes)
ivtv0: did you put the firmware in the hotplug firmware directory?
ivtv0: Retry loading firmware
input: ImPS/2 Logitech Wheel Mouse as /class/input/input2
ivtv0: unable to open firmware v4l-cx2341x-enc.fw (must be 376836 bytes)
ivtv0: did you put the firmware in the hotplug firmware directory?
ivtv0: Error initializing firmware
ivtv0: Error -19 on initialization
ivtv:  ====================  END INIT IVTV  ===============
shpchp: Standard Hot Plug PCI Controller Driver version: 0.4
ACPI: PCI Interrupt 0000:00:11.5[C] -> Link [LNKC] -> GSI 10 (level, low) -> IRQ 10
PCI: Setting latency timer of device 0000:00:11.5 to 64
EXT3 FS on dm-0, internal journal
loop: module loaded
VIA RNG detected
kjournald starting.  Commit interval 5 seconds
EXT3 FS on sda1, internal journal
EXT3-fs: mounted filesystem with ordered data mode.
kjournald starting.  Commit interval 5 seconds
EXT3 FS on dm-5, internal journal
EXT3-fs: mounted filesystem with ordered data mode.
kjournald starting.  Commit interval 5 seconds
EXT3 FS on dm-4, internal journal
EXT3-fs: mounted filesystem with ordered data mode.
kjournald starting.  Commit interval 5 seconds
EXT3 FS on dm-1, internal journal
EXT3-fs: mounted filesystem with ordered data mode.
kjournald starting.  Commit interval 5 seconds
EXT3 FS on dm-2, internal journal
EXT3-fs: mounted filesystem with ordered data mode.
Adding 2719736k swap on /dev/mapper/c7--silent--1-swap_1.  Priority:-1 extents:1 across:2719736k
Velocity is AUTO mode
eth1: Link auto-negotiation speed 100M bps full duplex
eps: Detected VIA Eden
eps: Current voltage = 860mV
eps: Current multiplier = 12
eps: Highest voltage = 860mV
eps: Highest multiplier = 12
eps: Lowest voltage = 844mV
eps: Lowest multiplier = 4
NET: Registered protocol family 10
lo: Disabled Privacy Extensions
input: Power Button (FF) as /class/input/input3
ACPI: Power Button (FF) [PWRF]
input: Power Button (CM) as /class/input/input4
ACPI: Power Button (CM) [PWRB]
input: Sleep Button (CM) as /class/input/input5
ACPI: Sleep Button (CM) [SLPB]
[drm] Initialized drm 1.1.0 20060810
ACPI: PCI Interrupt 0000:01:00.0[A] -> Link [LNKA] -> GSI 11 (level, low) -> IRQ 11
[drm] Initialized via 2.11.1 20070202 on minor 0
agpgart: Found an AGP 3.5 compliant device at 0000:00:00.0.
agpgart: Putting AGP V3 device at 0000:00:00.0 into 8x mode
agpgart: Putting AGP V3 device at 0000:01:00.0 into 8x mode
eth1: no IPv6 routers present
agpgart: Found an AGP 3.5 compliant device at 0000:00:00.0.
agpgart: Putting AGP V3 device at 0000:00:00.0 into 8x mode
agpgart: Putting AGP V3 device at 0000:01:00.0 into 8x mode
albertlash@c7-silent-1:~$ cat /proc/cpuinfo 
processor	: 0
vendor_id	: CentaurHauls
cpu family	: 6
model		: 10
model name	: VIA Esther processor 1200MHz
stepping	: 9
cpu MHz		: 399.004
cache size	: 128 KB
fdiv_bug	: no
hlt_bug		: no
f00f_bug	: no
coma_bug	: no
fpu		: yes
fpu_exception	: yes
cpuid level	: 1
wp		: yes
flags		: fpu vme de pse tsc msr pae mce cx8 apic sep mtrr pge cmov pat clflush acpi mmx fxsr sse sse2 tm pni est tm2 rng rng_en ace ace_en ace2 ace2_en phe phe_en pmm pmm_en
bogomips	: 798.64
clflush size	: 64

albertlash@c7-silent-1:~$ 
albertlash@c7-silent-1:~$ dmesg
Linux version 2.6.22 (2.6.22-6.lenny1) (root@c7-silent-1) (gcc version 4.2.3 (Debian 4.2.3-1)) #1 PREEMPT Fri Feb 15 12:44:24 EST 2008
BIOS-provided physical RAM map:
 BIOS-e820: 0000000000000000 - 000000000009f800 (usable)
 BIOS-e820: 000000000009f800 - 00000000000a0000 (reserved)
 BIOS-e820: 00000000000f0000 - 0000000000100000 (reserved)
 BIOS-e820: 0000000000100000 - 000000003bff0000 (usable)
 BIOS-e820: 000000003bff0000 - 000000003bff3000 (ACPI NVS)
 BIOS-e820: 000000003bff3000 - 000000003c000000 (ACPI data)
 BIOS-e820: 00000000fec00000 - 00000000fec01000 (reserved)
 BIOS-e820: 00000000fee00000 - 00000000fee01000 (reserved)
 BIOS-e820: 00000000ffff0000 - 0000000100000000 (reserved)
63MB HIGHMEM available.
896MB LOWMEM available.
Entering add_active_range(0, 0, 245744) 0 entries of 256 used
Zone PFN ranges:
  DMA             0 ->     4096
  Normal       4096 ->   229376
  HighMem    229376 ->   245744
early_node_map[1] active PFN ranges
    0:        0 ->   245744
On node 0 totalpages: 245744
  DMA zone: 32 pages used for memmap
  DMA zone: 0 pages reserved
  DMA zone: 4064 pages, LIFO batch:0
  Normal zone: 1760 pages used for memmap
  Normal zone: 223520 pages, LIFO batch:31
  HighMem zone: 127 pages used for memmap
  HighMem zone: 16241 pages, LIFO batch:3
DMI not present or invalid.
ACPI: RSDP 000F7970, 0014 (r0 P4M80P)
ACPI: RSDT 3BFF3040, 0028 (r1 P4M80P AWRDACPI 42302E31 AWRD        0)
ACPI: FACP 3BFF30C0, 0074 (r1 P4M80P AWRDACPI 42302E31 AWRD        0)
ACPI: DSDT 3BFF3180, 4AF2 (r1 P4M80P AWRDACPI     1000 MSFT  100000E)
ACPI: FACS 3BFF0000, 0040
ACPI: PM-Timer IO Port: 0x408
Allocating PCI resources starting at 40000000 (gap: 3c000000:c2c00000)
Built 1 zonelists.  Total pages: 243825
Kernel command line: root=/dev/mapper/c7--silent--1-root ro 
Enabling fast FPU save and restore... done.
Enabling unmasked SIMD FPU exception support... done.
Initializing CPU#0
PID hash table entries: 4096 (order: 12, 16384 bytes)
Detected 1197.021 MHz processor.
Console: colour VGA+ 80x25
Dentry cache hash table entries: 131072 (order: 7, 524288 bytes)
Inode-cache hash table entries: 65536 (order: 6, 262144 bytes)
Memory: 965892k/982976k available (1630k kernel code, 16408k reserved, 592k data, 188k init, 65472k highmem)
virtual kernel memory layout:
    fixmap  : 0xfffeb000 - 0xfffff000   (  80 kB)
    pkmap   : 0xff800000 - 0xffc00000   (4096 kB)
    vmalloc : 0xf8800000 - 0xff7fe000   ( 111 MB)
    lowmem  : 0xc0000000 - 0xf8000000   ( 896 MB)
      .init : 0xc032e000 - 0xc035d000   ( 188 kB)
      .data : 0xc02978a9 - 0xc032b984   ( 592 kB)
      .text : 0xc0100000 - 0xc02978a9   (1630 kB)
Checking if this processor honours the WP bit even in supervisor mode... Ok.
Calibrating delay using timer specific routine.. 2395.93 BogoMIPS (lpj=1197965)
Security Framework v1.0.0 initialized
SELinux:  Disabled at boot.
Capability LSM initialized
Mount-cache hash table entries: 512
CPU: After generic identify, caps: a7c9bbff 00000000 00000000 00000000 00000181 00000000 00000000
CPU: L1 I Cache: 64K (64 bytes/line), D cache 64K (64 bytes/line)
CPU: L2 Cache: 128K (64 bytes/line)
CPU: After all inits, caps: 27c9bbff 00000000 00000000 00000000 00000181 00003fcc 00000000
Compat vDSO mapped to ffffe000.
CPU: Centaur VIA Esther processor 1200MHz stepping 09
Checking 'hlt' instruction... OK.
ACPI: Core revision 20070126
ACPI: setting ELCR to 0200 (from 0e20)
NET: Registered protocol family 16
ACPI: bus type pci registered
PCI: PCI BIOS revision 2.10 entry at 0xf93b0, last bus=1
PCI: Using configuration type 1
Setting up standard PCI resources
ACPI: Interpreter enabled
ACPI: (supports S0 S1 S4 S5)
ACPI: Using PIC for interrupt routing
ACPI: PCI Root Bridge [PCI0] (0000:00)
PCI: Probing PCI hardware (bus 00)
ACPI: PCI Interrupt Routing Table [\_SB_.PCI0._PRT]
ACPI: PCI Interrupt Link [LNKA] (IRQs 3 4 6 7 10 11 12) *5
ACPI: PCI Interrupt Link [LNKB] (IRQs 3 4 6 7 10 *11 12)
ACPI: PCI Interrupt Link [LNKC] (IRQs 3 4 6 7 *10 11 12)
ACPI: PCI Interrupt Link [LNKD] (IRQs 3 4 6 7 10 11 12) *0, disabled.
ACPI: PCI Interrupt Link [LNKE] (IRQs 3 4 6 7 10 11 12) *0, disabled.
ACPI: PCI Interrupt Link [LNKF] (IRQs 3 4 6 7 10 11 12) *0, disabled.
ACPI: PCI Interrupt Link [LNK0] (IRQs 3 4 6 7 10 11 12) *0, disabled.
ACPI: PCI Interrupt Link [LNK1] (IRQs 3 4 6 7 10 11 12) *0, disabled.
ACPI: PCI Interrupt Link [ALKA] (IRQs *20)
ACPI: PCI Interrupt Link [ALKB] (IRQs *21)
ACPI: PCI Interrupt Link [ALKC] (IRQs *22)
ACPI: PCI Interrupt Link [ALKD] (IRQs *23), disabled.
Linux Plug and Play Support v0.97 (c) Adam Belay
pnp: PnP ACPI init
ACPI: bus type pnp registered
pnp: PnP ACPI: found 12 devices
ACPI: ACPI bus type pnp unregistered
PnPBIOS: Disabled by ACPI PNP
PCI: Using ACPI for IRQ routing
PCI: If a device doesn't work, try "pci=routeirq".  If it helps, post a report
NET: Registered protocol family 8
NET: Registered protocol family 20
ACPI: RTC can wake from S4
pnp: 00:00: iomem range 0xd0000-0xd3fff has been reserved
pnp: 00:00: iomem range 0xd9000-0xdbfff has been reserved
pnp: 00:00: iomem range 0xf0000-0xfbfff could not be reserved
pnp: 00:00: iomem range 0xfc000-0xfffff could not be reserved
pnp: 00:02: ioport range 0x400-0x47f has been reserved
pnp: 00:02: ioport range 0x500-0x50f has been reserved
Time: tsc clocksource has been installed.
PCI: Bridge: 0000:00:01.0
  IO window: b000-bfff
  MEM window: fb000000-fcffffff
  PREFETCH window: f4000000-f7ffffff
PCI: Setting latency timer of device 0000:00:01.0 to 64
NET: Registered protocol family 2
IP route cache hash table entries: 32768 (order: 5, 131072 bytes)
TCP established hash table entries: 131072 (order: 8, 1048576 bytes)
TCP bind hash table entries: 65536 (order: 6, 262144 bytes)
TCP: Hash tables configured (established 131072 bind 65536)
TCP reno registered
checking if image is initramfs...<6>Switched to high resolution mode on CPU 0
 it is
Freeing initrd memory: 5242k freed
audit: initializing netlink socket (disabled)
audit(1203110884.220:1): initialized
highmem bounce pool size: 64 pages
VFS: Disk quotas dquot_6.5.1
Dquot-cache hash table entries: 1024 (order 0, 4096 bytes)
io scheduler noop registered
io scheduler anticipatory registered
io scheduler deadline registered
io scheduler cfq registered (default)
PCI: VIA PCI bridge detected. Disabling DAC.
Boot video device is 0000:01:00.0
isapnp: Scanning for PnP cards...
isapnp: No Plug & Play device found
Serial: 8250/16550 driver $Revision: 1.90 $ 4 ports, IRQ sharing enabled
serial8250: ttyS0 at I/O 0x3f8 (irq = 4) is a 16550A
serial8250: ttyS1 at I/O 0x2f8 (irq = 3) is a 16550A
00:08: ttyS0 at I/O 0x3f8 (irq = 4) is a 16550A
00:09: ttyS1 at I/O 0x2f8 (irq = 3) is a 16550A
RAMDISK driver initialized: 16 RAM disks of 8192K size 1024 blocksize
PNP: PS/2 Controller [PNP0303:PS2K,PNP0f13:PS2M] at 0x60,0x64 irq 1,12
serio: i8042 KBD port at 0x60,0x64 irq 1
serio: i8042 AUX port at 0x60,0x64 irq 12
mice: PS/2 mouse device common for all mice
TCP bic registered
NET: Registered protocol family 1
NET: Registered protocol family 17
Using IPI Shortcut mode
Freeing unused kernel memory: 188k freed
input: AT Translated Set 2 keyboard as /class/input/input0
ACPI: Fan [FAN] (on)
ACPI: CPU0 (power states: C1[C1] C2[C2] C3[C3])
ACPI: Processor [CPU0] (supports 2 throttling states)
ACPI: Thermal Zone [THRM] (39 C)
ACPI: PCI Interrupt Link [LNKB] enabled at IRQ 11
PCI: setting IRQ 11 as level-triggered
ACPI: PCI Interrupt 0000:00:0d.0[A] -> Link [LNKB] -> GSI 11 (level, low) -> IRQ 11
SCSI subsystem initialized
libata version 2.21 loaded.
usbcore: registered new interface driver usbfs
usbcore: registered new interface driver hub
usbcore: registered new device driver usb
USB Universal Host Controller Interface driver v3.0
firewire_ohci: Added fw-ohci device 0000:00:0d.0, OHCI version 1.10
VIA Networking Velocity Family Gigabit Ethernet Adapter Driver Ver. 1.14
Copyright (c) 2002, 2003 VIA Networking Technologies, Inc.
Copyright (c) 2004 Red Hat Inc.
ACPI: PCI Interrupt Link [LNKC] enabled at IRQ 10
PCI: setting IRQ 10 as level-triggered
ACPI: PCI Interrupt 0000:00:0e.0[A] -> Link [LNKC] -> GSI 10 (level, low) -> IRQ 10
eth0: VIA Networking Velocity Family Gigabit Ethernet Adapter
eth0: Ethernet Address: 00:40:63:E9:99:7A
sata_via 0000:00:0f.0: version 2.2
ACPI: PCI Interrupt 0000:00:0f.0[B] -> Link [LNKB] -> GSI 11 (level, low) -> IRQ 11
sata_via 0000:00:0f.0: routed to hard irq line 11
scsi0 : sata_via
scsi1 : sata_via
ata1: SATA max UDMA/133 cmd 0x0001f400 ctl 0x0001f002 bmdma 0x0001e400 irq 11
ata2: SATA max UDMA/133 cmd 0x0001ec00 ctl 0x0001e802 bmdma 0x0001e408 irq 11
udev: renamed network interface eth0 to eth1
Marking TSC unstable due to: possible TSC halt in C2.
Time: acpi_pm clocksource has been installed.
ata1: SATA link down 1.5 Gbps (SStatus 0 SControl 300)
ata2: SATA link up 1.5 Gbps (SStatus 113 SControl 300)
firewire_core: created new fw device fw0 (0 config rom retries)
ata2.00: ATA-6: TOSHIBA MK1032GSX, AS026B, max UDMA/100
ata2.00: 195371568 sectors, multi 16: LBA48 NCQ (depth 0/32)
ata2.00: configured for UDMA/100
scsi 1:0:0:0: Direct-Access     ATA      TOSHIBA MK1032GS AS02 PQ: 0 ANSI: 5
Uniform Multi-Platform E-IDE driver Revision: 7.00alpha2
ide: Assuming 33MHz system bus speed for PIO modes; override with idebus=xx
VP_IDE: IDE controller at PCI slot 0000:00:0f.1
ACPI: PCI Interrupt Link [LNKA] enabled at IRQ 11
ACPI: PCI Interrupt 0000:00:0f.1[A] -> Link [LNKA] -> GSI 11 (level, low) -> IRQ 11
PCI: VIA VLink IRQ fixup for 0000:00:0f.1, from 255 to 11
VP_IDE: chipset revision 6
VP_IDE: not 100% native mode: will probe irqs later
VP_IDE: VIA vt8237 (rev 00) IDE UDMA133 controller on pci0000:00:0f.1
    ide0: BM-DMA at 0xdc00-0xdc07, BIOS settings: hda:pio, hdb:pio
    ide1: BM-DMA at 0xdc08-0xdc0f, BIOS settings: hdc:pio, hdd:pio
Probing IDE interface ide0...
Clocksource tsc unstable (delta = -201383214 ns)
Probing IDE interface ide1...
ACPI: PCI Interrupt 0000:00:10.0[A] -> Link [LNKA] -> GSI 11 (level, low) -> IRQ 11
PCI: VIA VLink IRQ fixup for 0000:00:10.0, from 5 to 11
uhci_hcd 0000:00:10.0: UHCI Host Controller
uhci_hcd 0000:00:10.0: new USB bus registered, assigned bus number 1
uhci_hcd 0000:00:10.0: irq 11, io base 0x0000d800
usb usb1: configuration #1 chosen from 1 choice
hub 1-0:1.0: USB hub found
hub 1-0:1.0: 2 ports detected
ACPI: PCI Interrupt 0000:00:10.1[A] -> Link [LNKA] -> GSI 11 (level, low) -> IRQ 11
PCI: VIA VLink IRQ fixup for 0000:00:10.1, from 5 to 11
uhci_hcd 0000:00:10.1: UHCI Host Controller
uhci_hcd 0000:00:10.1: new USB bus registered, assigned bus number 2
uhci_hcd 0000:00:10.1: irq 11, io base 0x0000d400
usb usb2: configuration #1 chosen from 1 choice
hub 2-0:1.0: USB hub found
hub 2-0:1.0: 2 ports detected
ACPI: PCI Interrupt 0000:00:10.2[B] -> Link [LNKB] -> GSI 11 (level, low) -> IRQ 11
uhci_hcd 0000:00:10.2: UHCI Host Controller
uhci_hcd 0000:00:10.2: new USB bus registered, assigned bus number 3
uhci_hcd 0000:00:10.2: irq 11, io base 0x0000d000
usb usb3: configuration #1 chosen from 1 choice
hub 3-0:1.0: USB hub found
hub 3-0:1.0: 2 ports detected
ACPI: PCI Interrupt 0000:00:10.4[C] -> Link [LNKC] -> GSI 10 (level, low) -> IRQ 10
ehci_hcd 0000:00:10.4: EHCI Host Controller
ehci_hcd 0000:00:10.4: new USB bus registered, assigned bus number 4
ehci_hcd 0000:00:10.4: irq 10, io mem 0xfdffd000
ehci_hcd 0000:00:10.4: USB 2.0 started, EHCI 1.00, driver 10 Dec 2004
usb usb4: configuration #1 chosen from 1 choice
hub 4-0:1.0: USB hub found
hub 4-0:1.0: 6 ports detected
sd 1:0:0:0: [sda] 195371568 512-byte hardware sectors (100030 MB)
sd 1:0:0:0: [sda] Write Protect is off
sd 1:0:0:0: [sda] Mode Sense: 00 3a 00 00
sd 1:0:0:0: [sda] Write cache: enabled, read cache: enabled, doesn't support DPO or FUA
sd 1:0:0:0: [sda] 195371568 512-byte hardware sectors (100030 MB)
sd 1:0:0:0: [sda] Write Protect is off
sd 1:0:0:0: [sda] Mode Sense: 00 3a 00 00
sd 1:0:0:0: [sda] Write cache: enabled, read cache: enabled, doesn't support DPO or FUA
 sda: sda1 sda2 < sda5 >
sd 1:0:0:0: [sda] Attached SCSI disk
device-mapper: ioctl: 4.11.0-ioctl (2006-10-12) initialised: dm-devel@redhat.com
Attempting manual resume
kjournald starting.  Commit interval 5 seconds
EXT3-fs: mounted filesystem with ordered data mode.
Linux agpgart interface v0.102 (c) Dave Jones
agpgart: Detected VIA VT3314 chipset
agpgart: AGP aperture is 128M @ 0xe8000000
Linux video capture interface: v2.00
ivtv:  ==================== START INIT IVTV ===============
ivtv:  version 1.0.0 (2.6.22 preempt mod_unload VIAC7 ) loading
ivtv0: Autodetected Hauppauge card (cx23416 based)
ACPI: PCI Interrupt 0000:00:14.0[A] -> Link [LNKB] -> GSI 11 (level, low) -> IRQ 11
ivtv0: Unreasonably low latency timer, setting to 64 (was 32)
pci_hotplug: PCI Hot Plug PCI Core version: 0.5
Real Time Clock Driver v1.12ac
input: PC Speaker as /class/input/input1
ivtv0: unable to open firmware v4l-cx2341x-enc.fw (must be 376836 bytes)
ivtv0: did you put the firmware in the hotplug firmware directory?
ivtv0: Retry loading firmware
input: ImPS/2 Logitech Wheel Mouse as /class/input/input2
ivtv0: unable to open firmware v4l-cx2341x-enc.fw (must be 376836 bytes)
ivtv0: did you put the firmware in the hotplug firmware directory?
ivtv0: Error initializing firmware
ivtv0: Error -19 on initialization
ivtv:  ====================  END INIT IVTV  ===============
shpchp: Standard Hot Plug PCI Controller Driver version: 0.4
ACPI: PCI Interrupt 0000:00:11.5[C] -> Link [LNKC] -> GSI 10 (level, low) -> IRQ 10
PCI: Setting latency timer of device 0000:00:11.5 to 64
EXT3 FS on dm-0, internal journal
loop: module loaded
VIA RNG detected
kjournald starting.  Commit interval 5 seconds
EXT3 FS on sda1, internal journal
EXT3-fs: mounted filesystem with ordered data mode.
kjournald starting.  Commit interval 5 seconds
EXT3 FS on dm-5, internal journal
EXT3-fs: mounted filesystem with ordered data mode.
kjournald starting.  Commit interval 5 seconds
EXT3 FS on dm-4, internal journal
EXT3-fs: mounted filesystem with ordered data mode.
kjournald starting.  Commit interval 5 seconds
EXT3 FS on dm-1, internal journal
EXT3-fs: mounted filesystem with ordered data mode.
kjournald starting.  Commit interval 5 seconds
EXT3 FS on dm-2, internal journal
EXT3-fs: mounted filesystem with ordered data mode.
Adding 2719736k swap on /dev/mapper/c7--silent--1-swap_1.  Priority:-1 extents:1 across:2719736k
Velocity is AUTO mode
eth1: Link auto-negotiation speed 100M bps full duplex
eps: Detected VIA Eden
eps: Current voltage = 860mV
eps: Current multiplier = 12
eps: Highest voltage = 860mV
eps: Highest multiplier = 12
eps: Lowest voltage = 844mV
eps: Lowest multiplier = 4
NET: Registered protocol family 10
lo: Disabled Privacy Extensions
input: Power Button (FF) as /class/input/input3
ACPI: Power Button (FF) [PWRF]
input: Power Button (CM) as /class/input/input4
ACPI: Power Button (CM) [PWRB]
input: Sleep Button (CM) as /class/input/input5
ACPI: Sleep Button (CM) [SLPB]
[drm] Initialized drm 1.1.0 20060810
ACPI: PCI Interrupt 0000:01:00.0[A] -> Link [LNKA] -> GSI 11 (level, low) -> IRQ 11
[drm] Initialized via 2.11.1 20070202 on minor 0
agpgart: Found an AGP 3.5 compliant device at 0000:00:00.0.
agpgart: Putting AGP V3 device at 0000:00:00.0 into 8x mode
agpgart: Putting AGP V3 device at 0000:01:00.0 into 8x mode
eth1: no IPv6 routers present
agpgart: Found an AGP 3.5 compliant device at 0000:00:00.0.
agpgart: Putting AGP V3 device at 0000:00:00.0 into 8x mode
agpgart: Putting AGP V3 device at 0000:01:00.0 into 8x mode
</pre>
