This was captured from pfSense: 

<pre class="sh_sh">
pfSense:~#  dmesg
Copyright (c) 1992-2007 The FreeBSD Project.
Copyright (c) 1979, 1980, 1983, 1986, 1988, 1989, 1991, 1992, 1993, 1994
        The Regents of the University of California. All rights reserved.
FreeBSD is a registered trademark of The FreeBSD Foundation.
FreeBSD 6.2-RELEASE-p7 #0: Fri Aug 17 18:16:30 EDT 2007
    sullrich@builder6.pfsense.com:/usr/obj.pfSense/usr/src/sys/pfSense_wrap.6
Timecounter "i8254" frequency 1193182 Hz quality 0
CPU: VIA C3 Ezra (400.91-MHz 686-class CPU)
  Origin = "CentaurHauls"  Id = 0x67a  Stepping = 10
  Features=0x803035<FPU,DE,TSC,MSR,MTRR,PGE,MMX>
real memory  = 259981312 (247 MB)
avail memory = 244994048 (233 MB)
wlan: mac acl policy registered
ath_hal: 0.9.17.2 (AR5210, AR5211, AR5212, RF5111, RF5112, RF2413, RF5413)
cpu0 on motherboard
pcib0: <Host to PCI bridge> pcibus 0 on motherboard
pir0: <PCI Interrupt Routing Table: 10 Entries> on motherboard
pci0: <PCI bus> on pcib0
pcib1: <PCI-PCI bridge> at device 1.0 on pci0
pci1: <PCI bus> on pcib1
pci1: <display, VGA> at device 0.0 (no driver attached)
isab0: <PCI-ISA bridge> at device 7.0 on pci0
isa0: <ISA bus> on isab0
atapci0: <VIA 82C686B UDMA100 controller> port 0x1f0-0x1f7,0x3f6,0x170-0x177,0x376,0xfc00-0xfc0f at device 7.1 on pci0
ata0: <ATA channel 0> on atapci0
ata1: <ATA channel 1> on atapci0
uhci0: <VIA 83C572 USB controller> port 0xe800-0xe81f irq 10 at device 7.2 on pci0
uhci0: [GIANT-LOCKED]
usb0: <VIA 83C572 USB controller> on uhci0
usb0: USB revision 1.0
uhub0: VIA UHCI root hub, class 9/0, rev 1.00/1.00, addr 1
uhub0: 2 ports with 2 removable, self powered
uhci1: <VIA 83C572 USB controller> port 0xec00-0xec1f irq 10 at device 7.3 on pci0
uhci1: [GIANT-LOCKED]
usb1: <VIA 83C572 USB controller> on uhci1
usb1: USB revision 1.0
uhub1: VIA UHCI root hub, class 9/0, rev 1.00/1.00, addr 1
uhub1: 2 ports with 2 removable, self powered
pci0: <bridge> at device 7.4 (no driver attached)
sis0: <NatSemi DP8381[56] 10/100BaseTX> port 0xe400-0xe4ff mem 0xdffff000-0xdfffffff irq 11 at device 8.0 on pci0
sis0: Silicon Revision: DP83816A
miibus0: <MII bus> on sis0
ukphy0: <Generic IEEE 802.3u media interface> on miibus0
ukphy0:  10baseT, 10baseT-FDX, 100baseTX, 100baseTX-FDX, auto
sis0: Ethernet address: 00:02:b6:15:96:72
sis1: <NatSemi DP8381[56] 10/100BaseTX> port 0xe000-0xe0ff mem 0xdfffe000-0xdfffefff irq 5 at device 9.0 on pci0
sis1: Silicon Revision: DP83816A
miibus1: <MII bus> on sis1
ukphy1: <Generic IEEE 802.3u media interface> on miibus1
ukphy1:  10baseT, 10baseT-FDX, 100baseTX, 100baseTX-FDX, auto
sis1: Ethernet address: 00:02:b6:15:96:70
sis2: <NatSemi DP8381[56] 10/100BaseTX> port 0xdc00-0xdcff mem 0xdfffd000-0xdfffdfff irq 6 at device 10.0 on pci0
sis2: Silicon Revision: DP83816A
miibus2: <MII bus> on sis2
ukphy2: <Generic IEEE 802.3u media interface> on miibus2
ukphy2:  10baseT, 10baseT-FDX, 100baseTX, 100baseTX-FDX, auto
sis2: Ethernet address: 00:02:b6:15:96:71
orm0: <ISA Option ROM> at iomem 0xc0000-0xcbfff on isa0
ppc0: parallel port not found.
sio0 at port 0x3f8-0x3ff irq 4 flags 0x30 on isa0
sio0: type 16550A, console
sio1 at port 0x2f8-0x2ff irq 3 on isa0
sio1: type 16550A
unknown: <PNP0c01> can't assign resources (memory)
speaker0: <PC speaker> at port 0x61 on isa0
unknown: <PNP0501> can't assign resources (port)
unknown: <PNP0501> can't assign resources (port)
Timecounter "TSC" frequency 400912341 Hz quality 800
Timecounters tick every 10.000 msec
Fast IPsec: Initialized Security Association Processing.
ad2: 122MB <TRANSCEND 2.0> at ata1-master PIO4
GEOM_LABEL: Label for provider ad2a is ufs/pfSense.
GEOM_LABEL: Label for provider ad2d is ufs/pfSenseCfg.
Trying to mount root from ufs:/dev/ufs/pfSense
sis0: link state changed to DOWN
sis1: link state changed to DOWN
sis2: link state changed to DOWN
pflog0: promiscuous mode enabled
sis2: link state changed to UP
Copyright (c) 1992-2007 The FreeBSD Project.
Copyright (c) 1979, 1980, 1983, 1986, 1988, 1989, 1991, 1992, 1993, 1994
        The Regents of the University of California. All rights reserved.
FreeBSD is a registered trademark of The FreeBSD Foundation.
FreeBSD 6.2-RELEASE-p7 #0: Fri Aug 17 18:16:30 EDT 2007
    sullrich@builder6.pfsense.com:/usr/obj.pfSense/usr/src/sys/pfSense_wrap.6
Timecounter "i8254" frequency 1193182 Hz quality 0
CPU: VIA C3 Ezra (400.91-MHz 686-class CPU)
  Origin = "CentaurHauls"  Id = 0x67a  Stepping = 10
  Features=0x803035<FPU,DE,TSC,MSR,MTRR,PGE,MMX>
real memory  = 259981312 (247 MB)
avail memory = 244994048 (233 MB)
wlan: mac acl policy registered
ath_hal: 0.9.17.2 (AR5210, AR5211, AR5212, RF5111, RF5112, RF2413, RF5413)
cpu0 on motherboard
pcib0: <Host to PCI bridge> pcibus 0 on motherboard
pir0: <PCI Interrupt Routing Table: 10 Entries> on motherboard
pci0: <PCI bus> on pcib0
pcib1: <PCI-PCI bridge> at device 1.0 on pci0
pci1: <PCI bus> on pcib1
pci1: <display, VGA> at device 0.0 (no driver attached)
isab0: <PCI-ISA bridge> at device 7.0 on pci0
isa0: <ISA bus> on isab0
atapci0: <VIA 82C686B UDMA100 controller> port 0x1f0-0x1f7,0x3f6,0x170-0x177,0x376,0xfc00-0xfc0f at device 7.1 on pci0
ata0: <ATA channel 0> on atapci0
ata1: <ATA channel 1> on atapci0
uhci0: <VIA 83C572 USB controller> port 0xe800-0xe81f irq 10 at device 7.2 on pci0
uhci0: [GIANT-LOCKED]
usb0: <VIA 83C572 USB controller> on uhci0
usb0: USB revision 1.0
uhub0: VIA UHCI root hub, class 9/0, rev 1.00/1.00, addr 1
uhub0: 2 ports with 2 removable, self powered
uhci1: <VIA 83C572 USB controller> port 0xec00-0xec1f irq 10 at device 7.3 on pci0
uhci1: [GIANT-LOCKED]
usb1: <VIA 83C572 USB controller> on uhci1
usb1: USB revision 1.0
uhub1: VIA UHCI root hub, class 9/0, rev 1.00/1.00, addr 1
uhub1: 2 ports with 2 removable, self powered
pci0: <bridge> at device 7.4 (no driver attached)
sis0: <NatSemi DP8381[56] 10/100BaseTX> port 0xe400-0xe4ff mem 0xdffff000-0xdfffffff irq 11 at device 8.0 on pci0
sis0: Silicon Revision: DP83816A
miibus0: <MII bus> on sis0
ukphy0: <Generic IEEE 802.3u media interface> on miibus0
ukphy0:  10baseT, 10baseT-FDX, 100baseTX, 100baseTX-FDX, auto
sis0: Ethernet address: 00:02:b6:15:96:72
sis1: <NatSemi DP8381[56] 10/100BaseTX> port 0xe000-0xe0ff mem 0xdfffe000-0xdfffefff irq 5 at device 9.0 on pci0
sis1: Silicon Revision: DP83816A
miibus1: <MII bus> on sis1
ukphy1: <Generic IEEE 802.3u media interface> on miibus1
ukphy1:  10baseT, 10baseT-FDX, 100baseTX, 100baseTX-FDX, auto
sis1: Ethernet address: 00:02:b6:15:96:70
sis2: <NatSemi DP8381[56] 10/100BaseTX> port 0xdc00-0xdcff mem 0xdfffd000-0xdfffdfff irq 6 at device 10.0 on pci0
sis2: Silicon Revision: DP83816A
miibus2: <MII bus> on sis2
ukphy2: <Generic IEEE 802.3u media interface> on miibus2
ukphy2:  10baseT, 10baseT-FDX, 100baseTX, 100baseTX-FDX, auto
sis2: Ethernet address: 00:02:b6:15:96:71
orm0: <ISA Option ROM> at iomem 0xc0000-0xcbfff on isa0
ppc0: parallel port not found.
sio0 at port 0x3f8-0x3ff irq 4 flags 0x30 on isa0
sio0: type 16550A, console
sio1 at port 0x2f8-0x2ff irq 3 on isa0
sio1: type 16550A
unknown: <PNP0c01> can't assign resources (memory)
speaker0: <PC speaker> at port 0x61 on isa0
unknown: <PNP0501> can't assign resources (port)
unknown: <PNP0501> can't assign resources (port)
Timecounter "TSC" frequency 400912293 Hz quality 800
Timecounters tick every 10.000 msec
Fast IPsec: Initialized Security Association Processing.
ad2: 122MB <TRANSCEND 2.0> at ata1-master PIO4
GEOM_LABEL: Label for provider ad2a is ufs/pfSense.
GEOM_LABEL: Label for provider ad2d is ufs/pfSenseCfg.
Trying to mount root from ufs:/dev/ufs/pfSense
sis0: link state changed to DOWN
sis1: link state changed to DOWN
sis2: link state changed to UP
sis0: link state changed to UP
pflog0: promiscuous mode enabled
sis2: link state changed to DOWN
pflog0: promiscuous mode disabled
pflog0: promiscuous mode enabled
PadLock: No ACE support.
module_register_init: MOD_LOAD (padlock, 0xc240a464, 0) error 22
</pre>

## Related Pages

* [[Via]]
