<pre>
  Movable zone: 0 pages used for memmap
ACPI: PM-Timer IO Port: 0x1008
ACPI: Local APIC address 0xfee00000
ACPI: LAPIC (acpi_id[0x00] lapic_id[0x00] enabled)
Processor #0 (Bootup-CPU)
ACPI: LAPIC (acpi_id[0x01] lapic_id[0x01] enabled)
Processor #1
ACPI: LAPIC_NMI (acpi_id[0x00] high edge lint[0x1])
ACPI: LAPIC_NMI (acpi_id[0x01] high edge lint[0x1])
ACPI: IOAPIC (id[0x02] address[0xfec00000] gsi_base[0])
IOAPIC[0]: apic_id 2, address 0xfec00000, GSI 0-23
ACPI: INT_SRC_OVR (bus 0 bus_irq 0 global_irq 2 high edge)
ACPI: INT_SRC_OVR (bus 0 bus_irq 9 global_irq 9 high level)
ACPI: IRQ0 used by override.
ACPI: IRQ2 used by override.
ACPI: IRQ9 used by override.
Setting APIC routing to flat
ACPI: HPET id: 0x8086a201 base: 0xfed00000
Using ACPI (MADT) for SMP configuration information
swsusp: Registered nosave memory region: 000000000009f000 - 00000000000a0000
swsusp: Registered nosave memory region: 00000000000a0000 - 00000000000d2000
swsusp: Registered nosave memory region: 00000000000d2000 - 00000000000d4000
swsusp: Registered nosave memory region: 00000000000d4000 - 00000000000e0000
swsusp: Registered nosave memory region: 00000000000e0000 - 0000000000100000
Allocating PCI resources starting at 50000000 (gap: 40000000:a0000000)
SMP: Allowing 2 CPUs, 0 hotplug CPUs
PERCPU: Allocating 34400 bytes of per cpu data
Built 1 zonelists in Node order, mobility grouping on.  Total pages: 255077
Policy zone: DMA32
Kernel command line: root=UUID=b8f1ad99-fc71-4c38-a653-db8c5f6e5f88 ro quiet
Initializing CPU#0
PID hash table entries: 4096 (order: 12, 32768 bytes)
Extended CMOS year: 2000
hpet clockevent registered
TSC calibrated against HPET
Marking TSC unstable due to TSCs unsynchronized
time.c: Detected 1728.991 MHz processor.
Console: colour VGA+ 80x25
console [tty0] enabled
Checking aperture...
Calgary: detecting Calgary via BIOS EBDA area
Calgary: Unable to locate Rio Grande table in EBDA - bailing!
Memory: 1012784k/1039168k available (2144k kernel code, 25996k reserved, 1006k data, 316k init)
Calibrating delay using timer specific routine.. 3461.84 BogoMIPS (lpj=6923686)
Security Framework initialized
SELinux:  Disabled at boot.
Capability LSM initialized
Dentry cache hash table entries: 131072 (order: 8, 1048576 bytes)
Inode-cache hash table entries: 65536 (order: 7, 524288 bytes)
Mount-cache hash table entries: 256
Initializing cgroup subsys ns
Initializing cgroup subsys cpuacct
CPU: L1 I cache: 32K, L1 D cache: 32K
CPU: L2 cache: 1024K
CPU 0/0 -> Node 0
using mwait in idle threads.
CPU: Physical Processor ID: 0
CPU: Processor Core ID: 0
CPU0: Thermal monitoring handled by SMI
SMP alternatives: switching to UP code
ACPI: Core revision 20070126
Using local APIC timer interrupts.
APIC timer calibration result 8312452
Detected 8.312 MHz APIC timer.
SMP alternatives: switching to SMP code
Booting processor 1/2 APIC 0x1
Initializing CPU#1
Calibrating delay using timer specific routine.. 3457.95 BogoMIPS (lpj=6915906)
CPU: L1 I cache: 32K, L1 D cache: 32K
CPU: L2 cache: 1024K
CPU 1/1 -> Node 0
CPU: Physical Processor ID: 0
CPU: Processor Core ID: 1
CPU1: Thermal monitoring enabled (TM2)
Intel(R) Pentium(R) Dual  CPU  T2370  @ 1.73GHz stepping 0d
Brought up 2 CPUs
net_namespace: 120 bytes
NET: Registered protocol family 16
ACPI: bus type pci registered
PCI: Using MMCONFIG at e0000000 - efffffff
ACPI: EC: Look up EC in DSDT
ACPI: BIOS _OSI(Linux) query ignored via DMI
ACPI: If "acpi_osi=Linux" works better, please notify linux-acpi@vger.kernel.org
ACPI: Interpreter enabled
ACPI: (supports S0 S3 S4 S5)
ACPI: Using IOAPIC for interrupt routing
ACPI: EC: GPE = 0x17, I/O: command/status = 0x66, data = 0x62
ACPI: EC: driver started in poll mode
ACPI: PCI Root Bridge [PCI0] (0000:00)
PCI quirk: region 1000-107f claimed by ICH6 ACPI/GPIO/TCO
PCI quirk: region 1180-11bf claimed by ICH6 GPIO
PCI: Transparent bridge - 0000:00:1e.0
ACPI: PCI Interrupt Routing Table [\_SB_.PCI0._PRT]
ACPI: PCI Interrupt Routing Table [\_SB_.PCI0.RP01._PRT]
ACPI: PCI Interrupt Routing Table [\_SB_.PCI0.RP02._PRT]
ACPI: PCI Interrupt Routing Table [\_SB_.PCI0.RP03._PRT]
ACPI: PCI Interrupt Routing Table [\_SB_.PCI0.PCIB._PRT]
ACPI: PCI Interrupt Link [LNKA] (IRQs 10 *11)
ACPI: PCI Interrupt Link [LNKB] (IRQs 10 *11)
ACPI: PCI Interrupt Link [LNKC] (IRQs 10 *11)
ACPI: PCI Interrupt Link [LNKD] (IRQs 10 *11)
ACPI: PCI Interrupt Link [LNKE] (IRQs 10 *11)
ACPI: PCI Interrupt Link [LNKF] (IRQs 10 *11)
ACPI: PCI Interrupt Link [LNKG] (IRQs 10 *11)
ACPI: PCI Interrupt Link [LNKH] (IRQs 10 *11)
Linux Plug and Play Support v0.97 (c) Adam Belay
pnp: PnP ACPI init
ACPI: bus type pnp registered
pnp 00:00: Plug and Play ACPI device, IDs PNP0a08 PNP0a03 (active)
pnp 00:01: Plug and Play ACPI device, IDs PNP0c02 (active)
ACPI: EC: non-query interrupt received, switching to interrupt mode
pnp 00:02: Plug and Play ACPI device, IDs PNP0303 (active)
pnp 00:03: Plug and Play ACPI device, IDs SYN0302 SYN0300 SYN0002 PNP0f13 (active)
pnp 00:04: Plug and Play ACPI device, IDs PNP0200 (active)
pnp 00:05: Plug and Play ACPI device, IDs INT0800 (active)
pnp 00:06: Plug and Play ACPI device, IDs PNP0103 PNP0c01 (active)
pnp 00:07: Plug and Play ACPI device, IDs PNP0c04 (active)
pnp 00:08: Plug and Play ACPI device, IDs PNP0c02 (active)
pnp 00:09: Plug and Play ACPI device, IDs PNP0b00 (active)
pnp 00:0a: Plug and Play ACPI device, IDs NSC6001 (disabled)
pnp: PnP ACPI: found 11 devices
ACPI: ACPI bus type pnp unregistered
usbcore: registered new interface driver usbfs
usbcore: registered new interface driver hub
usbcore: registered new device driver usb
PCI: Using ACPI for IRQ routing
PCI: If a device doesn't work, try "pci=routeirq".  If it helps, post a report
NET: Registered protocol family 8
NET: Registered protocol family 20
PCI-GART: No AMD northbridge found.
hpet0: at MMIO 0xfed00000, IRQs 2, 8, 0
hpet0: 3 64-bit timers, 14318180 Hz
ACPI: RTC can wake from S4
Time: hpet clocksource has been installed.
Switched to high resolution mode on CPU 0
Switched to high resolution mode on CPU 1
pnp: the driver 'system' has been registered
system 00:01: iomem range 0xfed1c000-0xfed1ffff could not be reserved
system 00:01: iomem range 0xfed14000-0xfed17fff could not be reserved
system 00:01: iomem range 0xfed18000-0xfed18fff could not be reserved
system 00:01: iomem range 0xfed19000-0xfed19fff could not be reserved
system 00:01: iomem range 0xe0000000-0xefffffff could not be reserved
system 00:01: iomem range 0xfed20000-0xfed3ffff could not be reserved
system 00:01: iomem range 0xfed45000-0xfed8ffff could not be reserved
system 00:01: driver attached
system 00:06: iomem range 0xfed00000-0xfed003ff could not be reserved
system 00:06: driver attached
system 00:08: ioport range 0x800-0x80f has been reserved
system 00:08: ioport range 0x1000-0x107f has been reserved
system 00:08: ioport range 0x1180-0x11bf has been reserved
system 00:08: ioport range 0xfe00-0xfe00 has been reserved
system 00:08: iomem range 0xff800000-0xff800fff could not be reserved
system 00:08: driver attached
PCI: Bridge: 0000:00:1c.0
  IO window: 2000-2fff
  MEM window: f6000000-f7ffffff
  PREFETCH window: f0000000-f1ffffff
PCI: Bridge: 0000:00:1c.1
  IO window: 3000-3fff
  MEM window: f8000000-f9ffffff
  PREFETCH window: f2000000-f3ffffff
PCI: Bridge: 0000:00:1c.2
  IO window: 4000-4fff
  MEM window: fa000000-fbffffff
  PREFETCH window: f4000000-f5ffffff
PCI: Bus 16, cardbus bridge: 0000:0f:06.0
  IO window: 00001400-000014ff
  IO window: 00005000-000050ff
  PREFETCH window: 54000000-57ffffff
  MEM window: 58000000-5bffffff
PCI: Bridge: 0000:00:1e.0
  IO window: disabled.
  MEM window: fc200000-fc2fffff
  PREFETCH window: disabled.
ACPI: PCI Interrupt 0000:00:1c.0[A] -> GSI 16 (level, low) -> IRQ 16
PCI: Setting latency timer of device 0000:00:1c.0 to 64
ACPI: PCI Interrupt 0000:00:1c.1[B] -> GSI 17 (level, low) -> IRQ 17
PCI: Setting latency timer of device 0000:00:1c.1 to 64
ACPI: PCI Interrupt 0000:00:1c.2[C] -> GSI 18 (level, low) -> IRQ 18
PCI: Setting latency timer of device 0000:00:1c.2 to 64
PCI: Setting latency timer of device 0000:00:1e.0 to 64
ACPI: PCI Interrupt 0000:0f:06.0[A] -> GSI 22 (level, low) -> IRQ 22
NET: Registered protocol family 2
IP route cache hash table entries: 32768 (order: 6, 262144 bytes)
TCP established hash table entries: 131072 (order: 9, 2097152 bytes)
TCP bind hash table entries: 65536 (order: 8, 1048576 bytes)
TCP: Hash tables configured (established 131072 bind 65536)
TCP reno registered
checking if image is initramfs... it is
Freeing initrd memory: 7340k freed
Simple Boot Flag at 0x36 set to 0x1
audit: initializing netlink socket (disabled)
audit(1217976352.468:1): initialized
Total HugeTLB memory allocated, 0
VFS: Disk quotas dquot_6.5.1
Dquot-cache hash table entries: 512 (order 0, 4096 bytes)
io scheduler noop registered
io scheduler anticipatory registered
io scheduler deadline registered
io scheduler cfq registered (default)
Boot video device is 0000:00:02.0
PCI: Setting latency timer of device 0000:00:1c.0 to 64
assign_interrupt_mode Found MSI capability
Allocate Port Service[0000:00:1c.0:pcie00]
Allocate Port Service[0000:00:1c.0:pcie02]
Allocate Port Service[0000:00:1c.0:pcie03]
PCI: Setting latency timer of device 0000:00:1c.1 to 64
assign_interrupt_mode Found MSI capability
Allocate Port Service[0000:00:1c.1:pcie00]
Allocate Port Service[0000:00:1c.1:pcie02]
Allocate Port Service[0000:00:1c.1:pcie03]
PCI: Setting latency timer of device 0000:00:1c.2 to 64
assign_interrupt_mode Found MSI capability
Allocate Port Service[0000:00:1c.2:pcie00]
Allocate Port Service[0000:00:1c.2:pcie02]
Allocate Port Service[0000:00:1c.2:pcie03]
Real Time Clock Driver v1.12ac
hpet_resources: 0xfed00000 is busy
Linux agpgart interface v0.102
Serial: 8250/16550 driver $Revision: 1.90 $ 4 ports, IRQ sharing enabled
pnp: the driver 'serial' has been registered
RAMDISK driver initialized: 16 RAM disks of 65536K size 1024 blocksize
input: Macintosh mouse button emulation as /class/input/input0
pnp: the driver 'i8042 kbd' has been registered
i8042 kbd 00:02: driver attached
pnp: the driver 'i8042 aux' has been registered
i8042 aux 00:03: driver attached
PNP: PS/2 Controller [PNP0303:KBD0,PNP0f13:PS2M] at 0x60,0x64 irq 1,12
i8042.c: Detected active multiplexing controller, rev 1.1.
serio: i8042 KBD port at 0x60,0x64 irq 1
serio: i8042 AUX0 port at 0x60,0x64 irq 12
serio: i8042 AUX1 port at 0x60,0x64 irq 12
serio: i8042 AUX2 port at 0x60,0x64 irq 12
serio: i8042 AUX3 port at 0x60,0x64 irq 12
mice: PS/2 mouse device common for all mice
cpuidle: using governor ladder
cpuidle: using governor menu
TCP bic registered
NET: Registered protocol family 1
NET: Registered protocol family 17
registered taskstats version 1
Freeing unused kernel memory: 316k freed
input: AT Translated Set 2 keyboard as /class/input/input1
ACPI: SSDT 3F6D1A0F, 0238 (r1  PmRef  Cpu0Ist     3000 INTL 20050624)
ACPI: SSDT 3F6D136B, 061F (r1  PmRef  Cpu0Cst     3001 INTL 20050624)
Monitor-Mwait will be used to enter C-1 state
Monitor-Mwait will be used to enter C-2 state
ACPI: CPU0 (power states: C1[C1] C2[C2])
ACPI: Processor [CPU0] (supports 8 throttling states)
ACPI: SSDT 3F6D1C47, 00C8 (r1  PmRef  Cpu1Ist     3000 INTL 20050624)
ACPI: SSDT 3F6D198A, 0085 (r1  PmRef  Cpu1Cst     3000 INTL 20050624)
ACPI: CPU1 (power states: C1[C1] C2[C2])
ACPI: Processor [CPU1] (supports 8 throttling states)
ACPI: Thermal Zone [TZS0] (59 C)
ACPI: Thermal Zone [TZS1] (61 C)
USB Universal Host Controller Interface driver v3.0
ACPI: PCI Interrupt 0000:00:1a.0[A] -> GSI 20 (level, low) -> IRQ 20
PCI: Setting latency timer of device 0000:00:1a.0 to 64
uhci_hcd 0000:00:1a.0: UHCI Host Controller
uhci_hcd 0000:00:1a.0: new USB bus registered, assigned bus number 1
uhci_hcd 0000:00:1a.0: irq 20, io base 0x00001820
usb usb1: configuration #1 chosen from 1 choice
hub 1-0:1.0: USB hub found
hub 1-0:1.0: 2 ports detected
Uniform Multi-Platform E-IDE driver Revision: 7.00alpha2
ide: Assuming 33MHz system bus speed for PIO modes; override with idebus=xx
pnp: the driver 'ide' has been registered
ACPI: PCI Interrupt 0000:00:1a.1[B] -> GSI 21 (level, low) -> IRQ 21
PCI: Setting latency timer of device 0000:00:1a.1 to 64
uhci_hcd 0000:00:1a.1: UHCI Host Controller
uhci_hcd 0000:00:1a.1: new USB bus registered, assigned bus number 2
uhci_hcd 0000:00:1a.1: irq 21, io base 0x00001840
usb usb2: configuration #1 chosen from 1 choice
hub 2-0:1.0: USB hub found
hub 2-0:1.0: 2 ports detected
ACPI: PCI Interrupt 0000:00:1d.0[A] -> GSI 23 (level, low) -> IRQ 23
PCI: Setting latency timer of device 0000:00:1d.0 to 64
uhci_hcd 0000:00:1d.0: UHCI Host Controller
uhci_hcd 0000:00:1d.0: new USB bus registered, assigned bus number 3
uhci_hcd 0000:00:1d.0: irq 23, io base 0x00001860
usb usb3: configuration #1 chosen from 1 choice
hub 3-0:1.0: USB hub found
hub 3-0:1.0: 2 ports detected
ACPI: PCI Interrupt 0000:00:1d.1[B] -> GSI 17 (level, low) -> IRQ 17
PCI: Setting latency timer of device 0000:00:1d.1 to 64
uhci_hcd 0000:00:1d.1: UHCI Host Controller
uhci_hcd 0000:00:1d.1: new USB bus registered, assigned bus number 4
uhci_hcd 0000:00:1d.1: irq 17, io base 0x00001880
usb usb4: configuration #1 chosen from 1 choice
hub 4-0:1.0: USB hub found
hub 4-0:1.0: 2 ports detected
ACPI: PCI Interrupt 0000:00:1d.2[C] -> GSI 18 (level, low) -> IRQ 18
PCI: Setting latency timer of device 0000:00:1d.2 to 64
uhci_hcd 0000:00:1d.2: UHCI Host Controller
uhci_hcd 0000:00:1d.2: new USB bus registered, assigned bus number 5
uhci_hcd 0000:00:1d.2: irq 18, io base 0x000018a0
usb usb5: configuration #1 chosen from 1 choice
hub 5-0:1.0: USB hub found
hub 5-0:1.0: 2 ports detected
tg3.c:v3.86 (November 9, 2007)
ACPI: PCI Interrupt 0000:02:00.0[A] -> GSI 16 (level, low) -> IRQ 16
PCI: Setting latency timer of device 0000:02:00.0 to 64
eth0: Tigon3 [partno(BCM95787m) rev b002 PHY(5787)] (PCI Express) 10/100/1000Base-T Ethernet 00:1d:72:2b:32:0c
eth0: RXcsums[1] LinkChgREG[0] MIirq[0] ASF[0] WireSpeed[1] TSOcap[1]
eth0: dma_rwctrl[76180000] dma_mask[64-bit]
ACPI: PCI Interrupt 0000:00:1a.7[C] -> GSI 20 (level, low) -> IRQ 20
PCI: Setting latency timer of device 0000:00:1a.7 to 64
ehci_hcd 0000:00:1a.7: EHCI Host Controller
ehci_hcd 0000:00:1a.7: new USB bus registered, assigned bus number 6
ehci_hcd 0000:00:1a.7: debug port 1
PCI: cache line size of 32 is not supported by device 0000:00:1a.7
ehci_hcd 0000:00:1a.7: irq 20, io mem 0xfc504000
ehci_hcd 0000:00:1a.7: USB 2.0 started, EHCI 1.00, driver 10 Dec 2004
usb usb6: configuration #1 chosen from 1 choice
hub 6-0:1.0: USB hub found
hub 6-0:1.0: 4 ports detected
ACPI: PCI Interrupt 0000:00:1d.7[A] -> GSI 23 (level, low) -> IRQ 23
PCI: Setting latency timer of device 0000:00:1d.7 to 64
ehci_hcd 0000:00:1d.7: EHCI Host Controller
ehci_hcd 0000:00:1d.7: new USB bus registered, assigned bus number 7
ehci_hcd 0000:00:1d.7: debug port 1
PCI: cache line size of 32 is not supported by device 0000:00:1d.7
ehci_hcd 0000:00:1d.7: irq 23, io mem 0xfc504400
ehci_hcd 0000:00:1d.7: USB 2.0 started, EHCI 1.00, driver 10 Dec 2004
usb usb7: configuration #1 chosen from 1 choice
hub 7-0:1.0: USB hub found
hub 7-0:1.0: 6 ports detected
ACPI: PCI Interrupt 0000:0f:06.1[A] -> GSI 22 (level, low) -> IRQ 22
SCSI subsystem initialized
libata version 3.00 loaded.
firewire_ohci: Added fw-ohci device 0000:0f:06.1, OHCI version 1.10
ICH8M: IDE controller (0x8086:0x2850 rev 0x03) at  PCI slot 0000:00:1f.1
ACPI: PCI Interrupt 0000:00:1f.1[A] -> GSI 19 (level, low) -> IRQ 19
ICH8M: not 100% native mode: will probe irqs later
    ide0: BM-DMA at 0x1810-0x1817, BIOS settings: hda:DMA, hdb:pio
    ide1: BM-DMA at 0x1818-0x181f, BIOS settings: hdc:pio, hdd:pio
Probing IDE interface ide0...
firewire_core: created new fw device fw0 (0 config rom retries, S400)
hda: HL-DT-ST DVDRAM GSA-T20N, ATAPI CD/DVD-ROM drive
hda: host max PIO4 wanted PIO255(auto-tune) selected PIO4
hda: UDMA/33 mode selected
ide0 at 0x1f0-0x1f7,0x3f6 on irq 14
Probing IDE interface ide1...
ata_piix 0000:00:1f.2: version 2.12
ata_piix 0000:00:1f.2: MAP [ P0 P2 P1 P3 ]
ACPI: PCI Interrupt 0000:00:1f.2[B] -> GSI 19 (level, low) -> IRQ 19
PCI: Setting latency timer of device 0000:00:1f.2 to 64
scsi0 : ata_piix
scsi1 : ata_piix
ata1: SATA max UDMA/133 cmd 0x1c00 ctl 0x18f4 bmdma 0x18e0 irq 19
ata2: SATA max UDMA/133 cmd 0x18f8 ctl 0x18f0 bmdma 0x18e8 irq 19
ata1.00: ATA-8: Hitachi HTS542512K9SA00, BB2OC31P, max UDMA/133
ata1.00: 234441648 sectors, multi 16: LBA48 NCQ (depth 0/32)
ata1.00: configured for UDMA/133
scsi 0:0:0:0: Direct-Access     ATA      Hitachi HTS54251 BB2O PQ: 0 ANSI: 5
hda: ATAPI 24X DVD-ROM DVD-R-RAM CD-R/RW drive, 2048kB Cache
Uniform CD-ROM driver Revision: 3.20
Driver 'sd' needs updating - please use bus_type methods
sd 0:0:0:0: [sda] 234441648 512-byte hardware sectors (120034 MB)
sd 0:0:0:0: [sda] Write Protect is off
sd 0:0:0:0: [sda] Mode Sense: 00 3a 00 00
sd 0:0:0:0: [sda] Write cache: enabled, read cache: enabled, doesn't support DPO or FUA
sd 0:0:0:0: [sda] 234441648 512-byte hardware sectors (120034 MB)
sd 0:0:0:0: [sda] Write Protect is off
sd 0:0:0:0: [sda] Mode Sense: 00 3a 00 00
sd 0:0:0:0: [sda] Write cache: enabled, read cache: enabled, doesn't support DPO or FUA
 sda: sda1 sda2 sda3
sd 0:0:0:0: [sda] Attached SCSI disk
device-mapper: uevent: version 1.0.3
device-mapper: ioctl: 4.12.0-ioctl (2007-10-02) initialised: dm-devel@redhat.com
Attempting manual resume
swsusp: Marking nosave pages: 000000000009f000 - 0000000000100000
swsusp: Basic memory bitmaps created
swsusp: Basic memory bitmaps freed
kjournald starting.  Commit interval 5 seconds
EXT3-fs: mounted filesystem with ordered data mode.
agpgart: Detected an Intel 965GM Chipset.
agpgart: Detected 7676K stolen memory.
agpgart: AGP aperture is 256M @ 0xd0000000
input: Power Button (FF) as /class/input/input2
ACPI: Power Button (FF) [PWRF]
input: Lid Switch as /class/input/input3
ACPI: Lid Switch [LID0]
input: Sleep Button (CM) as /class/input/input4
ACPI: Sleep Button (CM) [SLPB]
input: Video Bus as /class/input/input5
ACPI: Video Device [GFX0] (multi-head: yes  rom: no  post: no)
ACPI: AC Adapter [ADP1] (on-line)
iTCO_wdt: Intel TCO WatchDog Timer Driver v1.02 (26-Jul-2007)
iTCO_wdt: Found a ICH8M TCO device (Version=2, TCOBASE=0x1060)
iTCO_wdt: initialized. heartbeat=30 sec (nowayout=0)
ACPI: Battery Slot [BAT0] (battery present)
Yenta: CardBus bridge found at 0000:0f:06.0 [1025:011f]
Yenta: Using CSCINT to route CSC interrupts to PCI
Yenta: Routing CardBus interrupts to PCI
Yenta TI: socket 0000:0f:06.0, mfunc 0x01aa1b22, devctl 0x64
input: PC Speaker as /class/input/input6
sdhci: Secure Digital Host Controller Interface driver
sdhci: Copyright(c) Pierre Ossman
Yenta: ISA IRQ mask 0x0cf8, PCI irq 22
Socket status: 30000006
Yenta: Raising subordinate bus# of parent bus (#0f) from #10 to #13
pcmcia: parent PCI bridge Memory window: 0xfc200000 - 0xfc2fffff
ACPI: PCI Interrupt 0000:0f:06.2[A] -> GSI 22 (level, low) -> IRQ 22
ACPI: PCI Interrupt 0000:00:1f.3[C] -> GSI 19 (level, low) -> IRQ 19
sdhci: SDHCI controller found at 0000:0f:06.3 [104c:803c] (rev 0)
ACPI: PCI Interrupt 0000:0f:06.3[A] -> GSI 22 (level, low) -> IRQ 22
mmc0: SDHCI at 0xfc206800 irq 22 PIO
irda_init()
NET: Registered protocol family 23
ACPI: PCI Interrupt 0000:04:00.0[A] -> GSI 17 (level, low) -> IRQ 17
PCI: Setting latency timer of device 0000:04:00.0 to 64
ath5k_pci 0000:04:00.0: registered as 'phy0'
ath5k phy0: failed to resume the MAC Chip
ACPI: PCI interrupt for device 0000:04:00.0 disabled
ath5k_pci: probe of 0000:04:00.0 failed with error -5
ACPI: PCI Interrupt 0000:00:1b.0[A] -> GSI 21 (level, low) -> IRQ 21
PCI: Setting latency timer of device 0000:00:1b.0 to 64
Synaptics Touchpad, model: 1, fw: 6.3, id: 0x12a0b1, caps: 0xa04711/0xa04000
hda_codec: Unknown model for ALC268, trying auto-probe from BIOS...
input: SynPS/2 Synaptics TouchPad as /class/input/input7
pnp: the driver 'nsc-ircc' has been registered
pnp: Res cnt 3
pnp: res cnt 3
pnp: Encode io
pnp: Encode irq
pnp: Encode dma
nsc-ircc 00:0a: activated
nsc_ircc_pnp_probe() : From PnP, found firbase 0x2F8 ; irq 3 ; dma 3.
nsc-ircc 00:0a: driver attached
nsc-ircc, chip->init
nsc-ircc, Found chip at base=0x02e
nsc-ircc, driver loaded (Dag Brattli)
IrDA: Registered device irda0
nsc-ircc, Found dongle: Supports SIR Mode only
nsc-ircc, chip->init
nsc-ircc, Found chip at base=0x02e
nsc-ircc, driver loaded (Dag Brattli)
nsc_ircc_open(), can't get iobase of 0x2f8
Adding 979956k swap on /dev/sda2.  Priority:-1 extents:1 across:979956k
EXT3 FS on sda1, internal journal
loop: module loaded
kjournald starting.  Commit interval 5 seconds
EXT3 FS on dm-0, internal journal
EXT3-fs: mounted filesystem with ordered data mode.
tg3: eth0: Link is up at 100 Mbps, full duplex.
tg3: eth0: Flow control is on for TX and on for RX.
pnp: the driver 'parport_pc' has been registered
lp: driver loaded but no devices found
ppdev: user-space parallel port driver
NET: Registered protocol family 10
lo: Disabled Privacy Extensions
pcmcia: Detected deprecated PCMCIA ioctl usage from process: discover.
pcmcia: This interface will soon be removed from the kernel; please expect breakage unless you upgrade to new tools.
pcmcia: see http://www.kernel.org/pub/linux/utils/kernel/pcmcia/pcmcia.html for details.
Bluetooth: Core ver 2.11
NET: Registered protocol family 31
Bluetooth: HCI device and connection manager initialized
Bluetooth: HCI socket layer initialized
Bluetooth: L2CAP ver 2.9
Bluetooth: L2CAP socket layer initialized
Bluetooth: RFCOMM socket layer initialized
Bluetooth: RFCOMM TTY layer initialized
Bluetooth: RFCOMM ver 1.8
[drm] Initialized drm 1.1.0 20060810
ACPI: PCI Interrupt 0000:00:02.0[A] -> GSI 16 (level, low) -> IRQ 16
PCI: Setting latency timer of device 0000:00:02.0 to 64
[drm] Initialized i915 1.6.0 20060119 on minor 0
eth0: no IPv6 routers present
</pre>