{"data":{"markdownRemark":{"html":"<p>I'm trying to get a cpufreq driver loaded for a Sempron 3000+ in an MSI K9VGM-V barebones to reduce power consumption. Doesn't look good, but I'm installing a new kernel from debian now. I keep getting the following errors:</p>\n<pre class=\"sh_sh\">powernow-k8: Power state transitions not supported</pre>\n<p>Darn, I'm convinced that this won't be working out as I planned, but still the machine is really nice. One thing I don't really like about the machine is the power supply. Luckily I had a SeaSonic lying around I'm using instead.</p>\n<pre class=\"sh_sh\">lspci\n00:00.0 Host bridge: VIA Technologies, Inc. K8M890CE Host Bridge\n00:00.1 Host bridge: VIA Technologies, Inc. K8M890CE Host Bridge\n00:00.2 Host bridge: VIA Technologies, Inc. K8M890CE Host Bridge\n00:00.3 Host bridge: VIA Technologies, Inc. K8M890CE Host Bridge\n00:00.4 Host bridge: VIA Technologies, Inc. K8M890CE Host Bridge\n00:00.5 PIC: VIA Technologies, Inc. K8M890CE I/O APIC Interrupt Controller\n00:00.7 Host bridge: VIA Technologies, Inc. K8M890CE Host Bridge\n00:01.0 PCI bridge: VIA Technologies, Inc. VT8237 PCI bridge [K8T800/K8T890 South]\n00:02.0 PCI bridge: VIA Technologies, Inc. K8T890 PCI to PCI Bridge Controller\n00:03.0 PCI bridge: VIA Technologies, Inc. K8T890 PCI to PCI Bridge Controller\n00:0f.0 RAID bus controller: VIA Technologies, Inc. VT8237A SATA 2-Port Controller (rev 80)\n00:0f.1 IDE interface: VIA Technologies, Inc. VT82C586A/B/VT82C686/A/B/VT823x/A/C PIPC Bus Master IDE (rev 07)\n00:10.0 USB Controller: VIA Technologies, Inc. VT82xxxxx UHCI USB 1.1 Controller (rev a0)\n00:10.1 USB Controller: VIA Technologies, Inc. VT82xxxxx UHCI USB 1.1 Controller (rev a0)\n00:10.2 USB Controller: VIA Technologies, Inc. VT82xxxxx UHCI USB 1.1 Controller (rev a0)\n00:10.3 USB Controller: VIA Technologies, Inc. VT82xxxxx UHCI USB 1.1 Controller (rev a0)\n00:10.4 USB Controller: VIA Technologies, Inc. USB 2.0 (rev 86)\n00:11.0 ISA bridge: VIA Technologies, Inc. VT8237A PCI to ISA Bridge\n00:11.7 Host bridge: VIA Technologies, Inc. VT8251 Ultra VLINK Controller\n00:12.0 Ethernet controller: VIA Technologies, Inc. VT6102 [Rhine-II] (rev 7c)\n00:13.0 Host bridge: VIA Technologies, Inc. VT8237A Host Bridge\n00:13.1 PCI bridge: VIA Technologies, Inc. VT8237A PCI to PCI Bridge\n00:18.0 Host bridge: Advanced Micro Devices [AMD] K8 [Athlon64/Opteron] HyperTransport Technology Configuration\n00:18.1 Host bridge: Advanced Micro Devices [AMD] K8 [Athlon64/Opteron] Address Map\n00:18.2 Host bridge: Advanced Micro Devices [AMD] K8 [Athlon64/Opteron] DRAM Controller\n00:18.3 Host bridge: Advanced Micro Devices [AMD] K8 [Athlon64/Opteron] Miscellaneous Control\n01:00.0 VGA compatible controller: VIA Technologies, Inc. Unknown device 3230 (rev 11)\n03:00.0 RAID bus controller: Silicon Image, Inc. SiI 3132 Serial ATA Raid II Controller (rev 01)\n04:04.0 RAID bus controller: Silicon Image, Inc. PCI0680 Ultra ATA-133 Host Controller (rev 02)\n04:05.0 Ethernet controller: Realtek Semiconductor Co., Ltd. RTL-8169 Gigabit Ethernet (rev 10)</pre>\n<p>dmesg output:</p>\n<pre>Bootdata ok (command line is root=/dev/md2 ro )\nLinux version 2.6.18-4-amd64 (Debian 2.6.18.dfsg.1-12etch2) (dannf@debian.org) (gcc version 4.1.2 20061115 (prerelease) (Debian 4.1.1-21)) #1 SMP Thu May 10 01:01:58 UTC 2007\nBIOS-provided physical RAM map: BIOS-e820: 0000000000000000 - 000000000009a000 (usable) BIOS-e820: 000000000009a000 - 00000000000a0000 (reserved) BIOS-e820: 00000000000f0000 - 0000000000100000 (reserved) BIOS-e820: 0000000000100000 - 000000007bef0000 (usable) BIOS-e820: 000000007bef0000 - 000000007bef3000 (ACPI NVS) BIOS-e820: 000000007bef3000 - 000000007bf00000 (ACPI data) BIOS-e820: 00000000e0000000 - 00000000f0000000 (reserved) BIOS-e820: 00000000fec00000 - 0000000100000000 (reserved)\nDMI 2.4 present.\nACPI: RSDP (v000 K8M890                                ) @ 0x00000000000f7ce0\nACPI: RSDT (v001 K8M890 AWRDACPI 0x42302e31 AWRD 0x00000000) @ 0x000000007bef3040\nACPI: FADT (v001 K8M890 AWRDACPI 0x42302e31 AWRD 0x00000000) @ 0x000000007bef30c0\nACPI: _HPT (v001 K8M890 AWRDACPI 0x42302e31 AWRD 0x00000098) @ 0x000000007befa080\nACPI: MCFG (v001 K8M890 AWRDACPI 0x42302e31 AWRD 0x00000000) @ 0x000000007befa100\nACPI: MADT (v001 K8M890 AWRDACPI 0x42302e31 AWRD 0x00000000) @ 0x000000007bef9fc0\nACPI: DSDT (v001 K8M890 AWRDACPI 0x00001000 MSFT 0x0100000e) @ 0x0000000000000000\nScanning NUMA topology in Northbridge 24\nNumber of nodes 1\nNode 0 MemBase 0000000000000000 Limit 000000007bef0000\nNUMA: Using 63 for the hash shift.\nUsing node hash shift of 63\nBootmem setup node 0 0000000000000000-000000007bef0000\nOn node 0 totalpages: 499688  DMA zone: 3036 pages, LIFO batch:0  DMA32 zone: 496652 pages, LIFO batch:31\nACPI: PM-Timer IO Port: 0x408\nACPI: Local APIC address 0xfee00000\nACPI: LAPIC (acpi_id[0x00] lapic_id[0x00] enabled)\nProcessor #0 15:15 APIC version 16\nACPI: LAPIC (acpi_id[0x01] lapic_id[0x01] disabled)\nACPI: LAPIC_NMI (acpi_id[0x00] high edge lint[0x1])\nACPI: LAPIC_NMI (acpi_id[0x01] high edge lint[0x1])\nACPI: IOAPIC (id[0x02] address[0xfec00000] gsi_base[0])\nIOAPIC[0]: apic_id 2, version 3, address 0xfec00000, GSI 0-23\nACPI: IOAPIC (id[0x03] address[0xfecc0000] gsi_base[24])\nIOAPIC[1]: apic_id 3, version 3, address 0xfecc0000, GSI 24-47\nACPI: INT_SRC_OVR (bus 0 bus_irq 0 global_irq 2 dfl dfl)\nACPI: INT_SRC_OVR (bus 0 bus_irq 9 global_irq 9 low level)\nACPI: IRQ0 used by override.\nACPI: IRQ2 used by override.\nACPI: IRQ9 used by override.\nSetting APIC routing to physical flat\nUsing ACPI (MADT) for SMP configuration information\nAllocating PCI resources starting at 80000000 (gap: 7bf00000:64100000)\nSMP: Allowing 2 CPUs, 1 hotplug CPUs\nBuilt 1 zonelists.  Total pages: 499688\nKernel command line: root=/dev/md2 ro\nInitializing CPU#0\nPID hash table entries: 4096 (order: 12, 32768 bytes)\ntime.c: Using 3.579545 MHz WALL PM GTOD PIT/TSC timer.\ntime.c: Detected 1600.006 MHz processor.\nConsole: colour VGA+ 80x25\nDentry cache hash table entries: 262144 (order: 9, 2097152 bytes)\nInode-cache hash table entries: 131072 (order: 8, 1048576 bytes)\nChecking aperture...\nCPU 0: aperture @ d0000000 size 128 MB\nMemory: 1990348k/2030528k available (1930k kernel code, 39772k reserved, 868k data, 176k init)\nCalibrating delay using timer specific routine.. 3202.05 BogoMIPS (lpj=6404109)\nSecurity Framework v1.0.0 initialized\nSELinux:  Disabled at boot.\nCapability LSM initialized\nMount-cache hash table entries: 256\nCPU: L1 I Cache: 64K (64 bytes/line), D cache 64K (64 bytes/line)\nCPU: L2 Cache: 256K (64 bytes/line)\nCPU 0/0 -> Node 0\nSMP alternatives: switching to UP code\nACPI: Core revision 20060707\nUsing local APIC timer interrupts.\nresult 12500062\nDetected 12.500 MHz APIC timer.\nBrought up 1 CPUs\ntesting NMI watchdog ... OK.\nmigration_cost=0\nchecking if image is initramfs... it is\nFreeing initrd memory: 5208k freed\nNET: Registered protocol family 16\nACPI: bus type pci registered\nPCI: Using MMCONFIG at e0000000\nPCI: No mmconfig possible on device 0:18\nACPI: Interpreter enabled\nACPI: Using IOAPIC for interrupt routing\nACPI: PCI Root Bridge [PCI0] (0000:00)\nPCI: Probing PCI hardware (bus 00)\nBoot video device is 0000:01:00.0\nPCI: Transparent bridge - 0000:00:13.1\nACPI: PCI Interrupt Routing Table [\\_SB_.PCI0._PRT]\nACPI: PCI Interrupt Routing Table [\\_SB_.PCI0.PEXG._PRT]\nACPI: PCI Interrupt Routing Table [\\_SB_.PCI0.PEX0._PRT]\nACPI: PCI Interrupt Routing Table [\\_SB_.PCI0.P2PB._PRT]\nACPI: PCI Interrupt Link [LNKA] (IRQs 3 4 6 *7 10 11 12)\nACPI: PCI Interrupt Link [LNKB] (IRQs 3 4 6 7 *10 11 12)\nACPI: PCI Interrupt Link [LNKC] (IRQs 3 4 6 7 10 11 12) *5\nACPI: PCI Interrupt Link [LNKD] (IRQs 3 4 6 7 10 *11 12)\nACPI: PCI Interrupt Link [LNKE] (IRQs 3 4 6 7 10 11 12) *0, disabled.\nACPI: PCI Interrupt Link [LNKF] (IRQs 3 4 6 7 10 11 12) *0, disabled.\nACPI: PCI Interrupt Link [LNK0] (IRQs 3 4 6 7 10 11 12) *0, disabled.\nACPI: PCI Interrupt Link [LNK1] (IRQs 3 4 6 7 10 *11 12)\nACPI: PCI Root Bridge [PCI1] (0000:80)\nPCI: Probing PCI hardware (bus 80)\nACPI: PCI Interrupt Routing Table [\\_SB_.PCI1._PRT]\nLinux Plug and Play Support v0.97 (c) Adam Belay\npnp: PnP ACPI init\npnp: ACPI device : hid PNP0A08\npnp: ACPI device : hid PNP0C02\npnp: ACPI device : hid PNP0C02\npnp: ACPI device : hid PNP0200\npnp: ACPI device : hid PNP0B00\npnp: ACPI device : hid PNP0800\npnp: ACPI device : hid PNP0C04\npnp: ACPI device : hid PNP0700\npnp: ACPI device : hid PNP0501\npnp: ACPI device : hid PNP0501\npnp: ACPI device : hid PNP0F13\npnp: ACPI device : hid PNP0303\npnp: ACPI device : hid PNP0C02\npnp: ACPI device : hid PNP0C02\npnp: ACPI device : hid PNP0A08\npnp: ACPI device : hid PNP0C01\npnp: PnP ACPI: found 16 devices\nusbcore: registered new driver usbfs\nusbcore: registered new driver hub\nPCI: Using ACPI for IRQ routing\nPCI: If a device doesn't work, try \"pci=routeirq\".  If it helps, post a report\nPCI-DMA: Disabling IOMMU.\npnp: the driver 'system' has been registered\npnp: match found with the PnP device '00:01' and the driver 'system'\npnp: 00:01: ioport range 0x400-0x47f could not be reserved\npnp: 00:01: ioport range 0x500-0x50f has been reserved\npnp: match found with the PnP device '00:02' and the driver 'system'\npnp: match found with the PnP device '00:0c' and the driver 'system'\npnp: match found with the PnP device '00:0d' and the driver 'system'\npnp: match found with the PnP device '00:0f' and the driver 'system'\nPCI: Bridge: 0000:00:01.0  IO window: e000-efff  MEM window: dd000000-deffffff  PREFETCH window: c0000000-cfffffff\nPCI: Bridge: 0000:00:02.0  IO window: d000-dfff  MEM window: dfc00000-dfcfffff  PREFETCH window: dfb00000-dfbfffff\nPCI: Bridge: 0000:00:03.0  IO window: c000-cfff  MEM window: dfe00000-dfefffff  PREFETCH window: dfd00000-dfdfffff\nPCI: Bridge: 0000:00:13.1  IO window: b000-bfff  MEM window: dfa00000-dfafffff  PREFETCH window: df900000-df9fffff\nPCI: Setting latency timer of device 0000:00:01.0 to 64\nGSI 16 sharing vector 0xA9 and IRQ 16\nACPI: PCI Interrupt 0000:00:02.0[A] -> GSI 27 (level, low) -> IRQ 169\nPCI: Setting latency timer of device 0000:00:02.0 to 64\nGSI 17 sharing vector 0xB1 and IRQ 17\nACPI: PCI Interrupt 0000:00:03.0[A] -> GSI 31 (level, low) -> IRQ 177\nPCI: Setting latency timer of device 0000:00:03.0 to 64\nPCI: Setting latency timer of device 0000:00:13.1 to 64\nNET: Registered protocol family 2\nIP route cache hash table entries: 65536 (order: 7, 524288 bytes)\nTCP established hash table entries: 262144 (order: 10, 4194304 bytes)\nTCP bind hash table entries: 65536 (order: 8, 1048576 bytes)\nTCP: Hash tables configured (established 262144 bind 65536)\nTCP reno registered\naudit: initializing netlink socket (disabled)\naudit(1181720246.948:1): initialized\nVFS: Disk quotas dquot_6.5.1\nDquot-cache hash table entries: 512 (order 0, 4096 bytes)\nInitializing Cryptographic API\nio scheduler noop registered\nio scheduler anticipatory registered\nio scheduler deadline registered\nio scheduler cfq registered (default)\nPCI: Setting latency timer of device 0000:00:02.0 to 64\nassign_interrupt_mode Found MSI capability\nAllocate Port Service[0000:00:02.0:pcie00]\nAllocate Port Service[0000:00:02.0:pcie01]\nAllocate Port Service[0000:00:02.0:pcie02]\nAllocate Port Service[0000:00:02.0:pcie03]\nPCI: Setting latency timer of device 0000:00:03.0 to 64\nassign_interrupt_mode Found MSI capability\nAllocate Port Service[0000:00:03.0:pcie00]\nAllocate Port Service[0000:00:03.0:pcie01]\nAllocate Port Service[0000:00:03.0:pcie02]\nAllocate Port Service[0000:00:03.0:pcie03]\nReal Time Clock Driver v1.12ac\nLinux agpgart interface v0.101 (c) Dave Jones\nSerial: 8250/16550 driver $Revision: 1.90 $ 4 ports, IRQ sharing enabled\nserial8250: ttyS0 at I/O 0x3f8 (irq = 4) is a 16550A\nserial8250: ttyS1 at I/O 0x2f8 (irq = 3) is a 16550A\npnp: the driver 'serial' has been registered\npnp: match found with the PnP device '00:08' and the driver 'serial'\n00:08: ttyS0 at I/O 0x3f8 (irq = 4) is a 16550A\npnp: match found with the PnP device '00:09' and the driver 'serial'\n00:09: ttyS1 at I/O 0x2f8 (irq = 3) is a 16550A\nRAMDISK driver initialized: 16 RAM disks of 65536K size 1024 blocksize\npnp: the driver 'i8042 kbd' has been registered\npnp: match found with the PnP device '00:0b' and the driver 'i8042 kbd'\npnp: the driver 'i8042 aux' has been registered\npnp: match found with the PnP device '00:0a' and the driver 'i8042 aux'\nPNP: PS/2 Controller [PNP0303:PS2K,PNP0f13:PS2M] at 0x60,0x64 irq 1,12\nserio: i8042 AUX port at 0x60,0x64 irq 12\nserio: i8042 KBD port at 0x60,0x64 irq 1\nmice: PS/2 mouse device common for all mice\nTCP bic registered\nNET: Registered protocol family 1\nNET: Registered protocol family 17\nNET: Registered protocol family 8\nNET: Registered protocol family 20\nACPI: (supports S0 S1 S4 S5)\nFreeing unused kernel memory: 176k freed\ninput: AT Translated Set 2 keyboard as /class/input/input0\nACPI Exception (acpi_processor-0681): AE_NOT_FOUND, Processor Device is not present [20060707]\nACPI: Getting cpuindex for acpiid 0x1\nSCSI subsystem initialized\nlibata version 2.00 loaded.\nUniform Multi-Platform E-IDE driver Revision: 7.00alpha2\nide: Assuming 33MHz system bus speed for PIO modes; override with idebus=xx\nVP_IDE: IDE controller at PCI slot 0000:00:0f.1\nPCI: VIA IRQ fixup for 0000:00:0f.1, from 255 to 0\nVP_IDE: chipset revision 7\nVP_IDE: not 100% native mode: will probe irqs later\nVP_IDE: VIA vt8237a (rev 00) IDE UDMA133 controller on pci0000:00:0f.1    ide0: BM-DMA at 0xfa00-0xfa07, BIOS settings: hda:DMA, hdb:pio    ide1: BM-DMA at 0xfa08-0xfa0f, BIOS settings: hdc:pio, hdd:pio\nProbing IDE interface ide0...\nUSB Universal Host Controller Interface driver v3.0\nvia-rhine.c:v1.10-LK1.4.1 July-24-2006 Written by Donald Becker\nhda: WDC WD800JB-00JJC0, ATA DISK drive\nide0 at 0x1f0-0x1f7,0x3f6 on irq 14\nProbing IDE interface ide1...\nGSI 18 sharing vector 0xD1 and IRQ 18\nACPI: PCI Interrupt 0000:00:10.0[A] -> GSI 20 (level, low) -> IRQ 209\nPCI: VIA IRQ fixup for 0000:00:10.0, from 7 to 1\nuhci_hcd 0000:00:10.0: UHCI Host Controller\nuhci_hcd 0000:00:10.0: new USB bus registered, assigned bus number 1\nuhci_hcd 0000:00:10.0: irq 209, io base 0x0000f900\nusb usb1: configuration #1 chosen from 1 choice\nhub 1-0:1.0: USB hub found\nhub 1-0:1.0: 2 ports detected\nhda: max request size: 128KiB\nhda: 156301488 sectors (80026 MB) w/8192KiB Cache, CHS=65535/16/63, UDMA(100)\nhda: cache flushes supported hda: hda1 hda2 hda3 hda4 &lt; hda5 >\nGSI 19 sharing vector 0xD9 and IRQ 19\nACPI: PCI Interrupt 0000:00:10.1[B] -> GSI 22 (level, low) -> IRQ 217\nPCI: VIA IRQ fixup for 0000:00:10.1, from 10 to 9\nuhci_hcd 0000:00:10.1: UHCI Host Controller\nuhci_hcd 0000:00:10.1: new USB bus registered, assigned bus number 2\nuhci_hcd 0000:00:10.1: irq 217, io base 0x0000f800\nusb usb2: configuration #1 chosen from 1 choice\nhub 2-0:1.0: USB hub found\nhub 2-0:1.0: 2 ports detected\nGSI 20 sharing vector 0xE1 and IRQ 20\nACPI: PCI Interrupt 0000:00:10.2[C] -> GSI 21 (level, low) -> IRQ 225\nPCI: VIA IRQ fixup for 0000:00:10.2, from 5 to 1\nuhci_hcd 0000:00:10.2: UHCI Host Controller\nuhci_hcd 0000:00:10.2: new USB bus registered, assigned bus number 3\nuhci_hcd 0000:00:10.2: irq 225, io base 0x0000f700\nusb usb3: configuration #1 chosen from 1 choice\nhub 3-0:1.0: USB hub found\nhub 3-0:1.0: 2 ports detected\nGSI 21 sharing vector 0xE9 and IRQ 21\nACPI: PCI Interrupt 0000:00:10.3[D] -> GSI 23 (level, low) -> IRQ 233\nPCI: VIA IRQ fixup for 0000:00:10.3, from 11 to 9\nuhci_hcd 0000:00:10.3: UHCI Host Controller\nuhci_hcd 0000:00:10.3: new USB bus registered, assigned bus number 4\nuhci_hcd 0000:00:10.3: irq 233, io base 0x0000f600\nusb usb4: configuration #1 chosen from 1 choice\nhub 4-0:1.0: USB hub found\nhub 4-0:1.0: 2 ports detected\nsata_via 0000:00:0f.0: version 2.0\nACPI: PCI Interrupt 0000:00:0f.0[B] -> GSI 21 (level, low) -> IRQ 225\nsata_via 0000:00:0f.0: routed to hard irq line 10\nata1: SATA max UDMA/133 cmd 0xFF00 ctl 0xFE02 bmdma 0xFB00 irq 225\nata2: SATA max UDMA/133 cmd 0xFD00 ctl 0xFC02 bmdma 0xFB08 irq 225\nscsi0 : sata_via\nata1: SATA link up 1.5 Gbps (SStatus 113 SControl 300)\nata1.00: ATA-7, max UDMA/133, 160836480 sectors: LBA48 NCQ (depth 0/32)\nata1.00: ata1: dev 0 multi count 16\nata1.00: configured for UDMA/133\nscsi1 : sata_via\nata2: SATA link down 1.5 Gbps (SStatus 0 SControl 300)\nATA: abnormal status 0x7F on port 0xFD07  Vendor: ATA       Model: HDS728080PLA380   Rev: PF2O  Type:   Direct-Access                      ANSI SCSI revision: 05\nsata_sil24 0000:03:00.0: version 0.3\nGSI 22 sharing vector 0x32 and IRQ 22\nACPI: PCI Interrupt 0000:03:00.0[A] -> GSI 28 (level, low) -> IRQ 50\nPCI: Setting latency timer of device 0000:03:00.0 to 64\nata3: SATA max UDMA/100 cmd 0xFFFFC20000020000 ctl 0x0 bmdma 0x0 irq 50\nata4: SATA max UDMA/100 cmd 0xFFFFC20000022000 ctl 0x0 bmdma 0x0 irq 50\nscsi2 : sata_sil24\nSCSI device sda: 160836480 512-byte hdwr sectors (82348 MB)\nsda: Write Protect is off\nsda: Mode Sense: 00 3a 00 00\nSCSI device sda: drive cache: write back\nSCSI device sda: 160836480 512-byte hdwr sectors (82348 MB)\nsda: Write Protect is off\nsda: Write Protect is off\nsda: Mode Sense: 00 3a 00 00\nSCSI device sda: drive cache: write back sda: sda1 sda2 sda3 sda4 &lt; sda5 sda6 >\nsd 0:0:0:0: Attached scsi disk sda\nata3: SATA link up 1.5 Gbps (SStatus 113 SControl 300)\nata3.00: ATA-7, max UDMA/133, 160836480 sectors: LBA48 NCQ (depth 31/32)\nata3.00: ata3: dev 0 multi count 16\nata3.00: configured for UDMA/100\nscsi3 : sata_sil24\nata4: SATA link down (SStatus 0 SControl 300)  Vendor: ATA       Model: HDS728080PLA380   Rev: PF2O  Type:   Direct-Access                      ANSI SCSI revision: 05\nSCSI device sdb: 160836480 512-byte hdwr sectors (82348 MB)\nsdb: Write Protect is off\nsdb: Mode Sense: 00 3a 00 00\nSCSI device sdb: drive cache: write back\nSCSI device sdb: 160836480 512-byte hdwr sectors (82348 MB)\nsdb: Write Protect is off\nsdb: Mode Sense: 00 3a 00 00\nSCSI device sdb: drive cache: write back sdb: sdb1 sdb2 sdb3 sdb4 &lt; sdb5 sdb6 >\nsd 2:0:0:0: Attached scsi disk sdb\nACPI: PCI Interrupt 0000:00:10.4[C] -> GSI 21 (level, low) -> IRQ 225\nPCI: VIA IRQ fixup for 0000:00:10.4, from 5 to 1\nehci_hcd 0000:00:10.4: EHCI Host Controller\nehci_hcd 0000:00:10.4: new USB bus registered, assigned bus number 5\nehci_hcd 0000:00:10.4: irq 225, io mem 0xdffff000\nehci_hcd 0000:00:10.4: USB 2.0 started, EHCI 1.00, driver 10 Dec 2004\nusb usb5: configuration #1 chosen from 1 choice\nhub 5-0:1.0: USB hub found\nhub 5-0:1.0: 8 ports detected\nACPI: PCI Interrupt 0000:00:12.0[A] -> GSI 23 (level, low) -> IRQ 233\neth0: VIA Rhine II at 0x1f200, 00:19:db:89:f0:0a, IRQ 233.\neth0: MII PHY found at address 1, status 0x786d advertising 01e1 Link cde1.\nSiI680: IDE controller at PCI slot 0000:04:04.0\nGSI 23 sharing vector 0x3A and IRQ 23\nACPI: PCI Interrupt 0000:04:04.0[A] -> GSI 17 (level, low) -> IRQ 58\nSiI680: chipset revision 2\nSiI680: BASE CLOCK == 133\nSiI680: 100% native mode on irq 58    ide2: MMIO-DMA , BIOS settings: hde:pio, hdf:pio    ide3: MMIO-DMA , BIOS settings: hdg:pio, hdh:pio\nProbing IDE interface ide2...\nhde: WDC WD800JB-00JJC0, ATA DISK drive\nide2 at 0xffffc20000006080-0xffffc20000006087,0xffffc2000000608a on irq 58\nhde: max request size: 64KiB\nhde: 156301488 sectors (80026 MB) w/8192KiB Cache, CHS=65535/16/63, UDMA(100)\nhde: cache flushes supported hde: hde1 hde2 hde3 hde4 &lt; hde5 >\nProbing IDE interface ide3...\nr8169 Gigabit Ethernet driver 2.2LK-NAPI loaded\nGSI 24 sharing vector 0x42 and IRQ 24\nACPI: PCI Interrupt 0000:04:05.0[A] -> GSI 18 (level, low) -> IRQ 66\neth0: RTL8169sb/8110sb at 0xffffc2000001c000, 00:06:4f:4a:44:d1, IRQ 66\nProbing IDE interface ide1...\nProbing IDE interface ide3...\nmd: md driver 0.90.3 MAX_MD_DEVS=256, MD_SB_DISKS=27\nmd: bitmap version 4.39\nmd: raid0 personality registered for level 0\nmd: raid1 personality registered for level 1\nraid5: automatically using best checksumming function: generic_sse   generic_sse:  4929.000 MB/sec\nraid5: using function: generic_sse (4929.000 MB/sec)\nraid6: int64x1   1439 MB/s\nraid6: int64x2   1917 MB/s\nraid6: int64x4   1813 MB/s\nraid6: int64x8   1278 MB/s\nraid6: sse2x1    2154 MB/s\nraid6: sse2x2    2946 MB/s\nraid6: sse2x4    3034 MB/s\nraid6: using algorithm sse2x4 (3034 MB/s)\nmd: raid6 personality registered for level 6\nmd: raid5 personality registered for level 5\nmd: raid4 personality registered for level 4\nmd: md0 stopped.\nmd: bind&lt;hde1>\nmd: bind&lt;sdb1>\nmd: bind&lt;hda1>\nraid1: raid set md0 active with 3 out of 3 mirrors\nmd: md1 stopped.\nmd: bind&lt;hde2>\nmd: bind&lt;sda2>\nmd: bind&lt;sdb3>\nmd: bind&lt;hda2>\nmd1: setting max_sectors to 128, segment boundary to 32767\nraid0: looking at hda2\nraid0:   comparing hda2(979840) with hda2(979840)\nraid0:   END\nraid0:   ==> UNIQUE\nraid0: 1 zones\nraid0: looking at sdb3\nraid0:   comparing sdb3(979840) with hda2(979840)\nraid0:   EQUAL\nraid0: looking at sda2\nraid0:   comparing sda2(979840) with hda2(979840)\nraid0:   EQUAL\nraid0: looking at hde2\nraid0:   comparing hde2(979840) with hda2(979840)\nraid0:   EQUAL\nraid0: FINAL 1 zones\nraid0: done.\nraid0 : md_size is 3919360 blocks.\nraid0 : conf->hash_spacing is 3919360 blocks.\nraid0 : nb_zone is 1.\nraid0 : Allocating 8 bytes for hash.\nmd: md2 stopped.\nmd: bind&lt;hde3>\n\nmd: bind&lt;sda3>\nmd: bind&lt;sdb2>\nmd: bind&lt;hda3>\nmd: md2: raid array is not clean -- starting background reconstruction\nraid1: raid set md2 active with 3 out of 3 mirrors\nmd: syncing RAID array md2\nmd: minimum _guaranteed_ reconstruction speed: 1000 KB/sec/disc.\nmd: using maximum available idle IO bandwidth (but not more than 200000 KB/sec) for reconstruction.\nmd: using 128k window, over a total of 8787456 blocks.\nmd: md3 stopped.\nmd: bind&lt;sda5>\nmd: bind&lt;sdb5>\nmd: bind&lt;hde5>\nmd: bind&lt;hda5>\nraid5: device hda5 operational as raid disk 0\nraid5: device sdb5 operational as raid disk 2\nraid5: device sda5 operational as raid disk 1\nraid5: allocated 3212kB for md3\nraid5: raid level 5 set md3 active with 3 out of 3 devices, algorithm 2\nRAID5 conf printout: --- rd:3 wd:3 fd:0 disk 0, o:1, dev:hda5 disk 1, o:1, dev:sda5 disk 2, o:1, dev:sdb5\ndevice-mapper: ioctl: 4.7.0-ioctl (2006-06-24) initialised: dm-devel@redhat.com\nAttempting manual resume\nkjournald starting.  Commit interval 5 seconds\nEXT3-fs: mounted filesystem with ordered data mode.\npci_hotplug: PCI Hot Plug PCI Core version: 0.5\nshpchp: Standard Hot Plug PCI Controller Driver version: 0.4\ninput: PC Speaker as /class/input/input1\nFDC 0 is a post-1991 82077\nAdding 3919352k swap on /dev/md1.  Priority:-1 extents:1 across:3919352k\ninput: ImPS/2 Logitech Wheel Mouse as /class/input/input2\nEXT3 FS on md2, internal journal\nloop: loaded (max 8 devices)\nkjournald starting.  Commit interval 5 seconds\nEXT3 FS on dm-0, internal journal\nEXT3-fs: mounted filesystem with ordered data mode.\nkjournald starting.  Commit interval 5 seconds\nEXT3 FS on dm-2, internal journal\nEXT3-fs: mounted filesystem with ordered data mode.\nr8169: eth0: link up\nACPI: Power Button (FF) [PWRF]\nACPI: Power Button (CM) [PWRB]\nNET: Registered protocol family 10\nlo: Disabled Privacy Extensions\nIPv6 over IPv4 tunneling driver\neth0: no IPv6 routers present\nmd: md2: sync done.\nRAID1 conf printout: --- wd:3 rd:3 disk 0, wo:0, o:1, dev:hda3 disk 1, wo:0, o:1, dev:hde3 disk 2, wo:0, o:1, dev:sda3\ndevice-mapper: ioctl: Invalid new logical volume name supplied.\nhda: drive_cmd: status=0x51 { DriveReady SeekComplete Error }\nhda: drive_cmd: error=0x04 { DriveStatusError }\nide: failed opcode was: 0xef\nhda: CHECK for good STATUS\neth1: link up, 100Mbps, full-duplex, lpa 0xCDE1\neth1: no IPv6 routers present\neth1: link up, 100Mbps, full-duplex, lpa 0xCDE1\neth1: no IPv6 routers present\nr8169: eth0: link up\neth0: no IPv6 routers present</pre>\n<p>I'm using RAID over a few different controllers, plus LVM on top of that for maximum performance plus flexibility.</p>\n<p>Oh and by the way, when I was working on this, I noticed a big difference between ubuntu and debian: ubuntu has the \"custom dsdt\" kernel patch built in, whereas debian does not.</p>\n<p>I even updated the BIOS!</p>","frontmatter":{"title":"MSI K9VGM V Sempron 3000 cpufreq","date":"2007-06-12T00:00:00.000Z"}}},"pageContext":{"isCreatedByStatefulCreatePages":false,"slug":"/2007/2007-06-12-msi-k9vgm-v-sempron-3000-cpufreq/"}}