### PCI Devices

<pre class="sh_sh">

00:00.0 Host bridge: Advanced Micro Devices [AMD] RS780 Host Bridge Alternate
00:01.0 PCI bridge: Advanced Micro Devices [AMD] RS780 PCI to PCI bridge (int gfx)
00:04.0 PCI bridge: Advanced Micro Devices [AMD] RS780 PCI to PCI bridge (PCIE port 0)
00:05.0 PCI bridge: Advanced Micro Devices [AMD] RS780 PCI to PCI bridge (PCIE port 1)
00:06.0 PCI bridge: Advanced Micro Devices [AMD] RS780 PCI to PCI bridge (PCIE port 2)
00:11.0 SATA controller: ATI Technologies Inc SB700/SB800 SATA Controller [AHCI mode]
00:12.0 USB Controller: ATI Technologies Inc SB700/SB800 USB OHCI0 Controller
00:12.1 USB Controller: ATI Technologies Inc SB700 USB OHCI1 Controller
00:12.2 USB Controller: ATI Technologies Inc SB700/SB800 USB EHCI Controller
00:13.0 USB Controller: ATI Technologies Inc SB700/SB800 USB OHCI0 Controller
00:13.1 USB Controller: ATI Technologies Inc SB700 USB OHCI1 Controller
00:13.2 USB Controller: ATI Technologies Inc SB700/SB800 USB EHCI Controller
00:14.0 SMBus: ATI Technologies Inc SBx00 SMBus Controller (rev 3c)
00:14.2 Audio device: ATI Technologies Inc SBx00 Azalia (Intel HDA)
00:14.3 ISA bridge: ATI Technologies Inc SB700/SB800 LPC host controller
00:14.4 PCI bridge: ATI Technologies Inc SBx00 PCI to PCI Bridge
00:18.0 Host bridge: Advanced Micro Devices [AMD] K10 [Opteron, Athlon64, Sempron] HyperTransport Configuration
00:18.1 Host bridge: Advanced Micro Devices [AMD] K10 [Opteron, Athlon64, Sempron] Address Map
00:18.2 Host bridge: Advanced Micro Devices [AMD] K10 [Opteron, Athlon64, Sempron] DRAM Controller
00:18.3 Host bridge: Advanced Micro Devices [AMD] K10 [Opteron, Athlon64, Sempron] Miscellaneous Control
00:18.4 Host bridge: Advanced Micro Devices [AMD] K10 [Opteron, Athlon64, Sempron] Link Control
01:05.0 VGA compatible controller: ATI Technologies Inc M880G [Mobility Radeon HD 4200]
08:00.0 Network controller: Broadcom Corporation Device 4727 (rev 01)
09:00.0 Ethernet controller: Atheros Communications Atheros AR8132 / L1c Gigabit Ethernet Adapter (rev c0)

</pre>


### DMI Decode

<pre class="sh_sh">

# dmidecode 2.9
SMBIOS 2.6 present.
50 structures occupying 2129 bytes.
Table at 0x000E8F60.

Handle 0x0000, DMI type 0, 24 bytes
BIOS Information
	Vendor: LENOVO
	Version: 2CCN19WW(V1.08)
	Release Date: 02/23/2010
	ROM Size: 2048 kB
	Characteristics:
		PCI is supported
		BIOS is upgradeable
		BIOS shadowing is allowed
		Boot from CD is supported
		Selectable boot is supported
		BIOS ROM is socketed
		EDD is supported
		Japanese floppy for NEC 9800 1.2 MB is supported (int 13h)
		Japanese floppy for Toshiba 1.2 MB is supported (int 13h)
		5.25"/360 KB floppy services are supported (int 13h)
		5.25"/1.2 MB floppy services are supported (int 13h)
		3.5"/720 KB floppy services are supported (int 13h)
		3.5"/2.88 MB floppy services are supported (int 13h)
		8042 keyboard services are supported (int 9h)
		CGA/mono video services are supported (int 10h)
		ACPI is supported
		USB legacy is supported
		Targeted content distribution is supported
	BIOS Revision: 0.19

Handle 0x0001, DMI type 1, 27 bytes
System Information
	Manufacturer: LENOVO
	Product Name: 0873                            
	Version: Lenovo G555                     
	Serial Number: 2320955002579
	UUID: 4087B39F-309E-11DF-8687-705AB66414F2
	Wake-up Type: Power Switch
	SKU Number: 123456789
	Family: Type1Family

Handle 0x0002, DMI type 2, 16 bytes
Base Board Information
	Manufacturer: LENOVO
	Product Name: Bali
	Version: Base Board Version
	Serial Number: CBU2417831
	Asset Tag: Base Board Asset Tag
	Features:
		Board is a hosting board
		Board is replaceable
	Location In Chassis: Base Board Chassis Location
	Chassis Handle: 0x0003
	Type: Motherboard
	Contained Object Handles: 0

Handle 0x0003, DMI type 3, 22 bytes
Chassis Information
	Manufacturer: Chassis Manufacturer
	Type: Notebook
	Lock: Not Present
	Version: Chassis Version
	Serial Number: Chassis Serial Number
	Asset Tag: Chassis Asset Tag
	Boot-up State: Safe
	Power Supply State: Safe
	Thermal State: Safe
	Security Status: None
	OEM Information: 0x00000000
	Height: Unspecified
	Number Of Power Cords: 1
	Contained Elements: 0

Handle 0x0004, DMI type 9, 17 bytes
System Slot Information
	Designation: J6C1
	Type: x16 <OUT OF SPEC>
	Current Usage: Available
	Length: Long
	Characteristics:
		3.3 V is provided
		PME signal is supported
		Hot-plug devices are supported

Handle 0x0005, DMI type 9, 17 bytes
System Slot Information
	Designation: J8C1
	Type: x1 <OUT OF SPEC>
	Current Usage: Available
	Length: Short
	Characteristics:
		3.3 V is provided
		PME signal is supported
		Hot-plug devices are supported

Handle 0x0006, DMI type 9, 17 bytes
System Slot Information
	Designation: J7C1
	Type: x1 <OUT OF SPEC>
	Current Usage: Available
	Length: Short
	Characteristics:
		3.3 V is provided
		PME signal is supported
		Hot-plug devices are supported

Handle 0x0007, DMI type 9, 17 bytes
System Slot Information
	Designation: J8D1
	Type: x1 <OUT OF SPEC>
	Current Usage: Available
	Length: Short
	Characteristics:
		3.3 V is provided
		PME signal is supported
		Hot-plug devices are supported

Handle 0x0008, DMI type 9, 17 bytes
System Slot Information
	Designation: J8B1
	Type: 32-bit PCI
	Current Usage: Available
	Length: Long
	ID: 5
	Characteristics:
		5.0 V is provided
		3.3 V is provided
		Cardbus is supported
		Modem ring resume is supported
		PME signal is supported
		SMBus signal is supported

Handle 0x0009, DMI type 11, 5 bytes
OEM Strings
	String 1: String1 for Original Equipment Manufacturer
	String 2: String2 for Original Equipment Manufacturer
	String 3: String3 for Original Equipment Manufacturer
	String 4: String4 for Original Equipment Manufacturer
	String 5: String5 for Original Equipment Manufacturer

Handle 0x000A, DMI type 12, 5 bytes
System Configuration Options
	Option 1: String1 for Type12 Equipment Manufacturer
	Option 2: String2 for Type12 Equipment Manufacturer
	Option 3: String3 for Type12 Equipment Manufacturer
	Option 4: String4 for Type12 Equipment Manufacturer

Handle 0x000B, DMI type 21, 7 bytes
Built-in Pointing Device
	Type: Touch Pad
	Interface: PS/2
	Buttons: 4

Handle 0x000C, DMI type 32, 20 bytes
System Boot Information
	Status: No errors detected

Handle 0x000D, DMI type 129, 5 bytes
OEM-specific Type
	Header and Data:
		81 05 0D 00 4F
	Strings:
		em Test 1
		Oem Test 2

Handle 0x000E, DMI type 8, 9 bytes
Port Connector Information
	Internal Reference Designator: J1A1
	Internal Connector Type: None
	External Reference Designator: Keyboard
	External Connector Type: PS/2
	Port Type: Keyboard Port

Handle 0x000F, DMI type 8, 9 bytes
Port Connector Information
	Internal Reference Designator: J1A1
	Internal Connector Type: None
	External Reference Designator: Mouse
	External Connector Type: PS/2
	Port Type: Mouse Port

Handle 0x0010, DMI type 8, 9 bytes
Port Connector Information
	Internal Reference Designator: J2A2
	Internal Connector Type: None
	External Reference Designator: COM 1
	External Connector Type: DB-9 male
	Port Type: Serial Port 16550A Compatible

Handle 0x0011, DMI type 8, 9 bytes
Port Connector Information
	Internal Reference Designator: J3A1
	Internal Connector Type: None
	External Reference Designator: USB
	External Connector Type: Access Bus (USB)
	Port Type: USB

Handle 0x0012, DMI type 8, 9 bytes
Port Connector Information
	Internal Reference Designator: J3A1
	Internal Connector Type: None
	External Reference Designator: USB
	External Connector Type: Access Bus (USB)
	Port Type: USB

Handle 0x0013, DMI type 8, 9 bytes
Port Connector Information
	Internal Reference Designator: J3A1
	Internal Connector Type: None
	External Reference Designator: USB
	External Connector Type: Access Bus (USB)
	Port Type: USB

Handle 0x0014, DMI type 8, 9 bytes
Port Connector Information
	Internal Reference Designator: J5A1
	Internal Connector Type: None
	External Reference Designator: USB
	External Connector Type: Access Bus (USB)
	Port Type: USB

Handle 0x0015, DMI type 8, 9 bytes
Port Connector Information
	Internal Reference Designator: J5A1
	Internal Connector Type: None
	External Reference Designator: USB
	External Connector Type: Access Bus (USB)
	Port Type: USB

Handle 0x0016, DMI type 8, 9 bytes
Port Connector Information
	Internal Reference Designator: J5A1
	Internal Connector Type: None
	External Reference Designator: Network
	External Connector Type: RJ-45
	Port Type: Network Port

Handle 0x0017, DMI type 8, 9 bytes
Port Connector Information
	Internal Reference Designator: J9G2
	Internal Connector Type: On Board Floppy
	External Reference Designator: OnBoard Floppy Type
	External Connector Type: None
	Port Type: Other

Handle 0x0018, DMI type 8, 9 bytes
Port Connector Information
	Internal Reference Designator: J7J1
	Internal Connector Type: On Board IDE
	External Reference Designator: OnBoard Primary IDE
	External Connector Type: None
	Port Type: Other

Handle 0x0019, DMI type 8, 9 bytes
Port Connector Information
	Internal Reference Designator: J2A1
	Internal Connector Type: None
	External Reference Designator: TV OUT
	External Connector Type: Mini DIN
	Port Type: Video Port

Handle 0x001A, DMI type 8, 9 bytes
Port Connector Information
	Internal Reference Designator: J2A2
	Internal Connector Type: None
	External Reference Designator: CRT
	External Connector Type: DB-15 female
	Port Type: Video Port

Handle 0x001B, DMI type 8, 9 bytes
Port Connector Information
	Internal Reference Designator: J30
	Internal Connector Type: None
	External Reference Designator: Microphone In
	External Connector Type: Mini Jack (headphones)
	Port Type: Audio Port

Handle 0x001C, DMI type 8, 9 bytes
Port Connector Information
	Internal Reference Designator: J30
	Internal Connector Type: None
	External Reference Designator: Line In
	External Connector Type: Mini Jack (headphones)
	Port Type: Audio Port

Handle 0x001D, DMI type 8, 9 bytes
Port Connector Information
	Internal Reference Designator: J30
	Internal Connector Type: None
	External Reference Designator: Speaker Out
	External Connector Type: Mini Jack (headphones)
	Port Type: Audio Port

Handle 0x001E, DMI type 40, 18 bytes
Unknown Type
	Header and Data:
		28 12 1E 00 02 06 04 00 05 01 AA 07 00 00 05 02
		DC 05
	Strings:
		PCIExpressx16
		Compiler Version: VC 9.0

Handle 0x001F, DMI type 41, 11 bytes
Unknown Type
	Header and Data:
		29 0B 1F 00 01 85 01 00 00 00 01
	Strings:
		82567LM Gigabit Network Connection

Handle 0x0020, DMI type 4, 42 bytes
Processor Information
	Socket Designation: Socket S1G3
	Type: Central Processor
	Family: <OUT OF SPEC>
	Manufacturer: AMD processor
	ID: 62 0F 10 00 FF FB 8B 17
	Version: AMD Athlon(tm) II Dual-Core M320
	Voltage: 1.3 V
	External Clock: 200 MHz
	Max Speed: 2100 MHz
	Current Speed: 2100 MHz
	Status: Populated, Enabled
	Upgrade: <OUT OF SPEC>
	L1 Cache Handle: 0x0021
	L2 Cache Handle: 0x0022
	L3 Cache Handle: 0x0023
	Serial Number: NotSupport
	Asset Tag: FFFF
	Part Number: FFFF
	Core Enabled: 2
	Thread Count: 2
	Characteristics:
		64-bit capable

Handle 0x0021, DMI type 7, 19 bytes
Cache Information
	Socket Designation: L1 Cache
	Configuration: Disabled, Not Socketed, Level 1
	Operational Mode: Write Through
	Location: Internal
	Installed Size: 256 KB
	Maximum Size: 256 KB
	Supported SRAM Types:
		Pipeline Burst
	Installed SRAM Type: Pipeline Burst
	Speed: Unknown
	Error Correction Type: Multi-bit ECC
	System Type: Unified
	Associativity: 2-way Set-associative

Handle 0x0022, DMI type 7, 19 bytes
Cache Information
	Socket Designation: L2 Cache
	Configuration: Enabled, Not Socketed, Level 1
	Operational Mode: Write Back
	Location: Internal
	Installed Size: 1024 KB
	Maximum Size: 1024 KB
	Supported SRAM Types:
		Pipeline Burst
	Installed SRAM Type: Pipeline Burst
	Speed: Unknown
	Error Correction Type: Multi-bit ECC
	System Type: Unified
	Associativity: 16-way Set-associative

Handle 0x0023, DMI type 7, 19 bytes
Cache Information
	Socket Designation: L3 Cache
	Configuration: Enabled, Not Socketed, Level 2
	Operational Mode: Write Back
	Location: Internal
	Installed Size: 0 KB
	Maximum Size: 0 KB
	Supported SRAM Types:
		Pipeline Burst
	Installed SRAM Type: Pipeline Burst
	Speed: Unknown
	Error Correction Type: Multi-bit ECC
	System Type: Unified
	Associativity: Other

Handle 0x0024, DMI type 16, 15 bytes
Physical Memory Array
	Location: System Board Or Motherboard
	Use: System Memory
	Error Correction Type: None
	Maximum Capacity: 4 GB
	Error Information Handle: No Error
	Number Of Devices: 2

Handle 0x0025, DMI type 17, 28 bytes
Memory Device
	Array Handle: 0x0024
	Error Information Handle: 0x0026
	Total Width: 64 bits
	Data Width: 64 bits
	Size: 2048 MB
	Form Factor: DIMM
	Set: None
	Locator: SODIMM 0
	Bank Locator: BANK 0
	Type: DDR2
	Type Detail: Synchronous
	Speed: 800 MHz (1.2 ns)
	Manufacturer: Unknown
	Serial Number: 7F7F7F7F4300000001000000000000
	Asset Tag: Unknown
	Part Number: RMN1740EF48D8F-800

Handle 0x0026, DMI type 18, 23 bytes
32-bit Memory Error Information
	Type: OK
	Granularity: Unknown
	Operation: Unknown
	Vendor Syndrome: Unknown
	Memory Array Address: Unknown
	Device Address: Unknown
	Resolution: Unknown

Handle 0x0027, DMI type 6, 12 bytes
Memory Module Information
	Socket Designation: SODIMM 0
	Bank Connections: None
	Current Speed: 1 ns
	Type: Unknown DIMM
	Installed Size: 2048 MB (Single-bank Connection)
	Enabled Size: 2048 MB (Single-bank Connection)
	Error Status: OK

Handle 0x0028, DMI type 20, 19 bytes
Memory Device Mapped Address
	Starting Address: 0x00000000000
	Ending Address: 0x0007FFFFFFF
	Range Size: 2 GB
	Physical Device Handle: 0x0025
	Memory Array Mapped Address Handle: 0x002E
	Partition Row Position: 1

Handle 0x0029, DMI type 17, 28 bytes
Memory Device
	Array Handle: 0x0024
	Error Information Handle: 0x002A
	Total Width: 64 bits
	Data Width: 64 bits
	Size: 2048 MB
	Form Factor: DIMM
	Set: None
	Locator: SODIMM 1
	Bank Locator: BANK 0
	Type: DDR2
	Type Detail: Synchronous
	Speed: 800 MHz (1.2 ns)
	Manufacturer: Unknown
	Serial Number: 7F7F7F7F4300000001000000000000
	Asset Tag: Unknown
	Part Number: RMN1740EF48D8F-800

Handle 0x002A, DMI type 18, 23 bytes
32-bit Memory Error Information
	Type: OK
	Granularity: Unknown
	Operation: Unknown
	Vendor Syndrome: Unknown
	Memory Array Address: Unknown
	Device Address: Unknown
	Resolution: Unknown

Handle 0x002B, DMI type 6, 12 bytes
Memory Module Information
	Socket Designation: SODIMM 1
	Bank Connections: None
	Current Speed: 1 ns
	Type: Unknown DIMM
	Installed Size: 2048 MB (Single-bank Connection)
	Enabled Size: 2048 MB (Single-bank Connection)
	Error Status: OK

Handle 0x002C, DMI type 20, 19 bytes
Memory Device Mapped Address
	Starting Address: 0x00080000000
	Ending Address: 0x000FFFFFFFF
	Range Size: 2 GB
	Physical Device Handle: 0x0029
	Memory Array Mapped Address Handle: 0x002E
	Partition Row Position: 1

Handle 0x002D, DMI type 18, 23 bytes
32-bit Memory Error Information
	Type: OK
	Granularity: Unknown
	Operation: Unknown
	Vendor Syndrome: Unknown
	Memory Array Address: Unknown
	Device Address: Unknown
	Resolution: Unknown

Handle 0x002E, DMI type 19, 15 bytes
Memory Array Mapped Address
	Starting Address: 0x00000000000
	Ending Address: 0x000FFFFFFFF
	Range Size: 4 GB
	Physical Array Handle: 0x0024
	Partition Width: 0

Handle 0x002F, DMI type 5, 20 bytes
Memory Controller Information
	Error Detecting Method: None
	Error Correcting Capabilities:
		Unknown
		None
	Supported Interleave: One-way Interleave
	Current Interleave: One-way Interleave
	Maximum Memory Module Size: 4096 MB
	Maximum Total Memory Size: 8192 MB
	Supported Speeds:
		Other
	Supported Memory Types:
		Other
	Memory Module Voltage: Unknown
	Associated Memory Slots: 2
		0x0027
		0x002B
	Enabled Error Correcting Capabilities:
		None

Handle 0x0030, DMI type 133, 5 bytes
OEM-specific Type
	Header and Data:
		85 05 30 00 01
	Strings:
		KHOIHGIUCCHHII

Handle 0x0031, DMI type 127, 4 bytes
End Of Table

</pre>



### Dmesg

<pre class="sh_sh">

[    0.000000] Initializing cgroup subsys cpuset
[    0.000000] Initializing cgroup subsys cpu
[    0.000000] Linux version 2.6.32-24-generic (buildd@vernadsky) (gcc version 4.4.3 (Ubuntu 4.4.3-4ubuntu5) ) #41-Ubuntu SMP Thu Aug 19 01:12:52 UTC 2010 (Ubuntu 2.6.32-24.41-generic 2.6.32.15+drm33.5)
[    0.000000] KERNEL supported cpus:
[    0.000000]   Intel GenuineIntel
[    0.000000]   AMD AuthenticAMD
[    0.000000]   NSC Geode by NSC
[    0.000000]   Cyrix CyrixInstead
[    0.000000]   Centaur CentaurHauls
[    0.000000]   Transmeta GenuineTMx86
[    0.000000]   Transmeta TransmetaCPU
[    0.000000]   UMC UMC UMC UMC
[    0.000000] BIOS-provided physical RAM map:
[    0.000000]  BIOS-e820: 0000000000000000 - 000000000009fc00 (usable)
[    0.000000]  BIOS-e820: 000000000009fc00 - 00000000000a0000 (reserved)
[    0.000000]  BIOS-e820: 00000000000e0000 - 0000000000100000 (reserved)
[    0.000000]  BIOS-e820: 0000000000100000 - 00000000de58f000 (usable)
[    0.000000]  BIOS-e820: 00000000de58f000 - 00000000de78f000 (ACPI NVS)
[    0.000000]  BIOS-e820: 00000000de78f000 - 00000000dfd94000 (usable)
[    0.000000]  BIOS-e820: 00000000dfd94000 - 00000000dfdbf000 (reserved)
[    0.000000]  BIOS-e820: 00000000dfdbf000 - 00000000dfe92000 (usable)
[    0.000000]  BIOS-e820: 00000000dfe92000 - 00000000dfebf000 (ACPI NVS)
[    0.000000]  BIOS-e820: 00000000dfebf000 - 00000000dfee5000 (usable)
[    0.000000]  BIOS-e820: 00000000dfee5000 - 00000000dfef7000 (ACPI data)
[    0.000000]  BIOS-e820: 00000000dfef7000 - 00000000dff00000 (usable)
[    0.000000]  BIOS-e820: 00000000f7000000 - 00000000f8000000 (reserved)
[    0.000000]  BIOS-e820: 00000000feb00000 - 00000000feb01000 (reserved)
[    0.000000]  BIOS-e820: 00000000fec00000 - 00000000fec01000 (reserved)
[    0.000000]  BIOS-e820: 00000000fee00000 - 00000000fee01000 (reserved)
[    0.000000]  BIOS-e820: 00000000ffe00000 - 0000000100000000 (reserved)
[    0.000000]  BIOS-e820: 0000000100000000 - 0000000110000000 (usable)
[    0.000000] DMI 2.6 present.
[    0.000000] last_pfn = 0xdff00 max_arch_pfn = 0x100000
[    0.000000] MTRR default type: uncachable
[    0.000000] MTRR fixed ranges enabled:
[    0.000000]   00000-9FFFF write-back
[    0.000000]   A0000-BFFFF uncachable
[    0.000000]   C0000-FFFFF write-through
[    0.000000] MTRR variable ranges enabled:
[    0.000000]   0 base 000000000000 mask FFFF80000000 write-back
[    0.000000]   1 base 000080000000 mask FFFFC0000000 write-back
[    0.000000]   2 base 0000C0000000 mask FFFFE0000000 write-back
[    0.000000]   3 base 0000FFE00000 mask FFFFFFE00000 write-protect
[    0.000000]   4 base 000100000000 mask FFFFF0000000 write-back
[    0.000000]   5 disabled
[    0.000000]   6 disabled
[    0.000000]   7 disabled
[    0.000000] TOM2: 0000000120000000 aka 4608M
[    0.000000] x86 PAT enabled: cpu 0, old 0x7040600070406, new 0x7010600070106
[    0.000000] e820 update range: 0000000000002000 - 0000000000006000 (usable) ==> (reserved)
[    0.000000] Scanning 1 areas for low memory corruption
[    0.000000] modified physical RAM map:
[    0.000000]  modified: 0000000000000000 - 0000000000002000 (usable)
[    0.000000]  modified: 0000000000002000 - 0000000000006000 (reserved)
[    0.000000]  modified: 0000000000006000 - 000000000009fc00 (usable)
[    0.000000]  modified: 000000000009fc00 - 00000000000a0000 (reserved)
[    0.000000]  modified: 00000000000e0000 - 0000000000100000 (reserved)
[    0.000000]  modified: 0000000000100000 - 00000000de58f000 (usable)
[    0.000000]  modified: 00000000de58f000 - 00000000de78f000 (ACPI NVS)
[    0.000000]  modified: 00000000de78f000 - 00000000dfd94000 (usable)
[    0.000000]  modified: 00000000dfd94000 - 00000000dfdbf000 (reserved)
[    0.000000]  modified: 00000000dfdbf000 - 00000000dfe92000 (usable)
[    0.000000]  modified: 00000000dfe92000 - 00000000dfebf000 (ACPI NVS)
[    0.000000]  modified: 00000000dfebf000 - 00000000dfee5000 (usable)
[    0.000000]  modified: 00000000dfee5000 - 00000000dfef7000 (ACPI data)
[    0.000000]  modified: 00000000dfef7000 - 00000000dff00000 (usable)
[    0.000000]  modified: 00000000f7000000 - 00000000f8000000 (reserved)
[    0.000000]  modified: 00000000feb00000 - 00000000feb01000 (reserved)
[    0.000000]  modified: 00000000fec00000 - 00000000fec01000 (reserved)
[    0.000000]  modified: 00000000fee00000 - 00000000fee01000 (reserved)
[    0.000000]  modified: 00000000ffe00000 - 0000000100000000 (reserved)
[    0.000000]  modified: 0000000100000000 - 0000000110000000 (usable)
[    0.000000] initial memory mapped : 0 - 00c00000
[    0.000000] init_memory_mapping: 0000000000000000-00000000377fe000
[    0.000000] Using x86 segment limits to approximate NX protection
[    0.000000]  0000000000 - 0000400000 page 4k
[    0.000000]  0000400000 - 0037400000 page 2M
[    0.000000]  0037400000 - 00377fe000 page 4k
[    0.000000] kernel direct mapping tables up to 377fe000 @ 7000-c000
[    0.000000] RAMDISK: 37858000 - 37fefde8
[    0.000000] Allocated new RAMDISK: 008e2000 - 01079de8
[    0.000000] Move RAMDISK from 0000000037858000 - 0000000037fefde7 to 008e2000 - 01079de7
[    0.000000] ACPI: RSDP 000fe020 00024 (v02 LENOVO)
[    0.000000] ACPI: XSDT dfef6120 0005C (v01 LENOVO CB-01    00000001      01000013)
[    0.000000] ACPI: FACP dfef5000 000F4 (v04 LENOVO CB-01    00000001 MSFT 01000013)
[    0.000000] ACPI: DSDT dfee9000 08D43 (v01 LENOVO CB-01    00000001 MSFT 01000013)
[    0.000000] ACPI: FACS dfe9c000 00040
[    0.000000] ACPI: HPET dfef4000 00038 (v01 LENOVO CB-01    00000001 MSFT 01000013)
[    0.000000] ACPI: APIC dfef3000 00068 (v02 INSYDE AMD CRB  00000001 MSFT 01000013)
[    0.000000] ACPI: MCFG dfef2000 0003C (v01 LENOVO CB-01    00000001 MSFT 01000013)
[    0.000000] ACPI: BOOT dfee8000 00028 (v01 INSYDE AMD CRB  00000001 MSFT 01000013)
[    0.000000] ACPI: SLIC dfee7000 00176 (v01 LENOVO CB-01    00000001 MSFT 01000013)
[    0.000000] ACPI: SSDT dfee5000 00386 (v01 AMD    PowerNow 00000001 AMD  00000001)
[    0.000000] ACPI: Local APIC address 0xfee00000
[    0.000000] 2695MB HIGHMEM available.
[    0.000000] 887MB LOWMEM available.
[    0.000000]   mapped low ram: 0 - 377fe000
[    0.000000]   low ram: 0 - 377fe000
[    0.000000]   node 0 low ram: 00000000 - 377fe000
[    0.000000]   node 0 bootmap 00008000 - 0000ef00
[    0.000000] (9 early reservations) ==> bootmem [0000000000 - 00377fe000]
[    0.000000]   #0 [0000000000 - 0000001000]   BIOS data page ==> [0000000000 - 0000001000]
[    0.000000]   #1 [0000001000 - 0000002000]    EX TRAMPOLINE ==> [0000001000 - 0000002000]
[    0.000000]   #2 [0000006000 - 0000007000]       TRAMPOLINE ==> [0000006000 - 0000007000]
[    0.000000]   #3 [0000100000 - 00008ddeb8]    TEXT DATA BSS ==> [0000100000 - 00008ddeb8]
[    0.000000]   #4 [000009fc00 - 0000100000]    BIOS reserved ==> [000009fc00 - 0000100000]
[    0.000000]   #5 [00008de000 - 00008e12c3]              BRK ==> [00008de000 - 00008e12c3]
[    0.000000]   #6 [0000007000 - 0000008000]          PGTABLE ==> [0000007000 - 0000008000]
[    0.000000]   #7 [00008e2000 - 0001079de8]      NEW RAMDISK ==> [00008e2000 - 0001079de8]
[    0.000000]   #8 [0000008000 - 000000f000]          BOOTMAP ==> [0000008000 - 000000f000]
[    0.000000] Zone PFN ranges:
[    0.000000]   DMA      0x00000000 -> 0x00001000
[    0.000000]   Normal   0x00001000 -> 0x000377fe
[    0.000000]   HighMem  0x000377fe -> 0x000dff00
[    0.000000] Movable zone start PFN for each node
[    0.000000] early_node_map[7] active PFN ranges
[    0.000000]     0: 0x00000000 -> 0x00000002
[    0.000000]     0: 0x00000006 -> 0x0000009f
[    0.000000]     0: 0x00000100 -> 0x000de58f
[    0.000000]     0: 0x000de78f -> 0x000dfd94
[    0.000000]     0: 0x000dfdbf -> 0x000dfe92
[    0.000000]     0: 0x000dfebf -> 0x000dfee5
[    0.000000]     0: 0x000dfef7 -> 0x000dff00
[    0.000000] On node 0 totalpages: 916529
[    0.000000] free_area_init_node: node 0, pgdat c079a780, node_mem_map c107b000
[    0.000000]   DMA zone: 32 pages used for memmap
[    0.000000]   DMA zone: 0 pages reserved
[    0.000000]   DMA zone: 3963 pages, LIFO batch:0
[    0.000000]   Normal zone: 1744 pages used for memmap
[    0.000000]   Normal zone: 221486 pages, LIFO batch:31
[    0.000000]   HighMem zone: 5391 pages used for memmap
[    0.000000]   HighMem zone: 683913 pages, LIFO batch:31
[    0.000000] Using APIC driver default
[    0.000000] ACPI: PM-Timer IO Port: 0x408
[    0.000000] ACPI: Local APIC address 0xfee00000
[    0.000000] ACPI: LAPIC (acpi_id[0x00] lapic_id[0x00] enabled)
[    0.000000] ACPI: LAPIC (acpi_id[0x01] lapic_id[0x01] enabled)
[    0.000000] ACPI: LAPIC_NMI (acpi_id[0x00] high edge lint[0x1])
[    0.000000] ACPI: LAPIC_NMI (acpi_id[0x01] high edge lint[0x1])
[    0.000000] ACPI: IOAPIC (id[0x04] address[0xfec00000] gsi_base[0])
[    0.000000] IOAPIC[0]: apic_id 4, version 33, address 0xfec00000, GSI 0-23
[    0.000000] ACPI: INT_SRC_OVR (bus 0 bus_irq 0 global_irq 2 dfl dfl)
[    0.000000] ACPI: INT_SRC_OVR (bus 0 bus_irq 9 global_irq 9 low level)
[    0.000000] ACPI: IRQ0 used by override.
[    0.000000] ACPI: IRQ2 used by override.
[    0.000000] ACPI: IRQ9 used by override.
[    0.000000] Using ACPI (MADT) for SMP configuration information
[    0.000000] ACPI: HPET id: 0x1002a201 base: 0xfed00000
[    0.000000] SMP: Allowing 2 CPUs, 0 hotplug CPUs
[    0.000000] nr_irqs_gsi: 24
[    0.000000] PM: Registered nosave memory: 0000000000002000 - 0000000000006000
[    0.000000] PM: Registered nosave memory: 000000000009f000 - 00000000000a0000
[    0.000000] PM: Registered nosave memory: 00000000000a0000 - 00000000000e0000
[    0.000000] PM: Registered nosave memory: 00000000000e0000 - 0000000000100000
[    0.000000] Allocating PCI resources starting at dff00000 (gap: dff00000:17100000)
[    0.000000] Booting paravirtualized kernel on bare hardware
[    0.000000] NR_CPUS:8 nr_cpumask_bits:8 nr_cpu_ids:2 nr_node_ids:1
[    0.000000] PERCPU: Embedded 14 pages/cpu @c3000000 s36056 r0 d21288 u2097152
[    0.000000] pcpu-alloc: s36056 r0 d21288 u2097152 alloc=1*4194304
[    0.000000] pcpu-alloc: [0] 0 1 
[    0.000000] Built 1 zonelists in Zone order, mobility grouping on.  Total pages: 909362
[    0.000000] Kernel command line: BOOT_IMAGE=/vmlinuz-2.6.32-24-generic root=UUID=b01732f0-4d91-4e62-9584-f61b89e9af75 ro quiet splash
[    0.000000] PID hash table entries: 4096 (order: 2, 16384 bytes)
[    0.000000] Dentry cache hash table entries: 131072 (order: 7, 524288 bytes)
[    0.000000] Inode-cache hash table entries: 65536 (order: 6, 262144 bytes)
[    0.000000] Enabling fast FPU save and restore... done.
[    0.000000] Enabling unmasked SIMD FPU exception support... done.
[    0.000000] Initializing CPU#0
[    0.000000] allocated 18344960 bytes of page_cgroup
[    0.000000] please try 'cgroup_disable=memory' option if you don't want memory cgroups
[    0.000000] Initializing HighMem for node 0 (000377fe:000dff00)
[    0.000000] Memory: 3601652k/3668992k available (4679k kernel code, 63440k reserved, 2124k data, 660k init, 2757216k highmem)
[    0.000000] virtual kernel memory layout:
[    0.000000]     fixmap  : 0xfff1d000 - 0xfffff000   ( 904 kB)
[    0.000000]     pkmap   : 0xff800000 - 0xffc00000   (4096 kB)
[    0.000000]     vmalloc : 0xf7ffe000 - 0xff7fe000   ( 120 MB)
[    0.000000]     lowmem  : 0xc0000000 - 0xf77fe000   ( 887 MB)
[    0.000000]       .init : 0xc07a5000 - 0xc084a000   ( 660 kB)
[    0.000000]       .data : 0xc0591e33 - 0xc07a4e88   (2124 kB)
[    0.000000]       .text : 0xc0100000 - 0xc0591e33   (4679 kB)
[    0.000000] Checking if this processor honours the WP bit even in supervisor mode...Ok.
[    0.000000] SLUB: Genslabs=13, HWalign=64, Order=0-3, MinObjects=0, CPUs=2, Nodes=1
[    0.000000] Hierarchical RCU implementation.
[    0.000000] NR_IRQS:2304 nr_irqs:424
[    0.000000] spurious 8259A interrupt: IRQ7.
[    0.000000] Console: colour VGA+ 80x25
[    0.000000] console [tty0] enabled
[    0.000000] hpet clockevent registered
[    0.000000]   alloc irq_desc for 24 on node 0
[    0.000000]   alloc kstat_irqs on node 0
[    0.000000] HPET: 4 timers in total, 1 timers will be used for per-cpu timer
[    0.000000] Fast TSC calibration using PIT
[    0.000000] Detected 2094.657 MHz processor.
[    0.004004] Calibrating delay loop (skipped), value calculated using timer frequency.. 4189.31 BogoMIPS (lpj=8378628)
[    0.004019] Security Framework initialized
[    0.004029] AppArmor: AppArmor initialized
[    0.004035] Mount-cache hash table entries: 512
[    0.004128] Initializing cgroup subsys ns
[    0.004131] Initializing cgroup subsys cpuacct
[    0.004135] Initializing cgroup subsys memory
[    0.004140] Initializing cgroup subsys devices
[    0.004142] Initializing cgroup subsys freezer
[    0.004144] Initializing cgroup subsys net_cls
[    0.004158] CPU: L1 I Cache: 64K (64 bytes/line), D cache 64K (64 bytes/line)
[    0.004161] CPU: L2 Cache: 512K (64 bytes/line)
[    0.004163] CPU: Physical Processor ID: 0
[    0.004164] CPU: Processor Core ID: 0
[    0.004168] mce: CPU supports 6 MCE banks
[    0.004176] using C1E aware idle routine
[    0.004181] Performance Events: AMD PMU driver.
[    0.004186] ... version:                0
[    0.004188] ... bit width:              48
[    0.004190] ... generic registers:      4
[    0.004192] ... value mask:             0000ffffffffffff
[    0.004194] ... max period:             00007fffffffffff
[    0.004195] ... fixed-purpose events:   0
[    0.004197] ... event mask:             000000000000000f
[    0.004201] Checking 'hlt' instruction... OK.
[    0.022019] ACPI: Core revision 20090903
[    0.036008] ftrace: converting mcount calls to 0f 1f 44 00 00
[    0.036012] ftrace: allocating 21780 entries in 43 pages
[    0.040109] Enabling APIC mode:  Flat.  Using 1 I/O APICs
[    0.044226] ..TIMER: vector=0x30 apic1=0 pin1=2 apic2=-1 pin2=-1
[    0.083879] CPU0: AMD Athlon(tm) II Dual-Core M320 stepping 02
[    0.084001] Booting processor 1 APIC 0x1 ip 0x6000
[    0.008000] Initializing CPU#1
[    0.008000] CPU: L1 I Cache: 64K (64 bytes/line), D cache 64K (64 bytes/line)
[    0.008000] CPU: L2 Cache: 512K (64 bytes/line)
[    0.008000] CPU: Physical Processor ID: 0
[    0.008000] CPU: Processor Core ID: 1
[    0.168073] CPU1: AMD Athlon(tm) II Dual-Core M320 stepping 02
[    0.168118] checking TSC synchronization [CPU#0 -> CPU#1]: passed.
[    0.172014] Brought up 2 CPUs
[    0.172016] Total of 2 processors activated (8378.70 BogoMIPS).
[    0.172021] System has AMD C1E enabled
[    0.172047] Switch to broadcast mode on CPU1
[    0.172221] CPU0 attaching sched-domain:
[    0.172224]  domain 0: span 0-1 level MC
[    0.172227]   groups: 0 1
[    0.172232] CPU1 attaching sched-domain:
[    0.172234]  domain 0: span 0-1 level MC
[    0.172236]   groups: 1 0
[    0.172305] Switch to broadcast mode on CPU0
[    0.172305] devtmpfs: initialized
[    0.172305] regulator: core version 0.5
[    0.172305] Time: 16:54:16  Date: 08/29/10
[    0.172305] NET: Registered protocol family 16
[    0.172305] EISA bus registered
[    0.172305] ACPI: bus type pci registered
[    0.172305] Trying to unpack rootfs image as initramfs...
[    0.172305] PCI: MCFG configuration 0: base f7000000 segment 0 buses 0 - 15
[    0.172305] PCI: MCFG area at f7000000 reserved in E820
[    0.172305] PCI: Using MMCONFIG for extended config space
[    0.172305] PCI: Using configuration type 1 for base access
[    0.172320] mtrr: your CPUs had inconsistent fixed MTRR settings
[    0.172322] mtrr: probably your BIOS does not setup all CPUs.
[    0.172324] mtrr: corrected configuration.
[    0.176154] bio: create slab <bio-0> at 0
[    0.177226] ACPI: EC: Look up EC in DSDT
[    0.178838] ACPI: Executed 1 blocks of module-level executable AML code
[    0.181653] ACPI: BIOS _OSI(Linux) query ignored
[    0.195911] ACPI: Interpreter enabled
[    0.195911] ACPI: (supports S0 S3 S4 S5)
[    0.196030] ACPI: Using IOAPIC for interrupt routing
[    0.196560] [Firmware Bug]: ACPI: ACPI brightness control misses _BQC function
[    0.196846] [Firmware Bug]: ACPI: ACPI brightness control misses _BQC function
[    0.231243] ACPI: EC: GPE = 0x3, I/O: command/status = 0x66, data = 0x62
[    0.232124] ACPI: No dock devices found.
[    0.233015] ACPI: PCI Root Bridge [PCI0] (0000:00)
[    0.233179] pci 0000:00:04.0: PME# supported from D0 D3hot D3cold
[    0.233182] pci 0000:00:04.0: PME# disabled
[    0.233218] pci 0000:00:05.0: PME# supported from D0 D3hot D3cold
[    0.233220] pci 0000:00:05.0: PME# disabled
[    0.233256] pci 0000:00:06.0: PME# supported from D0 D3hot D3cold
[    0.233259] pci 0000:00:06.0: PME# disabled
[    0.233348] pci 0000:00:11.0: reg 10 io port: [0x8038-0x803f]
[    0.233355] pci 0000:00:11.0: reg 14 io port: [0x804c-0x804f]
[    0.233362] pci 0000:00:11.0: reg 18 io port: [0x8030-0x8037]
[    0.233369] pci 0000:00:11.0: reg 1c io port: [0x8048-0x804b]
[    0.233376] pci 0000:00:11.0: reg 20 io port: [0x8010-0x801f]
[    0.233383] pci 0000:00:11.0: reg 24 32bit mmio: [0xf2408000-0xf24083ff]
[    0.233439] pci 0000:00:12.0: reg 10 32bit mmio: [0xf2407000-0xf2407fff]
[    0.233495] pci 0000:00:12.1: reg 10 32bit mmio: [0xf2406000-0xf2406fff]
[    0.233567] pci 0000:00:12.2: reg 10 32bit mmio: [0xf2408500-0xf24085ff]
[    0.233620] pci 0000:00:12.2: supports D1 D2
[    0.233622] pci 0000:00:12.2: PME# supported from D0 D1 D2 D3hot
[    0.233626] pci 0000:00:12.2: PME# disabled
[    0.233658] pci 0000:00:13.0: reg 10 32bit mmio: [0xf2405000-0xf2405fff]
[    0.233712] pci 0000:00:13.1: reg 10 32bit mmio: [0xf2404000-0xf2404fff]
[    0.233784] pci 0000:00:13.2: reg 10 32bit mmio: [0xf2408400-0xf24084ff]
[    0.233837] pci 0000:00:13.2: supports D1 D2
[    0.233839] pci 0000:00:13.2: PME# supported from D0 D1 D2 D3hot
[    0.233843] pci 0000:00:13.2: PME# disabled
[    0.233968] pci 0000:00:14.2: reg 10 64bit mmio: [0xf2400000-0xf2403fff]
[    0.234011] pci 0000:00:14.2: PME# supported from D0 D3hot D3cold
[    0.234016] pci 0000:00:14.2: PME# disabled
[    0.234246] pci 0000:01:05.0: reg 10 32bit mmio pref: [0xe0000000-0xefffffff]
[    0.234250] pci 0000:01:05.0: reg 14 io port: [0x7000-0x70ff]
[    0.234254] pci 0000:01:05.0: reg 18 32bit mmio: [0xf2300000-0xf230ffff]
[    0.234262] pci 0000:01:05.0: reg 24 32bit mmio: [0xf2200000-0xf22fffff]
[    0.234274] pci 0000:01:05.0: supports D1 D2
[    0.234350] pci 0000:00:01.0: bridge io port: [0x7000-0x7fff]
[    0.234353] pci 0000:00:01.0: bridge 32bit mmio: [0xf2200000-0xf23fffff]
[    0.234357] pci 0000:00:01.0: bridge 64bit mmio pref: [0xe0000000-0xefffffff]
[    0.234403] pci 0000:00:04.0: bridge io port: [0x3000-0x6fff]
[    0.234406] pci 0000:00:04.0: bridge 32bit mmio: [0xf1200000-0xf21fffff]
[    0.234410] pci 0000:00:04.0: bridge 64bit mmio pref: [0xf0000000-0xf0ffffff]
[    0.234460] pci 0000:08:00.0: reg 10 64bit mmio: [0xf1100000-0xf1103fff]
[    0.234515] pci 0000:08:00.0: supports D1 D2
[    0.234517] pci 0000:08:00.0: PME# supported from D0 D3hot D3cold
[    0.234522] pci 0000:08:00.0: PME# disabled
[    0.234584] pci 0000:00:05.0: bridge 32bit mmio: [0xf1100000-0xf11fffff]
[    0.234631] pci 0000:09:00.0: reg 10 64bit mmio: [0xf1000000-0xf103ffff]
[    0.234639] pci 0000:09:00.0: reg 18 io port: [0x2000-0x207f]
[    0.234693] pci 0000:09:00.0: PME# supported from D0 D1 D2 D3hot D3cold
[    0.234697] pci 0000:09:00.0: PME# disabled
[    0.234789] pci 0000:00:06.0: bridge io port: [0x2000-0x2fff]
[    0.234792] pci 0000:00:06.0: bridge 32bit mmio: [0xf1000000-0xf10fffff]
[    0.234851] pci 0000:00:14.4: transparent bridge
[    0.234873] pci_bus 0000:00: on NUMA node 0
[    0.234878] ACPI: PCI Interrupt Routing Table [\_SB_.PCI0._PRT]
[    0.234995] ACPI: PCI Interrupt Routing Table [\_SB_.PCI0.AGP_._PRT]
[    0.235074] ACPI: PCI Interrupt Routing Table [\_SB_.PCI0.PB4_._PRT]
[    0.235153] ACPI: PCI Interrupt Routing Table [\_SB_.PCI0.PB5_._PRT]
[    0.235223] ACPI: PCI Interrupt Routing Table [\_SB_.PCI0.PB6_._PRT]
[    0.235340] ACPI: PCI Interrupt Routing Table [\_SB_.PCI0.P2P_._PRT]
[    0.247285] ACPI: PCI Interrupt Link [LNKA] (IRQs 3 4 5 7 10 11 12 14 15) *0, disabled.
[    0.247475] ACPI: PCI Interrupt Link [LNKB] (IRQs 3 4 5 7 10 11 12 14 15) *0, disabled.
[    0.247628] ACPI: PCI Interrupt Link [LNKC] (IRQs 3 4 5 7 10 11 12 14 15) *0, disabled.
[    0.247781] ACPI: PCI Interrupt Link [LNKD] (IRQs 3 4 5 7 10 11 12 14 15) *0, disabled.
[    0.247933] ACPI: PCI Interrupt Link [LNKE] (IRQs 3 4 5 7 10 11 12 14 15) *0, disabled.
[    0.248134] ACPI: PCI Interrupt Link [LNKF] (IRQs 3 4 5 7 10 11 12 14 15) *0, disabled.
[    0.248325] ACPI: PCI Interrupt Link [LNKG] (IRQs 3 4 5 7 10 11 12 14 15) *0, disabled.
[    0.248516] ACPI: PCI Interrupt Link [LNKH] (IRQs 3 4 5 7 10 11 12 14 15) *0, disabled.
[    0.248625] vgaarb: device added: PCI:0000:01:05.0,decodes=io+mem,owns=io+mem,locks=none
[    0.248629] vgaarb: loaded
[    0.248725] SCSI subsystem initialized
[    0.248802] libata version 3.00 loaded.
[    0.248857] usbcore: registered new interface driver usbfs
[    0.248867] usbcore: registered new interface driver hub
[    0.248887] usbcore: registered new device driver usb
[    0.248992] ACPI: WMI: Mapper loaded
[    0.248994] PCI: Using ACPI for IRQ routing
[    0.249171] NetLabel: Initializing
[    0.249173] NetLabel:  domain hash size = 128
[    0.249174] NetLabel:  protocols = UNLABELED CIPSOv4
[    0.249186] NetLabel:  unlabeled traffic allowed by default
[    0.249249] hpet0: at MMIO 0xfed00000, IRQs 2, 8, 24, 0
[    0.249254] hpet0: 4 comparators, 32-bit 14.318180 MHz counter
[    0.251283] Switching to clocksource tsc
[    0.251555] AppArmor: AppArmor Filesystem Enabled
[    0.251555] pnp: PnP ACPI init
[    0.251555] ACPI: bus type pnp registered
[    0.269800] pnp: PnP ACPI: found 10 devices
[    0.269804] ACPI: ACPI bus type pnp unregistered
[    0.269808] PnPBIOS: Disabled by ACPI PNP
[    0.269827] system 00:01: iomem range 0xfec00000-0xfec00fff could not be reserved
[    0.269830] system 00:01: iomem range 0xfee00000-0xfee00fff has been reserved
[    0.269833] system 00:01: iomem range 0xf7000000-0xf7ffffff has been reserved
[    0.269843] system 00:08: ioport range 0x400-0x4cf has been reserved
[    0.269846] system 00:08: ioport range 0x4d0-0x4d1 has been reserved
[    0.269848] system 00:08: ioport range 0x4d6-0x4d6 has been reserved
[    0.269851] system 00:08: ioport range 0x680-0x6ff has been reserved
[    0.269853] system 00:08: ioport range 0x77a-0x77a has been reserved
[    0.269856] system 00:08: ioport range 0xc00-0xc01 has been reserved
[    0.269858] system 00:08: ioport range 0xc14-0xc14 has been reserved
[    0.269861] system 00:08: ioport range 0xc50-0xc52 has been reserved
[    0.269863] system 00:08: ioport range 0xc6c-0xc6c has been reserved
[    0.269866] system 00:08: ioport range 0xc6f-0xc6f has been reserved
[    0.269868] system 00:08: ioport range 0xcd0-0xcdb has been reserved
[    0.269874] system 00:09: iomem range 0xe0000-0xfffff could not be reserved
[    0.269877] system 00:09: iomem range 0xffe00000-0xffffffff has been reserved
[    0.304855] pci 0000:00:01.0: PCI bridge, secondary bus 0000:01
[    0.304858] pci 0000:00:01.0:   IO window: 0x7000-0x7fff
[    0.304861] pci 0000:00:01.0:   MEM window: 0xf2200000-0xf23fffff
[    0.304865] pci 0000:00:01.0:   PREFETCH window: 0x000000e0000000-0x000000efffffff
[    0.304869] pci 0000:00:04.0: PCI bridge, secondary bus 0000:02
[    0.304872] pci 0000:00:04.0:   IO window: 0x3000-0x6fff
[    0.304875] pci 0000:00:04.0:   MEM window: 0xf1200000-0xf21fffff
[    0.304878] pci 0000:00:04.0:   PREFETCH window: 0x000000f0000000-0x000000f0ffffff
[    0.304882] pci 0000:00:05.0: PCI bridge, secondary bus 0000:08
[    0.304884] pci 0000:00:05.0:   IO window: disabled
[    0.304887] pci 0000:00:05.0:   MEM window: 0xf1100000-0xf11fffff
[    0.304890] pci 0000:00:05.0:   PREFETCH window: disabled
[    0.304894] pci 0000:00:06.0: PCI bridge, secondary bus 0000:09
[    0.304896] pci 0000:00:06.0:   IO window: 0x2000-0x2fff
[    0.304899] pci 0000:00:06.0:   MEM window: 0xf1000000-0xf10fffff
[    0.304902] pci 0000:00:06.0:   PREFETCH window: disabled
[    0.304905] pci 0000:00:14.4: PCI bridge, secondary bus 0000:0a
[    0.304907] pci 0000:00:14.4:   IO window: disabled
[    0.304946] pci 0000:00:14.4:   MEM window: disabled
[    0.304950] pci 0000:00:14.4:   PREFETCH window: disabled
[    0.304961] pci 0000:00:01.0: setting latency timer to 64
[    0.304969]   alloc irq_desc for 16 on node -1
[    0.304971]   alloc kstat_irqs on node -1
[    0.304977] pci 0000:00:04.0: PCI INT A -> GSI 16 (level, low) -> IRQ 16
[    0.304980] pci 0000:00:04.0: setting latency timer to 64
[    0.304985]   alloc irq_desc for 17 on node -1
[    0.304987]   alloc kstat_irqs on node -1
[    0.304990] pci 0000:00:05.0: PCI INT A -> GSI 17 (level, low) -> IRQ 17
[    0.304993] pci 0000:00:05.0: setting latency timer to 64
[    0.304998]   alloc irq_desc for 18 on node -1
[    0.304999]   alloc kstat_irqs on node -1
[    0.305002] pci 0000:00:06.0: PCI INT A -> GSI 18 (level, low) -> IRQ 18
[    0.305005] pci 0000:00:06.0: setting latency timer to 64
[    0.305013] pci_bus 0000:00: resource 0 io:  [0x00-0xffff]
[    0.305015] pci_bus 0000:00: resource 1 mem: [0x000000-0xffffffff]
[    0.305018] pci_bus 0000:01: resource 0 io:  [0x7000-0x7fff]
[    0.305020] pci_bus 0000:01: resource 1 mem: [0xf2200000-0xf23fffff]
[    0.305023] pci_bus 0000:01: resource 2 pref mem [0xe0000000-0xefffffff]
[    0.305025] pci_bus 0000:02: resource 0 io:  [0x3000-0x6fff]
[    0.305028] pci_bus 0000:02: resource 1 mem: [0xf1200000-0xf21fffff]
[    0.305030] pci_bus 0000:02: resource 2 pref mem [0xf0000000-0xf0ffffff]
[    0.305033] pci_bus 0000:08: resource 1 mem: [0xf1100000-0xf11fffff]
[    0.305035] pci_bus 0000:09: resource 0 io:  [0x2000-0x2fff]
[    0.305037] pci_bus 0000:09: resource 1 mem: [0xf1000000-0xf10fffff]
[    0.305040] pci_bus 0000:0a: resource 3 io:  [0x00-0xffff]
[    0.305042] pci_bus 0000:0a: resource 4 mem: [0x000000-0xffffffff]
[    0.305079] NET: Registered protocol family 2
[    0.305163] IP route cache hash table entries: 32768 (order: 5, 131072 bytes)
[    0.305435] TCP established hash table entries: 131072 (order: 8, 1048576 bytes)
[    0.305964] TCP bind hash table entries: 65536 (order: 7, 524288 bytes)
[    0.306216] TCP: Hash tables configured (established 131072 bind 65536)
[    0.306219] TCP reno registered
[    0.306297] NET: Registered protocol family 1
[    0.453784] Freeing initrd memory: 7775k freed
[    0.464580] pci 0000:01:05.0: Boot video device
[    0.464642] Simple Boot Flag at 0x44 set to 0x1
[    0.464808] cpufreq-nforce2: No nForce2 chipset.
[    0.464829] Scanning for low memory corruption every 60 seconds
[    0.464926] audit: initializing netlink socket (disabled)
[    0.464937] type=2000 audit(1283100856.464:1): initialized
[    0.473453] highmem bounce pool size: 64 pages
[    0.473458] HugeTLB registered 4 MB page size, pre-allocated 0 pages
[    0.474745] VFS: Disk quotas dquot_6.5.2
[    0.474795] Dquot-cache hash table entries: 1024 (order 0, 4096 bytes)
[    0.475294] fuse init (API version 7.13)
[    0.475365] msgmni has been set to 1666
[    0.475586] alg: No test for stdrng (krng)
[    0.475634] Block layer SCSI generic (bsg) driver version 0.4 loaded (major 253)
[    0.475637] io scheduler noop registered
[    0.475639] io scheduler anticipatory registered
[    0.475641] io scheduler deadline registered
[    0.475676] io scheduler cfq registered (default)
[    0.475798]   alloc irq_desc for 25 on node -1
[    0.475800]   alloc kstat_irqs on node -1
[    0.475807] pcieport 0000:00:04.0: irq 25 for MSI/MSI-X
[    0.475812] pcieport 0000:00:04.0: setting latency timer to 64
[    0.475891]   alloc irq_desc for 26 on node -1
[    0.475893]   alloc kstat_irqs on node -1
[    0.475897] pcieport 0000:00:05.0: irq 26 for MSI/MSI-X
[    0.475901] pcieport 0000:00:05.0: setting latency timer to 64
[    0.475969]   alloc irq_desc for 27 on node -1
[    0.475971]   alloc kstat_irqs on node -1
[    0.475975] pcieport 0000:00:06.0: irq 27 for MSI/MSI-X
[    0.475979] pcieport 0000:00:06.0: setting latency timer to 64
[    0.476033] pci_hotplug: PCI Hot Plug PCI Core version: 0.5
[    0.476092] pciehp: PCI Express Hot Plug Controller Driver version: 0.4
[    0.478616] ACPI: AC Adapter [AC] (off-line)
[    0.478696] input: Power Button as /devices/LNXSYSTM:00/LNXSYBUS:00/PNP0C0C:00/input/input0
[    0.478699] ACPI: Power Button [PWRB]
[    0.478736] input: Sleep Button as /devices/LNXSYSTM:00/LNXSYBUS:00/PNP0C0E:00/input/input1
[    0.478738] ACPI: Sleep Button [SLPB]
[    0.478789] input: Lid Switch as /devices/LNXSYSTM:00/LNXSYBUS:00/PNP0C0D:00/input/input2
[    0.478874] ACPI: Lid Switch [LID]
[    0.478908] input: Power Button as /devices/LNXSYSTM:00/LNXPWRBN:00/input/input3
[    0.478911] ACPI: Power Button [PWRF]
[    0.479216] ACPI: processor limited to max C-state 1
[    0.479240] processor LNXCPU:00: registered as cooling_device0
[    0.479268] processor LNXCPU:01: registered as cooling_device1
[    0.496503] ACPI: Invalid active0 threshold
[    0.498661] thermal LNXTHERM:01: registered as thermal_zone0
[    0.498678] ACPI: Thermal Zone [THRM] (50 C)
[    0.500919] ACPI: Invalid active0 threshold
[    0.503031] thermal LNXTHERM:02: registered as thermal_zone1
[    0.503041] ACPI: Thermal Zone [THR1] (0 C)
[    0.503307] isapnp: Scanning for PnP cards...
[    0.504237] Serial: 8250/16550 driver, 4 ports, IRQ sharing enabled
[    0.505300] brd: module loaded
[    0.505661] loop: module loaded
[    0.505737] input: Macintosh mouse button emulation as /devices/virtual/input/input4
[    0.506073] Fixed MDIO Bus: probed
[    0.506101] PPP generic driver version 2.4.2
[    0.506131] tun: Universal TUN/TAP device driver, 1.6
[    0.506132] tun: (C) 1999-2004 Max Krasnyansky <maxk@qualcomm.com>
[    0.506195] ehci_hcd: USB 2.0 'Enhanced' Host Controller (EHCI) Driver
[    0.506250] ehci_hcd 0000:00:12.2: PCI INT B -> GSI 17 (level, low) -> IRQ 17
[    0.506265] ehci_hcd 0000:00:12.2: setting latency timer to 64
[    0.506268] ehci_hcd 0000:00:12.2: EHCI Host Controller
[    0.506294] ehci_hcd 0000:00:12.2: new USB bus registered, assigned bus number 1
[    0.506325] ehci_hcd 0000:00:12.2: debug port 1
[    0.506346] ehci_hcd 0000:00:12.2: irq 17, io mem 0xf2408500
[    0.516470] ehci_hcd 0000:00:12.2: USB 2.0 started, EHCI 1.00
[    0.516574] usb usb1: configuration #1 chosen from 1 choice
[    0.516599] hub 1-0:1.0: USB hub found
[    0.516608] hub 1-0:1.0: 6 ports detected
[    0.516703]   alloc irq_desc for 19 on node -1
[    0.516705]   alloc kstat_irqs on node -1
[    0.516710] ehci_hcd 0000:00:13.2: PCI INT B -> GSI 19 (level, low) -> IRQ 19
[    0.516726] ehci_hcd 0000:00:13.2: setting latency timer to 64
[    0.516729] ehci_hcd 0000:00:13.2: EHCI Host Controller
[    0.516757] ehci_hcd 0000:00:13.2: new USB bus registered, assigned bus number 2
[    0.516786] ehci_hcd 0000:00:13.2: debug port 1
[    0.516807] ehci_hcd 0000:00:13.2: irq 19, io mem 0xf2408400
[    0.528504] ehci_hcd 0000:00:13.2: USB 2.0 started, EHCI 1.00
[    0.528607] usb usb2: configuration #1 chosen from 1 choice
[    0.528631] hub 2-0:1.0: USB hub found
[    0.528640] hub 2-0:1.0: 6 ports detected
[    0.528735] ohci_hcd: USB 1.1 'Open' Host Controller (OHCI) Driver
[    0.528753] ohci_hcd 0000:00:12.0: PCI INT A -> GSI 16 (level, low) -> IRQ 16
[    0.528770] ohci_hcd 0000:00:12.0: setting latency timer to 64
[    0.528773] ohci_hcd 0000:00:12.0: OHCI Host Controller
[    0.528802] ohci_hcd 0000:00:12.0: new USB bus registered, assigned bus number 3
[    0.528828] ohci_hcd 0000:00:12.0: irq 16, io mem 0xf2407000
[    0.569136] ACPI: Battery Slot [BAT0] (battery present)
[    0.588579] usb usb3: configuration #1 chosen from 1 choice
[    0.588604] hub 3-0:1.0: USB hub found
[    0.588634] hub 3-0:1.0: 3 ports detected
[    0.588684] ohci_hcd 0000:00:12.1: PCI INT A -> GSI 16 (level, low) -> IRQ 16
[    0.588701] ohci_hcd 0000:00:12.1: setting latency timer to 64
[    0.588704] ohci_hcd 0000:00:12.1: OHCI Host Controller
[    0.588734] ohci_hcd 0000:00:12.1: new USB bus registered, assigned bus number 4
[    0.588755] ohci_hcd 0000:00:12.1: irq 16, io mem 0xf2406000
[    0.648552] usb usb4: configuration #1 chosen from 1 choice
[    0.648578] hub 4-0:1.0: USB hub found
[    0.648590] hub 4-0:1.0: 3 ports detected
[    0.648646] ohci_hcd 0000:00:13.0: PCI INT A -> GSI 18 (level, low) -> IRQ 18
[    0.648664] ohci_hcd 0000:00:13.0: setting latency timer to 64
[    0.648667] ohci_hcd 0000:00:13.0: OHCI Host Controller
[    0.648695] ohci_hcd 0000:00:13.0: new USB bus registered, assigned bus number 5
[    0.648723] ohci_hcd 0000:00:13.0: irq 18, io mem 0xf2405000
[    0.708589] usb usb5: configuration #1 chosen from 1 choice
[    0.708614] hub 5-0:1.0: USB hub found
[    0.708658] hub 5-0:1.0: 3 ports detected
[    0.708706] ohci_hcd 0000:00:13.1: PCI INT A -> GSI 18 (level, low) -> IRQ 18
[    0.708723] ohci_hcd 0000:00:13.1: setting latency timer to 64
[    0.708727] ohci_hcd 0000:00:13.1: OHCI Host Controller
[    0.708755] ohci_hcd 0000:00:13.1: new USB bus registered, assigned bus number 6
[    0.708776] ohci_hcd 0000:00:13.1: irq 18, io mem 0xf2404000
[    0.768582] usb usb6: configuration #1 chosen from 1 choice
[    0.768607] hub 6-0:1.0: USB hub found
[    0.768650] hub 6-0:1.0: 3 ports detected
[    0.768701] uhci_hcd: USB Universal Host Controller Interface driver
[    0.768770] PNP: PS/2 Controller [PNP0303:KBC0,PNP0f13:PS2M] at 0x60,0x64 irq 1,12
[    0.784764] serio: i8042 KBD port at 0x60,0x64 irq 1
[    0.784769] serio: i8042 AUX port at 0x60,0x64 irq 12
[    0.784863] mice: PS/2 mouse device common for all mice
[    0.786212] rtc_cmos 00:04: RTC can wake from S4
[    0.786243] rtc_cmos 00:04: rtc core: registered rtc_cmos as rtc0
[    0.786267] rtc0: alarms up to one day, 114 bytes nvram, hpet irqs
[    0.786352] device-mapper: uevent: version 1.0.3
[    0.786444] device-mapper: ioctl: 4.15.0-ioctl (2009-04-01) initialised: dm-devel@redhat.com
[    0.786498] device-mapper: multipath: version 1.1.0 loaded
[    0.786500] device-mapper: multipath round-robin: version 1.0.0 loaded
[    0.786591] EISA: Probing bus 0 at eisa.0
[    0.786635] Cannot allocate resource for EISA slot 2
[    0.786638] Cannot allocate resource for EISA slot 3
[    0.786639] Cannot allocate resource for EISA slot 4
[    0.786641] Cannot allocate resource for EISA slot 5
[    0.786643] Cannot allocate resource for EISA slot 6
[    0.786644] Cannot allocate resource for EISA slot 7
[    0.786646] Cannot allocate resource for EISA slot 8
[    0.786648] EISA: Detected 0 cards.
[    0.786703] cpuidle: using governor ladder
[    0.786705] cpuidle: using governor menu
[    0.787087] TCP cubic registered
[    0.787218] NET: Registered protocol family 10
[    0.787618] lo: Disabled Privacy Extensions
[    0.787912] NET: Registered protocol family 17
[    0.787940] powernow-k8: Found 1 AMD Athlon(tm) II Dual-Core M320 processors (2 cpu cores) (version 2.20.00)
[    0.787975] powernow-k8:    0 : pstate 0 (2100 MHz)
[    0.787977] powernow-k8:    1 : pstate 1 (1500 MHz)
[    0.787979] powernow-k8:    2 : pstate 2 (800 MHz)
[    0.793262] Using IPI No-Shortcut mode
[    0.793351] PM: Resume from disk failed.
[    0.793362] registered taskstats version 1
[    0.793697]   Magic number: 6:779:945
[    0.793725] tty tty2: hash matches
[    0.793812] rtc_cmos 00:04: setting system clock to 2010-08-29 16:54:17 UTC (1283100857)
[    0.793814] BIOS EDD facility v0.16 2004-Jun-25, 0 devices found
[    0.793816] EDD information not available.
[    0.801604] input: AT Translated Set 2 keyboard as /devices/platform/i8042/serio0/input/input5
[    0.837183] usb 1-3: new high speed USB device using ehci_hcd and address 2
[    0.884889] isapnp: No Plug & Play device found
[    0.884927] Freeing unused kernel memory: 660k freed
[    0.885197] Write protecting the kernel text: 4680k
[    0.885230] Write protecting the kernel read-only data: 1844k
[    0.904093] udev: starting version 151
[    0.972955] ahci 0000:00:11.0: version 3.0
[    0.973003]   alloc irq_desc for 22 on node -1
[    0.973005]   alloc kstat_irqs on node -1
[    0.973012] ahci 0000:00:11.0: PCI INT A -> GSI 22 (level, low) -> IRQ 22
[    0.973052]   alloc irq_desc for 28 on node -1
[    0.973053]   alloc kstat_irqs on node -1
[    0.973063] ahci 0000:00:11.0: irq 28 for MSI/MSI-X
[    0.973125] ahci 0000:00:11.0: AHCI 0001.0100 32 slots 2 ports 3 Gbps 0x3 impl SATA mode
[    0.973129] ahci 0000:00:11.0: flags: 64bit ncq sntf ilck led clo pmp pio slum part ccc sxs 
[    0.989404] usb 1-3: configuration #1 chosen from 1 choice
[    0.989688] scsi0 : ahci
[    0.996082] scsi1 : ahci
[    0.996232] ata1: SATA max UDMA/133 abar m1024@0xf2408000 port 0xf2408100 irq 28
[    0.996236] ata2: SATA max UDMA/133 abar m1024@0xf2408000 port 0xf2408180 irq 28
[    1.015366] Initializing USB Mass Storage driver...
[    1.015464] scsi2 : SCSI emulation for USB Mass Storage devices
[    1.015575] usbcore: registered new interface driver usb-storage
[    1.015578] USB Mass Storage support registered.
[    1.015643] usb-storage: device found at 2
[    1.015644] usb-storage: waiting for device to settle before scanning
[    1.068561] usb 2-2: new high speed USB device using ehci_hcd and address 2
[    1.205277] usb 2-2: configuration #1 chosen from 1 choice
[    1.416113] ata1: SATA link up 3.0 Gbps (SStatus 123 SControl 300)
[    1.416141] ata2: SATA link up 1.5 Gbps (SStatus 113 SControl 300)
[    1.417439] ata1.00: ATA-8: WDC WD1600BEVT-24A23T0, 01.01A02, max UDMA/133
[    1.417443] ata1.00: 312581808 sectors, multi 16: LBA48 NCQ (depth 31/32), AA
[    1.418951] ata1.00: configured for UDMA/133
[    1.419057] scsi 0:0:0:0: Direct-Access     ATA      WDC WD1600BEVT-2 01.0 PQ: 0 ANSI: 5
[    1.419227] sd 0:0:0:0: Attached scsi generic sg0 type 0
[    1.419323] sd 0:0:0:0: [sda] 312581808 512-byte logical blocks: (160 GB/149 GiB)
[    1.419357] sd 0:0:0:0: [sda] Write Protect is off
[    1.419360] sd 0:0:0:0: [sda] Mode Sense: 00 3a 00 00
[    1.419376] sd 0:0:0:0: [sda] Write cache: enabled, read cache: enabled, doesn't support DPO or FUA
[    1.419504]  sda:
[    1.419527] ata2.00: ATAPI: SlimtypeDVD A DS8A4S, JL61, max UDMA/100, ATAPI AN
[    1.424709] ata2.00: configured for UDMA/100
[    1.431062] scsi 1:0:0:0: CD-ROM            Slimtype DVD A DS8A4S     JL61 PQ: 0 ANSI: 5
[    1.440931] sr0: scsi3-mmc drive: 24x/8x writer dvd-ram cd/rw xa/form2 cdda pop-up
[    1.440936] Uniform CD-ROM driver Revision: 3.20
[    1.441066] sr 1:0:0:0: Attached scsi CD-ROM sr0
[    1.441122] sr 1:0:0:0: Attached scsi generic sg1 type 5
[    1.457955]  sda1 sda2 < sda5 sda6 > sda3
[    1.490672] sd 0:0:0:0: [sda] Attached SCSI disk
[    1.980597] kjournald starting.  Commit interval 5 seconds
[    1.980613] EXT3-fs: mounted filesystem with ordered data mode.
[    4.080511] Adding 975864k swap on /dev/sda5.  Priority:-1 extents:1 across:975864k 
[    4.268899] udev: starting version 151
[    4.482161] EXT3 FS on sda1, internal journal
[    5.266177] type=1505 audit(1283100861.970:2):  operation="profile_load" pid=559 name="/sbin/dhclient3"
[    5.266440] type=1505 audit(1283100861.970:3):  operation="profile_load" pid=559 name="/usr/lib/NetworkManager/nm-dhcp-client.action"
[    5.266585] type=1505 audit(1283100861.970:4):  operation="profile_load" pid=559 name="/usr/lib/connman/scripts/dhclient-script"
[    5.912927] lib80211: common routines for IEEE802.11 drivers
[    5.912931] lib80211_crypt: registered algorithm 'NULL'
[    5.953429] usb-storage: device scan complete
[    5.955879] scsi 2:0:0:0: Direct-Access     Generic- Multi-Card       1.00 PQ: 0 ANSI: 0 CCS
[    5.956277] sd 2:0:0:0: Attached scsi generic sg2 type 0
[    5.964876] sd 2:0:0:0: [sdb] Attached SCSI removable disk
[    6.075831] Linux video capture interface: v2.00
[    6.211539] [Firmware Bug]: ACPI: ACPI brightness control misses _BQC function
[    6.219467] acpi device:02: registered as cooling_device2
[    6.220307] input: Video Bus as /devices/LNXSYSTM:00/LNXSYBUS:00/PNP0A08:00/device:00/LNXVIDEO:00/input/input6
[    6.220444] ACPI: Video Device [VGA] (multi-head: yes  rom: no  post: no)
[    6.707578] input: PS/2 Mouse as /devices/platform/i8042/serio1/input/input7
[    6.735753] input: AlpsPS/2 ALPS GlidePoint as /devices/platform/i8042/serio1/input/input8
[    6.929050] uvcvideo: Found UVC 1.00 device Lenovo EasyCamera (090c:37b1)
[    6.930414] input: Lenovo EasyCamera as /devices/pci0000:00/0000:00:13.2/usb2/2-2/2-2:1.0/input/input9
[    6.930462] usbcore: registered new interface driver uvcvideo
[    6.930465] USB Video Class driver (v0.1.0)
[    7.045236] wl: module license 'MIXED/Proprietary' taints kernel.
[    7.045240] Disabling lock debugging due to kernel taint
[    7.053171] wl 0000:08:00.0: PCI INT A -> GSI 17 (level, low) -> IRQ 17
[    7.053178] wl 0000:08:00.0: setting latency timer to 64
[    7.054007] shpchp 0000:00:01.0: HPC vendor_id 1022 device_id 9602 ss_vid 0 ss_did 0
[    7.054011] shpchp 0000:00:01.0: Cannot reserve MMIO region
[    7.060730] atl1c 0000:09:00.0: PCI INT A -> GSI 18 (level, low) -> IRQ 18
[    7.060742] atl1c 0000:09:00.0: setting latency timer to 64
[    7.152854] atl1c 0000:09:00.0: version 1.0.0.1-NAPI
[    7.382919] lib80211_crypt: registered algorithm 'TKIP'
[    7.383081] eth0: Broadcom BCM4727 802.11 Hybrid Wireless Controller 5.60.48.36 
[    7.383433] piix4_smbus 0000:00:14.0: SMBus Host Controller at 0xb00, revision 0
[    7.383750] shpchp: Standard Hot Plug PCI Controller Driver version: 0.4
[    7.437524] lp: driver loaded but no devices found
[    7.757397] vga16fb: initializing
[    7.757401] vga16fb: mapped to 0xc00a0000
[    7.757470] fb0: VGA16 VGA frame buffer device
[    7.984469] RPC: Registered udp transport module.
[    7.984472] RPC: Registered tcp transport module.
[    7.984474] RPC: Registered tcp NFSv4.1 backchannel transport module.
[    8.057259] kjournald starting.  Commit interval 5 seconds
[    8.057943] EXT3 FS on sda6, internal journal
[    8.057952] EXT3-fs: mounted filesystem with ordered data mode.
[    8.063441] Linux agpgart interface v0.103
[    8.433087] [fglrx] Maximum main memory to use for locked dma buffers: 3372 MBytes.
[    8.433120] [fglrx]   vendor: 1002 device: 9712 count: 1
[    8.433605] [fglrx] ioport: bar 1, base 0x7000, size: 0x100
[    8.433620] pci 0000:01:05.0: PCI INT A -> GSI 18 (level, low) -> IRQ 18
[    8.433624] pci 0000:01:05.0: setting latency timer to 64
[    8.433949] [fglrx] Kernel PAT support is enabled
[    8.433974] [fglrx] module loaded - fglrx 8.72.11 [Apr  8 2010] with 1 minors
[    8.817520] Console: switching to colour frame buffer device 80x30
[    8.978016] Installing knfsd (copyright (C) 1996 okir@monad.swb.de).
[    9.922885] HDA Intel 0000:00:14.2: PCI INT A -> GSI 16 (level, low) -> IRQ 16
[    9.922916] HDA Intel 0000:00:14.2: setting latency timer to 64
[   13.658484] type=1505 audit(1283100870.364:5):  operation="profile_load" pid=918 name="/usr/share/gdm/guest-session/Xsession"
[   13.660058] type=1505 audit(1283100870.364:6):  operation="profile_replace" pid=919 name="/sbin/dhclient3"
[   13.660342] type=1505 audit(1283100870.366:7):  operation="profile_replace" pid=919 name="/usr/lib/NetworkManager/nm-dhcp-client.action"
[   13.660493] type=1505 audit(1283100870.366:8):  operation="profile_replace" pid=919 name="/usr/lib/connman/scripts/dhclient-script"
[   13.852633] type=1505 audit(1283100870.558:9):  operation="profile_load" pid=920 name="/usr/bin/evince"
[   13.856030] type=1505 audit(1283100870.562:10):  operation="profile_load" pid=920 name="/usr/bin/evince-previewer"
[   13.858316] type=1505 audit(1283100870.562:11):  operation="profile_load" pid=920 name="/usr/bin/evince-thumbnailer"
[   14.235205] type=1505 audit(1283100870.938:12):  operation="profile_load" pid=922 name="/usr/lib/cups/backend/cups-pdf"
[   14.235539] type=1505 audit(1283100870.938:13):  operation="profile_load" pid=922 name="/usr/sbin/cupsd"
[   14.263880] type=1505 audit(1283100870.966:14):  operation="profile_load" pid=926 name="/usr/sbin/tcpdump"
[   15.111609]   alloc irq_desc for 29 on node -1
[   15.111612]   alloc kstat_irqs on node -1
[   15.111626] atl1c 0000:09:00.0: irq 29 for MSI/MSI-X
[   15.112023] ADDRCONF(NETDEV_UP): eth1: link is not ready
[   16.343075] kvm: Nested Virtualization enabled
[   18.416130] [fglrx] ATIF platform detected with notification ID: 0x81
[   19.327453] [fglrx] GART Table is not in FRAME_BUFFER range 
[   19.328547]   alloc irq_desc for 30 on node -1
[   19.328550]   alloc kstat_irqs on node -1
[   19.328559] fglrx_pci 0000:01:05.0: irq 30 for MSI/MSI-X
[   19.329309] [fglrx] Firegl kernel thread PID: 1138
[   19.329610] [fglrx] IRQ 30 Enabled
[   19.665389] ppdev: user-space parallel port driver
[   20.568195] [fglrx] Gart USWC size:1100 M.
[   20.568199] [fglrx] Gart cacheable size:436 M.
[   20.568204] [fglrx] Reserved FB block: Shared offset:0, size:1000000 
[   20.568207] [fglrx] Reserved FB block: Unshared offset:fffb000, size:5000 
[   25.526493] eth0: no IPv6 routers present

</pre>