This is a cool little device. It has the ability to be flashed with [[OpenWRT]] firmware. Here's some info from a device running WhiteRussian:
<pre>
df -h
Filesystem                Size      Used Available Use% Mounted on
/dev/root                 1.0M      1.0M         0 100% /rom
/dev/mtdblock/4           2.2M      2.0M    196.0k  91% /
none                      7.0M     36.0k      7.0M   1% /tmp
</pre>

<pre>root@OpenWrt:~# cat /proc/cpuinfo
system type             : Broadcom BCM947XX
processor               : 0
cpu model               : BCM3302 V0.8
BogoMIPS                : 199.47
wait instruction        : no
microsecond timers      : yes
tlb_entries             : 32
extra interrupt vector  : no
hardware watchpoint     : no
VCED exceptions         : not available
VCEI exceptions         : not available</pre>

<pre>root@OpenWrt:~# free
              total         used         free       shared      buffers
  Mem:        14348         9952         4396            0          920
 Swap:            0            0            0
Total:        14348         9952         4396</pre>

<pre>root@OpenWrt:~# dmesg
CPU revision is: 00029008
Primary instruction cache 16kB, physically tagged, 2-way, linesize 16 bytes.
Primary data cache 8kB, 2-way, linesize 16 bytes.
Linux version 2.4.30 (nbd@ux-2y02) (gcc version 3.4.4 (OpenWrt-1.0)) #1 Sun Mar 26 19:02:04 CEST 2006
Setting the PFC value as 0x15
Determined physical RAM map:
 memory: 01000000 @ 00000000 (usable)
On node 0 totalpages: 4096
zone(0): 4096 pages.
zone(1): 0 pages.
zone(2): 0 pages.
Kernel command line: root=/dev/mtdblock2 rootfstype=squashfs,jffs2 init=/etc/preinit noinitrd console=ttyS0,115200
CPU: BCM5352 rev 0 at 200 MHz
Using 100.000 MHz high precision timer.
Calibrating delay loop... 199.47 BogoMIPS
Memory: 14268k/16384k available (1412k kernel code, 2116k reserved, 100k data, 80k init, 0k highmem)
Dentry cache hash table entries: 2048 (order: 2, 16384 bytes)
Inode cache hash table entries: 1024 (order: 1, 8192 bytes)
Mount cache hash table entries: 512 (order: 0, 4096 bytes)
Buffer cache hash table entries: 1024 (order: 0, 4096 bytes)
Page-cache hash table entries: 4096 (order: 2, 16384 bytes)
Checking for 'wait' instruction...  unavailable.
POSIX conformance testing by UNIFIX
PCI: no core
PCI: Fixing up bus 0
Linux NET4.0 for Linux 2.4
Based upon Swansea University Computer Society NET3.039
Initializing RT netlink socket
Starting kswapd
devfs: v1.12c (20020818) Richard Gooch (rgooch@atnf.csiro.au)
devfs: boot_options: 0x1
JFFS2 version 2.1. (C) 2001 Red Hat, Inc., designed by Axis Communications AB.
Squashfs 2.1-r2 (released 2004/12/15) (C) 2002-2004 Phillip Lougher
pty: 256 Unix98 ptys configured
Serial driver version 5.05c (2001-07-08) with MANY_PORTS SHARE_IRQ SERIAL_PCI enabled
ttyS00 at 0xb8000300 (irq = 3) is a 16550A
ttyS01 at 0xb8000400 (irq = 0) is a 16550A
b44.c:v0.93 (Mar, 2004)
PCI: Setting latency timer of device 00:01.0 to 64
eth0: Broadcom 47xx 10/100BaseT Ethernet 00:16:01:11:36:3e
Physically mapped flash: Found an alias at 0x400000 for the chip at 0x0
Physically mapped flash: Found an alias at 0x800000 for the chip at 0x0
Physically mapped flash: Found an alias at 0xc00000 for the chip at 0x0
Physically mapped flash: Found an alias at 0x1000000 for the chip at 0x0
Physically mapped flash: Found an alias at 0x1400000 for the chip at 0x0
Physically mapped flash: Found an alias at 0x1800000 for the chip at 0x0
Physically mapped flash: Found an alias at 0x1c00000 for the chip at 0x0
 Amd/Fujitsu Extended Query Table v1.1 at 0x0040
number of CFI chips: 1
cfi_cmdset_0002: Disabling fast programming due to code brokenness.
Flash device: 0x400000 at 0x1c000000
Creating 5 MTD partitions on "Physically mapped flash":
0x00000000-0x00040000 : "pmon"
0x00040000-0x003f0000 : "linux"
0x000bc400-0x001b6000 : "rootfs"
mtd: partition "rootfs" doesn't start on an erase block boundary -- force read-only
0x003f0000-0x00400000 : "nvram"
0x001c0000-0x003f0000 : "OpenWrt"
Initializing Cryptographic API
NET4: Linux TCP/IP 1.0 for NET4.0
IP Protocols: ICMP, UDP, TCP, IGMP
IP: routing cache hash table of 512 buckets, 4Kbytes
TCP: Hash tables configured (established 1024 bind 2048)
ip_conntrack version 2.1 (5953 buckets, 5953 max) - 328 bytes per conntrack
ip_tables: (C) 2000-2002 Netfilter core team
NET4: Unix domain sockets 1.0/SMP for Linux NET4.0.
NET4: Ethernet Bridge 008 for NET4.0
802.1Q VLAN Support v1.8 Ben Greear <greearb@candelatech.com>
All bugs added by David S. Miller <davem@redhat.com>
VFS: Mounted root (squashfs filesystem) readonly.
Mounted devfs on /dev
Freeing unused kernel memory: 80k freed
Algorithmics/MIPS FPU Emulator v1.5
diag boardtype: 00000467
Probing device eth0: found!
b44: eth0: Link is up at 100 Mbps, full duplex.
b44: eth0: Flow control is off for TX and off for RX.
jffs2.bbc: SIZE compression mode activated.
PCI: Setting latency timer of device 00:05.0 to 64
eth1: Broadcom BCM4318 802.11 Wireless Controller 3.90.37.0
ip_conntrack_pptp version 1.9 loaded
ip_nat_pptp version 1.5 loaded
ip_conntrack_rtsp v0.01 loading
ip_nat_rtsp v0.01 loading
BFL_ENETADM not set in boardflags. Use force=1 to ignore.
device eth0 entered promiscuous mode
vlan0: add 01:00:5e:00:00:01 mcast address to master interface
vlan0: dev_set_promiscuity(master, 1)
vlan0: dev_set_allmulti(master, 1)
device eth1 entered promiscuous mode
br0: port 2(eth1) entering learning state
br0: port 1(vlan0) entering learning state
br0: port 2(eth1) entering forwarding state
br0: topology change detected, propagating
br0: port 1(vlan0) entering forwarding state
br0: topology change detected, propagating
CSLIP: code copyright 1989 Regents of the University of California
PPP generic driver version 2.4.2</pre>

As you can see, its fairly limited. But it is a cheap device (~$50USD) and is a good learning tool.

