{"data":{"markdownRemark":{"html":"<p>Just a quick note, I've been running FreeBSD 6.2-RELEASE FreeBSD 6.2-RELEASE #0 on the intel little valley for several months and it works great. I'm not running X, so I don't know how the video driver works, but for me the network, IDE, and all the basics work. I haven't experienced any problems so far.</p>\n<p>Here's a dmesg:</p>\n<pre class=\"sh\">Copyright (c) 1992-2007 The FreeBSD Project.\nCopyright (c) 1979, 1980, 1983, 1986, 1988, 1989, 1991, 1992, 1993, 1994        The Regents of the University of California. All rights reserved.\nFreeBSD is a registered trademark of The FreeBSD Foundation.\nFreeBSD 6.2-RELEASE #0: Sat Jul 21 04:46:25 UTC 2007:/usr/obj/usr/src/sys/GENERIC\nACPI APIC Table:\n&lt;INTEL  DG965CO &gt;\nTimecounter \"i8254\" frequency 1193182 Hz quality 0\nCPU: Intel(R) Celeron(R) CPU          215  @ 1.33GHz (1333.39-MHz 686-class CPU)  Origin = \"GenuineIntel\"  Id = 0x6e8  Stepping = 8  Features=0xafe9fbff\n&lt;FPU,VME,DE,PSE,TSC,MSR,PAE,MCE,CX8,APIC,SEP,MTRR,PGE,MCA,CMOV,PAT,CLFLUSH,DTS,ACPI,MMX,FXSR,SSE,SSE2,SS,TM,PBE&gt;  Features2=0xc109\n&lt;SSE3,MON,TM2,\n&lt;b14&gt;,\n&lt;b15&gt;&gt;  AMD Features=0x100000\n&lt;NX&gt;\nreal memory  = 1038565376 (990 MB)\navail memory = 1006194688 (959 MB)\nioapic0: Changing APIC ID to 4\nioapic0\n&lt;Version 1.4&gt; irqs 0-23 on motherboard\nkbd1 at kbdmux0\nath_hal: 0.9.17.2 (AR5210, AR5211, AR5212, RF5111, RF5112, RF2413, RF5413)\nacpi0:\n&lt;INTEL DG965CO&gt; on motherboard\nacpi0: Power Button (fixed)\nTimecounter \"ACPI-fast\" frequency 3579545 Hz quality 1000\nacpi_timer0:\n&lt;24-bit timer at 3.579545MHz&gt; port 0x808-0x80b on acpi0\ncpu0:\n&lt;ACPI CPU&gt; on acpi0\nacpi_throttle0:\n&lt;ACPI CPU Throttling&gt; on cpu0\npcib0:\n&lt;ACPI Host-PCI bridge&gt; port 0xcf8-0xcff iomem 0xfff00000-0xffffffff on acpi0\npci0:\n&lt;ACPI PCI bus&gt; on pcib0\npcib1:\n&lt;ACPI PCI-PCI bridge&gt; at device 1.0 on pci0\npci1:\n&lt;ACPI PCI bus&gt; on pcib1\npci1:\n&lt;display, VGA&gt; at device 0.0 (no driver attached)\nisab0:\n&lt;PCI-ISA bridge&gt; at device 2.0 on pci0\nisa0:\n&lt;ISA bus&gt; on isab0\natapci0:\n&lt;SiS 964 UDMA133 controller&gt; port 0x1f0-0x1f7,0x3f6,0x170-0x177,0x376,0x2280-0x228f at device 2.5 on pci0\nata0:\n&lt;ATA channel 0&gt; on atapci0\nata1:\n&lt;ATA channel 1&gt; on atapci0\npci0:\n&lt;multimedia, audio&gt; at device 2.7 (no driver attached)\nohci0:\n&lt;SiS 5571 USB controller&gt; mem 0x4a104000-0x4a104fff irq 20 at device 3.0 on pci0\nohci0: [GIANT-LOCKED]\nusb0: OHCI version 1.0, legacy support\nusb0:\n&lt;SiS 5571 USB controller&gt; on ohci0\nusb0: USB revision 1.0\nuhub0: SiS OHCI root hub, class 9/0, rev 1.00/1.00, addr 1\nuhub0: 3 ports with 3 removable, self powered\nohci1:\n&lt;SiS 5571 USB controller&gt; mem 0x4a103000-0x4a103fff irq 21 at device 3.1 on pci0\nohci1: [GIANT-LOCKED]\nusb1: OHCI version 1.0, legacy support\nusb1:\n&lt;SiS 5571 USB controller&gt; on ohci1\nusb1: USB revision 1.0\nuhub1: SiS OHCI root hub, class 9/0, rev 1.00/1.00, addr 1\nuhub1: 3 ports with 3 removable, self powered\nohci2:\n&lt;SiS 5571 USB controller&gt; mem 0x4a102000-0x4a102fff irq 22 at device 3.2 on pci0\nohci2: [GIANT-LOCKED]\nusb2: OHCI version 1.0, legacy support\nusb2:\n&lt;SiS 5571 USB controller&gt; on ohci2\nusb2: USB revision 1.0\nuhub2: SiS OHCI root hub, class 9/0, rev 1.00/1.00, addr 1\nuhub2: 2 ports with 2 removable, self powered\nehci0:\n&lt;EHCI (generic) USB 2.0 controller&gt; mem 0x4a101000-0x4a101fff irq 23 at device 3.3 on pci0\nehci0: [GIANT-LOCKED]\nusb3: waiting for BIOS to give up control\nusb3: timed out waiting for BIOS\nusb3: EHCI version 1.0\nusb3: companion controllers, 3 ports each: usb0 usb1 usb2\nusb3:\n&lt;EHCI (generic) USB 2.0 controller&gt; on ehci0\nusb3: USB revision 2.0\nuhub3: SiS EHCI root hub, class 9/0, rev 2.00/1.00, addr 1\nuhub3: 8 ports with 8 removable, self powered\nsis0:\n&lt;SiS 900 10/100BaseTX&gt; port 0x2000-0x20ff mem 0x4a100000-0x4a100fff irq 19 at device 4.0 on pci0\nmiibus0:\n&lt;MII bus&gt; on sis0\nukphy0:\n&lt;Generic IEEE 802.3u media interface&gt; on miibus0\nukphy0:  10baseT, 10baseT-FDX, 100baseTX, 100baseTX-FDX, auto\nsis0: Ethernet address:\npcib2:\n&lt;PCI-PCI bridge&gt; at device 31.0 on pci0\npci2:\n&lt;PCI bus&gt; on pcib2\nacpi_button0:\n&lt;Power Button&gt; on acpi0\natkbdc0:\n&lt;Keyboard controller (i8042)&gt; port 0x60,0x64 irq 1 on acpi0\natkbd0:\n&lt;AT Keyboard&gt; irq 1 on atkbdc0\nkbd0 at atkbd0\natkbd0: [GIANT-LOCKED]\nppc0:\n&lt;ECP parallel printer port&gt; port 0x378-0x37f,0x778-0x77b irq 7 on acpi0\nppc0: SMC-like chipset (ECP/EPP/PS2/NIBBLE) in COMPATIBLE mode\nppc0: FIFO with 16/16/9 bytes threshold\nppbus0:\n&lt;Parallel port bus&gt; on ppc0\nplip0:\n&lt;PLIP network interface&gt; on ppbus0\nlpt0:\n&lt;Printer&gt; on ppbus0\nlpt0: Interrupt-driven port\nppi0:\n&lt;Parallel I/O&gt; on ppbus0\nsio0:\n&lt;16550A-compatible COM port&gt; port 0x2f8-0x2ff irq 3 flags 0x10 on acpi0\nsio0: type 16550A\npmtimer0 on isa0\norm0:\n&lt;ISA Option ROMs&gt; at iomem 0xc0000-0xcffff,0xd0000-0xd9fff on isa0\nsc0:\n&lt;System console&gt; at flags 0x100 on isa0\nsc0: VGA\n&lt;16 virtual consoles, flags=0x300&gt;\nvga0:\n&lt;Generic ISA VGA&gt; at port 0x3c0-0x3df iomem 0xa0000-0xbffff on isa0\nTimecounter \"TSC\" frequency 1333387980 Hz quality 800\nTimecounters tick every 1.000 msec\nad0: 76318MB\n&lt;WDC WD800JB-00JJC0 05.01C05&gt; at ata0-master UDMA100\nTrying to mount root from ufs:/dev/ad0s1a\n</pre>\n<p>Â¥</p>","frontmatter":{"title":"FreeBSD on intel s Little Valley D201GLY","date":"August 19th, 2007"}}},"pageContext":{"isCreatedByStatefulCreatePages":false,"slug":"/2007/2007-08-19-freebsd-on-intels-little-valley-d201gly/"}}