<pre>
Linux version 2.6.18-4-486 (Debian 2.6.18.dfsg.1-12) (waldi@debian.org) (gcc version 4.1.2 20061115 (prerelease) (Debian 4.1.1-21)) #1 Mon Mar 26 16:39:10 UTC 2007
BIOS-provided physical RAM map:
 BIOS-e820: 0000000000000000 - 000000000009fc00 (usable)
 BIOS-e820: 000000000009fc00 - 00000000000a0000 (reserved)
 BIOS-e820: 00000000000f0000 - 0000000000100000 (reserved)
 BIOS-e820: 0000000000100000 - 000000001eff0000 (usable)
 BIOS-e820: 000000001eff0000 - 000000001eff3000 (ACPI NVS)
 BIOS-e820: 000000001eff3000 - 000000001f000000 (ACPI data)
 BIOS-e820: 00000000fec00000 - 00000000fec01000 (reserved)
 BIOS-e820: 00000000fee00000 - 00000000fee01000 (reserved)
 BIOS-e820: 00000000ffff0000 - 0000000100000000 (reserved)
495MB LOWMEM available.
found SMP MP-table at 000f5200
On node 0 totalpages: 126960
  DMA zone: 4096 pages, LIFO batch:0
  Normal zone: 122864 pages, LIFO batch:31
DMI 2.3 present.
ACPI: RSDP (v000 AWARD                                 ) @ 0x000f74f0
ACPI: RSDT (v001 AWARD  AWRDACPI 0x42302e31 AWRD 0x00000000) @ 0x1eff3040
ACPI: FADT (v001 AWARD  AWRDACPI 0x42302e31 AWRD 0x00000000) @ 0x1eff30c0
ACPI: SSDT (v001 AWARD  AWRDACPI 0x42302e31 AWRD 0x00000000) @ 0x1eff66c0
ACPI: MADT (v001 AWARD  AWRDACPI 0x42302e31 AWRD 0x00000000) @ 0x1eff6640
ACPI: DSDT (v001 AWARD  AWRDACPI 0x00001000 MSFT 0x0100000e) @ 0x00000000
ACPI: PM-Timer IO Port: 0x1008
ACPI: Local APIC address 0xfee00000
ACPI: LAPIC (acpi_id[0x00] lapic_id[0x00] enabled)
Processor #0 6:8 APIC version 16
ACPI: LAPIC_NMI (acpi_id[0x00] high edge lint[0x1])
ACPI: IOAPIC (id[0x02] address[0xfec00000] gsi_base[0])
IOAPIC[0]: apic_id 2, version 20, address 0xfec00000, GSI 0-23
ACPI: INT_SRC_OVR (bus 0 bus_irq 0 global_irq 2 dfl dfl)
ACPI: INT_SRC_OVR (bus 0 bus_irq 9 global_irq 9 dfl dfl)
ACPI: IRQ0 used by override.
ACPI: IRQ2 used by override.
ACPI: IRQ9 used by override.
Enabling APIC mode:  Flat.  Using 1 I/O APICs
Using ACPI (MADT) for SMP configuration information
Allocating PCI resources starting at 20000000 (gap: 1f000000:dfc00000)
Detected 1000.093 MHz processor.
Built 1 zonelists.  Total pages: 126960
Kernel command line: root=/dev/hda1 ro 
mapped APIC to ffffd000 (fee00000)
mapped IOAPIC to ffffc000 (fec00000)
Enabling fast FPU save and restore... done.
Enabling unmasked SIMD FPU exception support... done.
Initializing CPU#0
PID hash table entries: 2048 (order: 11, 8192 bytes)
Console: colour VGA+ 80x25
Dentry cache hash table entries: 65536 (order: 6, 262144 bytes)
Inode-cache hash table entries: 32768 (order: 5, 131072 bytes)
Memory: 495952k/507840k available (1502k kernel code, 11228k reserved, 601k data, 256k init, 0k highmem)
Checking if this processor honours the WP bit even in supervisor mode... Ok.
Calibrating delay using timer specific routine.. 2001.27 BogoMIPS (lpj=4002552)
Security Framework v1.0.0 initialized
SELinux:  Disabled at boot.
Capability LSM initialized
Mount-cache hash table entries: 512
CPU: After generic identify, caps: 0383fbff c1cbfbff 00000000 00000000 00000000 00000000 00000000
CPU: After vendor identify, caps: 0383fbff c1cbfbff 00000000 00000000 00000000 00000000 00000000
CPU: L1 I Cache: 64K (64 bytes/line), D cache 64K (64 bytes/line)
CPU: L2 Cache: 256K (64 bytes/line)
CPU: After all inits, caps: 0383fbff c1cbfbff 00000000 00000420 00000000 00000000 00000000
Compat vDSO mapped to ffffe000.
CPU: AMD Athlon(tm) Processor stepping 01
Checking 'hlt' instruction... OK.
ACPI: Core revision 20060707
ENABLING IO-APIC IRQs
..TIMER: vector=0x31 apic1=0 pin1=2 apic2=-1 pin2=-1
checking if image is initramfs... it is
Freeing initrd memory: 4243k freed
NET: Registered protocol family 16
EISA bus registered
ACPI: bus type pci registered
PCI: PCI BIOS revision 2.10 entry at 0xfa690, last bus=1
PCI: Using configuration type 1
Setting up standard PCI resources
ACPI: Interpreter enabled
ACPI: Using IOAPIC for interrupt routing
ACPI: PCI Root Bridge [PCI0] (0000:00)
PCI: Probing PCI hardware (bus 00)
ACPI: Assume root bridge [\_SB_.PCI0] bus is 0
Uncovering SIS963 that hid as a SIS503 (compatible=0)
Enabling SiS 96x SMBus.
PCI: Ignoring BAR0-3 of IDE controller 0000:00:02.5
Boot video device is 0000:01:00.0
ACPI: PCI Interrupt Routing Table [\_SB_.PCI0._PRT]
ACPI: PCI Interrupt Link [LNKA] (IRQs 3 4 5 7 9 10 *11 12 14 15)
ACPI: PCI Interrupt Link [LNKB] (IRQs 3 4 5 7 9 10 11 12 14 15) *0, disabled.
ACPI: PCI Interrupt Link [LNKC] (IRQs 3 4 5 7 9 *10 11 12 14 15)
ACPI: PCI Interrupt Link [LNKD] (IRQs 3 4 5 7 9 10 11 12 14 *15)
ACPI: PCI Interrupt Link [LNKE] (IRQs 3 4 5 7 *9 10 11 12 14 15)
ACPI: PCI Interrupt Link [LNKF] (IRQs *3 4 5 7 9 10 11 12 14 15)
ACPI: PCI Interrupt Link [LNKG] (IRQs 3 4 5 7 9 10 11 12 14 15) *0, disabled.
ACPI: PCI Interrupt Link [LNKH] (IRQs 3 4 *5 7 9 10 11 12 14 15)
Linux Plug and Play Support v0.97 (c) Adam Belay
pnp: PnP ACPI init
pnp: PnP ACPI: found 11 devices
PnPBIOS: Disabled by ACPI PNP
PCI: Using ACPI for IRQ routing
PCI: If a device doesn't work, try "pci=routeirq".  If it helps, post a report
PCI: Ignore bogus resource 6 [0:0] of 0000:01:00.0
PCI: Bridge: 0000:00:01.0
  IO window: d000-dfff
  MEM window: ec000000-ec0fffff
  PREFETCH window: e0000000-e7ffffff
NET: Registered protocol family 2
IP route cache hash table entries: 4096 (order: 2, 16384 bytes)
TCP established hash table entries: 16384 (order: 4, 65536 bytes)
TCP bind hash table entries: 8192 (order: 3, 32768 bytes)
TCP: Hash tables configured (established 16384 bind 8192)
TCP reno registered
audit: initializing netlink socket (disabled)
audit(1216678086.136:1): initialized
VFS: Disk quotas dquot_6.5.1
Dquot-cache hash table entries: 1024 (order 0, 4096 bytes)
Initializing Cryptographic API
io scheduler noop registered
io scheduler anticipatory registered
io scheduler deadline registered
io scheduler cfq registered (default)
isapnp: Scanning for PnP cards...
isapnp: No Plug & Play device found
Serial: 8250/16550 driver $Revision: 1.90 $ 4 ports, IRQ sharing enabled
serial8250: ttyS0 at I/O 0x3f8 (irq = 4) is a 16550A
00:07: ttyS0 at I/O 0x3f8 (irq = 4) is a 16550A
RAMDISK driver initialized: 16 RAM disks of 8192K size 1024 blocksize
pnp: Device 00:09 activated.
PNP: PS/2 Controller [PNP0303:PS2K,PNP0f13:PS2M] at 0x60,0x64 irq 1,12
serio: i8042 AUX port at 0x60,0x64 irq 12
serio: i8042 KBD port at 0x60,0x64 irq 1
mice: PS/2 mouse device common for all mice
EISA: Probing bus 0 at eisa.0
Cannot allocate resource for EISA slot 1
Cannot allocate resource for EISA slot 4
EISA: Detected 0 cards.
TCP bic registered
NET: Registered protocol family 1
NET: Registered protocol family 17
NET: Registered protocol family 8
NET: Registered protocol family 20
Using IPI Shortcut mode
ACPI: (supports S0 S5)
Time: tsc clocksource has been installed.
Freeing unused kernel memory: 256k freed
input: AT Translated Set 2 keyboard as /class/input/input0
ACPI: Fan [FAN] (on)
ACPI Error (psargs-0355): [RBYT] Namespace lookup failure, AE_NOT_FOUND
ACPI Error (psparse-0537): Method parse/execution failed [\RTMP] (Node deba9d24), AE_NOT_FOUND
ACPI Error (psparse-0537): Method parse/execution failed [\_TZ_.THRM._TMP] (Node deba9c20), AE_NOT_FOUND
Uniform Multi-Platform E-IDE driver Revision: 7.00alpha2
ide: Assuming 33MHz system bus speed for PIO modes; override with idebus=xx
SIS5513: IDE controller at PCI slot 0000:00:02.5
ACPI: PCI Interrupt 0000:00:02.5[A] -> GSI 16 (level, low) -> IRQ 169
SIS5513: chipset revision 0
SIS5513: not 100% native mode: will probe irqs later
SIS5513: SiS 962/963 MuTIOL IDE UDMA133 controller
    ide0: BM-DMA at 0x4000-0x4007, BIOS settings: hda:DMA, hdb:pio
Probing IDE interface ide0...
usbcore: registered new driver usbfs
usbcore: registered new driver hub
ohci_hcd: 2005 April 22 USB 1.1 'Open' Host Controller (OHCI) Driver (PCI)
via-rhine.c:v1.10-LK1.4.1 July-24-2006 Written by Donald Becker
hda: 512MB ATA Flash Disk, ATA DISK drive
ide0 at 0x1f0-0x1f7,0x3f6 on irq 14
ACPI: PCI Interrupt 0000:00:03.0[A] -> GSI 20 (level, low) -> IRQ 177
ohci_hcd 0000:00:03.0: OHCI Host Controller
ohci_hcd 0000:00:03.0: new USB bus registered, assigned bus number 1
ohci_hcd 0000:00:03.0: irq 177, io mem 0xec100000
hda: max request size: 128KiB
hda: 1000944 sectors (512 MB) w/1KiB Cache, CHS=993/16/63, DMA
hda: cache flushes not supported
 hda: hda1
usb usb1: configuration #1 chosen from 1 choice
hub 1-0:1.0: USB hub found
hub 1-0:1.0: 3 ports detected
ACPI: PCI Interrupt 0000:00:03.1[B] -> GSI 21 (level, low) -> IRQ 185
ohci_hcd 0000:00:03.1: OHCI Host Controller
ohci_hcd 0000:00:03.1: new USB bus registered, assigned bus number 2
ohci_hcd 0000:00:03.1: irq 185, io mem 0xec101000
usb usb2: configuration #1 chosen from 1 choice
hub 2-0:1.0: USB hub found
hub 2-0:1.0: 3 ports detected
ACPI: PCI Interrupt 0000:00:03.2[D] -> GSI 23 (level, low) -> IRQ 193
ehci_hcd 0000:00:03.2: EHCI Host Controller
ehci_hcd 0000:00:03.2: new USB bus registered, assigned bus number 3
PCI: cache line size of 64 is not supported by device 0000:00:03.2
ehci_hcd 0000:00:03.2: irq 193, io mem 0xec102000
ehci_hcd 0000:00:03.2: USB 2.0 started, EHCI 1.00, driver 10 Dec 2004
usb usb3: configuration #1 chosen from 1 choice
hub 3-0:1.0: USB hub found
hub 3-0:1.0: 6 ports detected
ACPI: PCI Interrupt 0000:00:0a.0[A] -> GSI 19 (level, low) -> IRQ 201
eth0: VIA Rhine III at 0x1e400, 00:18:71:86:14:36, IRQ 201.
eth0: MII PHY found at address 1, status 0x786d advertising 05e1 Link 45e1.
kjournald starting.  Commit interval 5 seconds
EXT3-fs: mounted filesystem with ordered data mode.
input: PC Speaker as /class/input/input1
Linux agpgart interface v0.101 (c) Dave Jones
pci_hotplug: PCI Hot Plug PCI Core version: 0.5
shpchp: Standard Hot Plug PCI Controller Driver version: 0.4
sis96x_smbus 0000:00:02.1: SiS96x SMBus base address: 0x10c0
agpgart: Detected SiS 741 chipset
agpgart: AGP aperture is 64M @ 0xe8000000
ACPI: PCI Interrupt 0000:00:02.7[C] -> GSI 18 (level, low) -> IRQ 209
Real Time Clock Driver v1.12ac
intel8x0_measure_ac97_clock: measured 54637 usecs
intel8x0: clocking to 48000
Intel 810 + AC97 Audio, version 1.01, 17:02:08 Mar 26 2007
parport: PnPBIOS parport detected.
parport0: PC-style at 0x378 (0x778), irq 7, dma 3 [PCSPP,TRISTATE,COMPAT,ECP,DMA]
input: ImExPS/2 Generic Explorer Mouse as /class/input/input2
ts: Compaq touchscreen protocol output
EXT3 FS on hda1, internal journal
loop: loaded (max 8 devices)
powernow: PowerNOW! Technology present. Can scale: frequency and voltage.
powernow: SGTC: 13333
powernow: Minimum speed 666 MHz. Maximum speed 1000 MHz.
device-mapper: ioctl: 4.7.0-ioctl (2006-06-24) initialised: dm-devel@redhat.com
eth0: link up, 100Mbps, full-duplex, lpa 0x45E1
ACPI: Power Button (FF) [PWRF]
ACPI: Power Button (CM) [PWRB]
ACPI: Sleep Button (CM) [FUTS]
Time: acpi_pm clocksource has been installed.
i2c /dev entries driver
smsc47m1: Found SMSC LPC47M15x/LPC47M192/LPC47M997
i2c_adapter i2c-0: found SMSC47M192 or SMSC47M997, version 2, stepping A0
</pre>

[[dmesg]]