<pre>
[    0.000000] Linux version 2.6.22.7 (root@evrx-10) (gcc version 4.1.3 20070831 (prerelease) (Ubuntu 4.1.2-16ubuntu1)) #3 Wed Oct 3 18:48:44 EDT 2007 (Ubuntu 2.6.20-16.31-generic)
[    0.000000] BIOS-provided physical RAM map:
[    0.000000]  BIOS-e820: 0000000000000000 - 000000000009dc00 (usable)
[    0.000000]  BIOS-e820: 000000000009dc00 - 00000000000a0000 (reserved)
[    0.000000]  BIOS-e820: 00000000000e0000 - 0000000000100000 (reserved)
[    0.000000]  BIOS-e820: 0000000000100000 - 000000003de90000 (usable)
[    0.000000]  BIOS-e820: 000000003de90000 - 000000003de9e000 (ACPI data)
[    0.000000]  BIOS-e820: 000000003de9e000 - 000000003df00000 (ACPI NVS)
[    0.000000]  BIOS-e820: 000000003df00000 - 0000000040000000 (reserved)
[    0.000000]  BIOS-e820: 00000000fec00000 - 00000000fec10000 (reserved)
[    0.000000]  BIOS-e820: 00000000fee00000 - 00000000fee01000 (reserved)
[    0.000000]  BIOS-e820: 00000000fff00000 - 0000000100000000 (reserved)
[    0.000000] 94MB HIGHMEM available.
[    0.000000] 896MB LOWMEM available.
[    0.000000] Entering add_active_range(0, 0, 253584) 0 entries of 256 used
[    0.000000] Zone PFN ranges:
[    0.000000]   DMA             0 ->     4096
[    0.000000]   Normal       4096 ->   229376
[    0.000000]   HighMem    229376 ->   253584
[    0.000000] early_node_map[1] active PFN ranges
[    0.000000]     0:        0 ->   253584
[    0.000000] On node 0 totalpages: 253584
[    0.000000]   DMA zone: 32 pages used for memmap
[    0.000000]   DMA zone: 0 pages reserved
[    0.000000]   DMA zone: 4064 pages, LIFO batch:0
[    0.000000]   Normal zone: 1760 pages used for memmap
[    0.000000]   Normal zone: 223520 pages, LIFO batch:31
[    0.000000]   HighMem zone: 189 pages used for memmap
[    0.000000]   HighMem zone: 24019 pages, LIFO batch:3
[    0.000000] DMI present.
[    0.000000] ACPI: RSDP 000F7370, 0014 (r0 PTLTD )
[    0.000000] ACPI: RSDT 3DE989D3, 0038 (r1 FICINC FIRST NB  6040000  LTP        0)
[    0.000000] ACPI: FACP 3DE9DAD3, 0074 (r1 VN896  PTLTW     6040000 PTL_    F4240)
[    0.000000] ACPI: DSDT 3DE98A0B, 50C8 (r1  FIC   LM10W     6040000 MSFT  100000E)
[    0.000000] ACPI: FACS 3DE9EFC0, 0040
[    0.000000] ACPI: SSDT 3DE9DB47, 02AB (r1 PPmmRe      PPm  6040000 INTL 20030224)
[    0.000000] ACPI: APIC 3DE9DDF2, 005C (r1 PTLTD       APIC    6040000  LTP        0)
[    0.000000] ACPI: MCFG 3DE9DE4E, 003C (r1 PTLTD    MCFG    6040000  LTP        0)
[    0.000000] ACPI: SLIC 3DE9DE8A, 0176 (r1 FICINC FIRST NB  6040000             0)
[    0.000000] ACPI: PM-Timer IO Port: 0x4008
[    0.000000] Allocating PCI resources starting at 50000000 (gap: 40000000:bec00000)
[    0.000000] Built 1 zonelists.  Total pages: 251603
[    0.000000] Kernel command line: root=UUID=f0074db1-825d-4954-9f1c-4011be2e5e0c ro quiet splash
[    0.000000] Enabling fast FPU save and restore... done.
[    0.000000] Enabling unmasked SIMD FPU exception support... done.
[    0.000000] Initializing CPU#0
[    0.000000] PID hash table entries: 4096 (order: 12, 16384 bytes)
[    0.000000] Detected 1496.469 MHz processor.
[   21.623159] Console: colour VGA+ 80x25
[   21.624256] Dentry cache hash table entries: 131072 (order: 7, 524288 bytes)
[   21.626220] Inode-cache hash table entries: 65536 (order: 6, 262144 bytes)
[   21.681313] Memory: 967584k/1014336k available (1867k kernel code, 46084k reserved, 821k data, 244k init, 96832k highmem)
[   21.681337] virtual kernel memory layout:
[   21.681339]     fixmap  : 0xfffea000 - 0xfffff000   (  84 kB)
[   21.681343]     pkmap   : 0xff800000 - 0xffc00000   (4096 kB)
[   21.681346]     vmalloc : 0xf8800000 - 0xff7fe000   ( 111 MB)
[   21.681350]     lowmem  : 0xc0000000 - 0xf8000000   ( 896 MB)
[   21.681353]       .init : 0xc03a4000 - 0xc03e1000   ( 244 kB)
[   21.681356]       .data : 0xc02d2d77 - 0xc03a02a4   ( 821 kB)
[   21.681360]       .text : 0xc0100000 - 0xc02d2d77   (1867 kB)
[   21.681368] Checking if this processor honours the WP bit even in supervisor mode... Ok.
[   21.761558] Calibrating delay using timer specific routine.. 2994.96 BogoMIPS (lpj=5989921)
[   21.761630] Security Framework v1.0.0 initialized
[   21.761646] SELinux:  Disabled at boot.
[   21.761671] Mount-cache hash table entries: 512
[   21.761891] CPU: After generic identify, caps: a7c9bbff 00100000 00000000 00000000 00000181 00000000 00000000
[   21.761909] CPU: L1 I Cache: 64K (64 bytes/line), D cache 64K (64 bytes/line)
[   21.761915] CPU: L2 Cache: 128K (64 bytes/line)
[   21.761920] CPU: After all inits, caps: 27c9bbff 00100000 00000000 00000000 00000181 00003fcc 00000000
[   21.761942] Compat vDSO mapped to ffffe000.
[   21.761967] CPU: Centaur VIA Esther processor 1500MHz stepping 09
[   21.761979] Checking 'hlt' instruction... OK.
[   21.778580] Early unpacking initramfs... done
[   25.240867] ACPI: Core revision 20070126
[   25.241029] ACPI: Looking for DSDT in initramfs... successfully read 18262 bytes from /DSDT.aml.
[   25.241121] ACPI: Table DSDT replaced by host OS
[   25.241128] ACPI: DSDT 00000000, 4756 (r1  FIC   LM10W     6040000 INTL 20060912)
[   25.244153] ACPI: setting ELCR to 0400 (from 0e08)
[   25.260723] Booting paravirtualized kernel on bare hardware
[   25.260869] Time:  3:16:52  Date: 09/04/107
[   25.260920] NET: Registered protocol family 16
[   25.261082] ACPI: bus type pci registered
[   25.261474] PCI: BIOS BUG #81[49435000] found
[   25.261534] PCI: Using configuration type 1
[   25.261539] Setting up standard PCI resources
[   25.269371] ACPI: EC: Look up EC in DSDT
[   25.475782] ACPI: Interpreter enabled
[   25.475792] ACPI: (supports S0 S3 S4 S5)
[   25.475819] ACPI: Using PIC for interrupt routing
[   25.487109] ACPI: PCI Root Bridge [PCI0] (0000:00)
[   25.487132] PCI: Probing PCI hardware (bus 00)
[   25.489262] PCI: Transparent bridge - 0000:00:13.1
[   25.489354] ACPI: PCI Interrupt Routing Table [\_SB_.PCI0._PRT]
[   25.490035] ACPI: PCI Interrupt Routing Table [\_SB_.PCI0.PEGC._PRT]
[   25.490167] ACPI: PCI Interrupt Routing Table [\_SB_.PCI0.PE0C._PRT]
[   25.490327] ACPI: PCI Interrupt Routing Table [\_SB_.PCI0.SP2P._PRT]
[   25.490560] ACPI: PCI Interrupt Routing Table [\_SB_.PCI0.P2PE._PRT]
[   25.517845] ACPI: PCI Interrupt Link [ALKA] (IRQs 16 17 18 19 20 21 22 23) *9, disabled.
[   25.517989] ACPI: PCI Interrupt Link [ALKB] (IRQs 16 17 18 19 20 21 22 23) *10, disabled.
[   25.518126] ACPI: PCI Interrupt Link [ALKC] (IRQs 22) *11, disabled.
[   25.518257] ACPI: PCI Interrupt Link [ALKD] (IRQs 21) *3, disabled.
[   25.518433] ACPI: PCI Interrupt Link [LNKA] (IRQs *9 10 11 12)
[   25.518599] ACPI: PCI Interrupt Link [LNKB] (IRQs 9 *10 11 12)
[   25.518764] ACPI: PCI Interrupt Link [LNKC] (IRQs 9 10 *11 12)
[   25.518929] ACPI: PCI Interrupt Link [LNKD] (IRQs 9 10 11 12) *3
[   25.519127] ACPI: Power Resource [PFAN] (off)
[   25.519139] Linux Plug and Play Support v0.97 (c) Adam Belay
[   25.519159] pnp: PnP ACPI init
[   25.519177] ACPI: bus type pnp registered
[   25.522747] pnp: PnP ACPI: found 10 devices
[   25.522755] ACPI: ACPI bus type pnp unregistered
[   25.522856] PCI: Using ACPI for IRQ routing
[   25.522864] PCI: If a device doesn't work, try "pci=routeirq".  If it helps, post a report
[   25.523039] NET: Registered protocol family 8
[   25.523044] NET: Registered protocol family 20
[   25.523192] pnp: 00:01: iomem range 0xe0000000-0xefffffff has been reserved
[   25.523200] pnp: 00:01: iomem range 0xf0012000-0xf0012fff has been reserved
[   25.523207] pnp: 00:01: iomem range 0xf0013000-0xf0013fff has been reserved
[   25.523224] pnp: 00:06: iomem range 0x0-0x9ffff could not be reserved
[   25.523231] pnp: 00:06: iomem range 0xc0000-0xcffff could not be reserved
[   25.523238] pnp: 00:06: iomem range 0xe0000-0xfffff could not be reserved
[   25.523246] pnp: 00:06: iomem range 0xe0000000-0xe01010ff has been reserved
[   25.523703] Time: tsc clocksource has been installed.
[   25.553674] PCI: Failed to allocate mem resource #6:10000@c0000000 for 0000:01:00.0
[   25.553739] PCI: Bridge: 0000:00:01.0
[   25.553743]   IO window: disabled.
[   25.553752]   MEM window: c8000000-c8ffffff
[   25.553760]   PREFETCH window: a0000000-bfffffff
[   25.553769] PCI: Bridge: 0000:00:02.0
[   25.553772]   IO window: disabled.
[   25.553779]   MEM window: disabled.
[   25.553785]   PREFETCH window: disabled.
[   25.553793] PCI: Bridge: 0000:00:03.0
[   25.553796]   IO window: disabled.
[   25.553804]   MEM window: disabled.
[   25.553810]   PREFETCH window: disabled.
[   25.553819] PCI: Bridge: 0000:00:13.0
[   25.553822]   IO window: disabled.
[   25.553830]   MEM window: c9000000-c90fffff
[   25.553836]   PREFETCH window: disabled.
[   25.553844] PCI: Bridge: 0000:00:13.1
[   25.553847]   IO window: disabled.
[   25.553854]   MEM window: disabled.
[   25.553860]   PREFETCH window: disabled.
[   25.553893] PCI: Setting latency timer of device 0000:00:01.0 to 64
[   25.553922] ACPI: Unable to derive IRQ for device 0000:00:02.0
[   25.553927] ACPI: PCI Interrupt 0000:00:02.0[A]: no GSI - using IRQ 10
[   25.553934] PCI: setting IRQ 10 as level-triggered
[   25.553943] PCI: Setting latency timer of device 0000:00:02.0 to 64
[   25.553966] ACPI: Unable to derive IRQ for device 0000:00:03.0
[   25.553970] ACPI: PCI Interrupt 0000:00:03.0[A]: no GSI - using IRQ 10
[   25.553979] PCI: Setting latency timer of device 0000:00:03.0 to 64
[   25.553999] PCI: Setting latency timer of device 0000:00:13.0 to 64
[   25.554017] PCI: Setting latency timer of device 0000:00:13.1 to 64
[   25.554063] NET: Registered protocol family 2
[   25.583725] IP route cache hash table entries: 32768 (order: 5, 131072 bytes)
[   25.584028] TCP established hash table entries: 131072 (order: 8, 1048576 bytes)
[   25.586557] TCP bind hash table entries: 65536 (order: 6, 262144 bytes)
[   25.587162] TCP: Hash tables configured (established 131072 bind 65536)
[   25.587170] TCP reno registered
[   25.595914] checking if image is initramfs...<6>Switched to NOHz mode on CPU #0
[   28.918931]  it is
[   32.464659] Freeing initrd memory: 34061k freed
[   32.465126] audit: initializing netlink socket (disabled)
[   32.465149] audit(1191467818.336:1): initialized
[   32.465260] highmem bounce pool size: 64 pages
[   32.465347] VFS: Disk quotas dquot_6.5.1
[   32.465367] Dquot-cache hash table entries: 1024 (order 0, 4096 bytes)
[   32.465452] io scheduler noop registered
[   32.465456] io scheduler anticipatory registered
[   32.465460] io scheduler deadline registered
[   32.465477] io scheduler cfq registered (default)
[   32.465503] PCI: VIA PCI bridge detected. Disabling DAC.
[   40.460623] 0000:00:10.4 EHCI: BIOS handoff failed (BIOS bug ?) 01010001
[   40.460647] Boot video device is 0000:01:00.0
[   40.460864] PCI: Setting latency timer of device 0000:00:02.0 to 64
[   40.460921] assign_interrupt_mode Found MSI capability
[   40.460926] Allocate Port Service[0000:00:02.0:pcie00]
[   40.460982] Allocate Port Service[0000:00:02.0:pcie02]
[   40.461101] PCI: Setting latency timer of device 0000:00:03.0 to 64
[   40.461162] assign_interrupt_mode Found MSI capability
[   40.461167] Allocate Port Service[0000:00:03.0:pcie00]
[   40.461207] Allocate Port Service[0000:00:03.0:pcie02]
[   40.527455] Real Time Clock Driver v1.12ac
[   40.527598] Serial: 8250/16550 driver $Revision: 1.90 $ 4 ports, IRQ sharing enabled
[   40.529927] RAMDISK driver initialized: 16 RAM disks of 65536K size 1024 blocksize
[   40.530229] Uniform Multi-Platform E-IDE driver Revision: 7.00alpha2
[   40.530238] ide: Assuming 33MHz system bus speed for PIO modes; override with idebus=xx
[   40.530627] PNP: PS/2 Controller [PNP0303:PS2K,PNP0f13:PS2M] at 0x60,0x64 irq 1,12
[   40.533859] i8042.c: Detected active multiplexing controller, rev 1.1.
[   40.535099] serio: i8042 KBD port at 0x60,0x64 irq 1
[   40.535108] serio: i8042 AUX0 port at 0x60,0x64 irq 12
[   40.535114] serio: i8042 AUX1 port at 0x60,0x64 irq 12
[   40.535120] serio: i8042 AUX2 port at 0x60,0x64 irq 12
[   40.535126] serio: i8042 AUX3 port at 0x60,0x64 irq 12
[   40.535333] mice: PS/2 mouse device common for all mice
[   40.535621] TCP cubic registered
[   40.535637] NET: Registered protocol family 1
[   40.535670] Using IPI Shortcut mode
[   40.536134]   Magic number: 11:358:259
[   40.536208]   hash matches device ttyx1
[   40.536927] Freeing unused kernel memory: 244k freed
[   40.758672] input: AT Translated Set 2 keyboard as /class/input/input0
[   41.225716] ACPI: Fan [FAN] (on)
[   41.235477] ACPI: CPU0 (power states: C1[C1] C2[C2] C3[C3])
[   41.235489] ACPI: Processor [CPU0] (supports 4 throttling states)
[   41.239090] ACPI Error (psargs-0355): [CFGD] Namespace lookup failure, AE_NOT_FOUND
[   41.239105] ACPI Error (psparse-0551): Method parse/execution failed [\_TZ_.THRM._SCP] (Node c18e0c48), AE_NOT_FOUND
[   41.239818] ACPI: Thermal Zone [THRM] (55 C)
[   42.670928] SCSI subsystem initialized
[   42.754446] libata version 2.21 loaded.
[   42.763117] sata_via 0000:00:0f.0: version 2.2
[   42.763527] ACPI: PCI Interrupt Link [LNKB] enabled at IRQ 10
[   42.763534] ACPI: PCI Interrupt 0000:00:0f.0[B] -> Link [LNKB] -> GSI 10 (level, low) -> IRQ 10
[   42.763607] sata_via 0000:00:0f.0: routed to hard irq line 10
[   42.763620] PCI: Setting latency timer of device 0000:00:0f.0 to 64
[   42.763736] scsi0 : sata_via
[   42.763820] scsi1 : sata_via
[   42.764073] ata1: SATA max UDMA/133 cmd 0x00014cb0 ctl 0x00014ca6 bmdma 0x00014c80 irq 10
[   42.764082] ata2: SATA max UDMA/133 cmd 0x00014ca8 ctl 0x00014ca2 bmdma 0x00014c88 irq 10
[   42.788762] usbcore: registered new interface driver usbfs
[   42.788801] usbcore: registered new interface driver hub
[   42.788828] usbcore: registered new device driver usb
[   42.791565] USB Universal Host Controller Interface driver v3.0
[   42.959678] via-rhine.c:v1.10-LK1.4.3 2007-03-06 Written by Donald Becker
[   42.964567] ata1: SATA link up 1.5 Gbps (SStatus 113 SControl 300)
[   43.149511] ata1.00: ATA-8: FUJITSU MHW2060BH, 00000012, max UDMA/100
[   43.149520] ata1.00: 117210240 sectors, multi 16: LBA48 NCQ (depth 0/32)
[   43.165568] ata1.00: configured for UDMA/100
[   43.368447] ata2: SATA link down 1.5 Gbps (SStatus 0 SControl 300)
[   43.384461] scsi 0:0:0:0: Direct-Access     ATA      FUJITSU MHW2060B 0000 PQ: 0 ANSI: 5
[   43.384818] VP_IDE: IDE controller at PCI slot 0000:00:0f.1
[   43.384972] VP_IDE: chipset revision 7
[   43.384977] VP_IDE: not 100% native mode: will probe irqs later
[   43.384996] VP_IDE: VIA vt8237a (rev 00) IDE UDMA133 controller on pci0000:00:0f.1
[   43.385014]     ide1: BM-DMA at 0x4c98-0x4c9f, BIOS settings: hdc:DMA, hdd:pio
[   43.385035] Probing IDE interface ide1...
[   43.410173] sd 0:0:0:0: [sda] 117210240 512-byte hardware sectors (60012 MB)
[   43.410196] sd 0:0:0:0: [sda] Write Protect is off
[   43.410202] sd 0:0:0:0: [sda] Mode Sense: 00 3a 00 00
[   43.410223] sd 0:0:0:0: [sda] Write cache: enabled, read cache: enabled, doesn't support DPO or FUA
[   43.410320] sd 0:0:0:0: [sda] 117210240 512-byte hardware sectors (60012 MB)
[   43.410333] sd 0:0:0:0: [sda] Write Protect is off
[   43.410338] sd 0:0:0:0: [sda] Mode Sense: 00 3a 00 00
[   43.410356] sd 0:0:0:0: [sda] Write cache: enabled, read cache: enabled, doesn't support DPO or FUA
[   43.410369]  sda: sda1 sda2 <Marking TSC unstable due to: possible TSC halt in C2.
[   21.816000] Time: acpi_pm clocksource has been installed.
[   22.568000] hdc: Optiarc DVD RW AD-5530A, ATAPI CD/DVD-ROM drive
[   22.848000]  sda5 >
[   22.848000] sd 0:0:0:0: [sda] Attached SCSI disk
[   22.856000] sd 0:0:0:0: Attached scsi generic sg0 type 0
[   23.204000] Attempting manual resume
[   23.204000] swsusp: Resume From Partition 8:5
[   23.204000] PM: Checking swsusp image.
[   23.208000] PM: Resume from disk failed.
[   23.244000] ide1 at 0x170-0x177,0x376 on irq 15
[   23.244000] ACPI: PCI Interrupt Link [LNKA] enabled at IRQ 9
[   23.244000] PCI: setting IRQ 9 as level-triggered
[   23.244000] ACPI: PCI Interrupt 0000:00:10.0[A] -> Link [LNKA] -> GSI 9 (level, low) -> IRQ 9
[   23.244000] PCI: Setting latency timer of device 0000:00:10.0 to 64
[   23.244000] uhci_hcd 0000:00:10.0: UHCI Host Controller
[   23.244000] uhci_hcd 0000:00:10.0: new USB bus registered, assigned bus number 1
[   23.244000] uhci_hcd 0000:00:10.0: irq 9, io base 0x00004c00
[   23.244000] usb usb1: configuration #1 chosen from 1 choice
[   23.244000] hub 1-0:1.0: USB hub found
[   23.244000] hub 1-0:1.0: 2 ports detected
[   23.280000] hdc: ATAPI 24X DVD-ROM DVD-R CD-R/RW drive, 2048kB Cache, UDMA(33)
[   23.280000] Uniform CD-ROM driver Revision: 3.20
[   23.316000] kjournald starting.  Commit interval 5 seconds
[   23.316000] EXT3-fs: mounted filesystem with ordered data mode.
[   23.348000] ACPI: PCI Interrupt 0000:00:10.1[B] -> Link [LNKB] -> GSI 10 (level, low) -> IRQ 10
[   23.348000] PCI: Setting latency timer of device 0000:00:10.1 to 64
[   23.348000] uhci_hcd 0000:00:10.1: UHCI Host Controller
[   23.348000] uhci_hcd 0000:00:10.1: new USB bus registered, assigned bus number 2
[   23.348000] uhci_hcd 0000:00:10.1: irq 10, io base 0x00004c20
[   23.348000] usb usb2: configuration #1 chosen from 1 choice
[   23.348000] hub 2-0:1.0: USB hub found
[   23.348000] hub 2-0:1.0: 2 ports detected
[   23.452000] ACPI: PCI Interrupt Link [LNKC] enabled at IRQ 11
[   23.452000] PCI: setting IRQ 11 as level-triggered
[   23.452000] ACPI: PCI Interrupt 0000:00:10.2[C] -> Link [LNKC] -> GSI 11 (level, low) -> IRQ 11
[   23.452000] PCI: Setting latency timer of device 0000:00:10.2 to 64
[   23.452000] uhci_hcd 0000:00:10.2: UHCI Host Controller
[   23.452000] uhci_hcd 0000:00:10.2: new USB bus registered, assigned bus number 3
[   23.452000] uhci_hcd 0000:00:10.2: irq 11, io base 0x00004c40
[   23.452000] usb usb3: configuration #1 chosen from 1 choice
[   23.452000] hub 3-0:1.0: USB hub found
[   23.452000] hub 3-0:1.0: 2 ports detected
[   23.556000] ACPI: PCI Interrupt Link [LNKD] enabled at IRQ 11
[   23.556000] ACPI: PCI Interrupt 0000:00:10.3[D] -> Link [LNKD] -> GSI 11 (level, low) -> IRQ 11
[   23.556000] PCI: VIA VLink IRQ fixup for 0000:00:10.3, from 3 to 11
[   23.556000] PCI: Setting latency timer of device 0000:00:10.3 to 64
[   23.556000] uhci_hcd 0000:00:10.3: UHCI Host Controller
[   23.556000] uhci_hcd 0000:00:10.3: new USB bus registered, assigned bus number 4
[   23.556000] uhci_hcd 0000:00:10.3: irq 11, io base 0x00004c60
[   23.556000] usb usb4: configuration #1 chosen from 1 choice
[   23.556000] hub 4-0:1.0: USB hub found
[   23.556000] hub 4-0:1.0: 2 ports detected
[   23.660000] ACPI: PCI Interrupt 0000:00:10.4[C] -> Link [LNKC] -> GSI 11 (level, low) -> IRQ 11
[   23.660000] PCI: Setting latency timer of device 0000:00:10.4 to 64
[   23.660000] ehci_hcd 0000:00:10.4: EHCI Host Controller
[   23.660000] ehci_hcd 0000:00:10.4: new USB bus registered, assigned bus number 5
[   23.660000] ehci_hcd 0000:00:10.4: irq 11, io mem 0xc9300000
[   23.660000] ehci_hcd 0000:00:10.4: USB 2.0 started, EHCI 1.00, driver 10 Dec 2004
[   23.660000] usb usb5: configuration #1 chosen from 1 choice
[   23.660000] hub 5-0:1.0: USB hub found
[   23.660000] hub 5-0:1.0: 8 ports detected
[   23.764000] ACPI: PCI Interrupt 0000:00:12.0[A] -> Link [LNKA] -> GSI 9 (level, low) -> IRQ 9
[   23.768000] eth0: VIA Rhine II at 0x14800, 00:14:0b:0e:4d:c1, IRQ 9.
[   23.768000] eth0: MII PHY found at address 1, status 0x786d advertising 05e1 Link 45e1.
[   30.228000] eth0: link up, 100Mbps, full-duplex, lpa 0x45E1
[   31.332000] NET: Registered protocol family 17
[   33.220000] pci_hotplug: PCI Hot Plug PCI Core version: 0.5
[   33.248000] shpchp: Standard Hot Plug PCI Controller Driver version: 0.4
[   36.188000] input: PC Speaker as /class/input/input1
[   36.484000] input: PS/2 Mouse as /class/input/input2
[   36.500000] input: AlpsPS/2 ALPS GlidePoint as /class/input/input3
[   37.260000] ACPI: PCI Interrupt 0000:04:01.0[A] -> Link [LNKB] -> GSI 10 (level, low) -> IRQ 10
[   37.260000] PCI: Setting latency timer of device 0000:04:01.0 to 64
[   38.256000] fuse init (API version 7.8)
[   38.404000] lp: driver loaded but no devices found
[   38.448000] VIA RNG detected
[   38.520000] Adding 2441840k swap on /dev/disk/by-uuid/e1d67e6d-dbf4-41f6-8577-b3987f0da7c4.  Priority:-1 extents:1 across:2441840k
[   38.692000] EXT3 FS on sda1, internal journal
[   41.544000] ACPI: Battery Slot [BAT0] (battery present)
[   41.572000] No dock devices found.
[   41.604000] ACPI: Video Device [VGA] (multi-head: yes  rom: no  post: no)
[   41.724000] ACPI: AC Adapter [ACAD] (on-line)
[   41.888000] input: Power Button (FF) as /class/input/input4
[   41.896000] ACPI: Power Button (FF) [PWRF]
[   41.972000] input: Power Button (CM) as /class/input/input5
[   41.972000] ACPI: Power Button (CM) [PWRB]
[   42.008000] input: Lid Switch as /class/input/input6
[   42.008000] ACPI: Lid Switch [LID]
[   45.740000] apm: BIOS not found.
[   47.364000] Clocksource tsc unstable (delta = -233384851 ns)
</pre>